Component: ARM Compiler 5.06 update 7 (build 960) Tool: armlink [4d3601]

==============================================================================

Section Cross References

    main.o(.text) refers to _printf_pad.o(.text) for _printf_pre_padding
    main.o(.text) refers to _printf_percent.o(.ARM.Collect$$_printf_percent$$00000000) for _printf_percent
    main.o(.text) refers to _printf_f.o(.ARM.Collect$$_printf_percent$$00000003) for _printf_f
    main.o(.text) refers to _printf_c.o(.ARM.Collect$$_printf_percent$$00000013) for _printf_c
    main.o(.text) refers to printf1.o(x$fpl$printf1) for _printf_fp_dec
    main.o(.text) refers to _printf_str.o(.text) for _printf_str
    main.o(.text) refers to _printf_d.o(.ARM.Collect$$_printf_percent$$00000009) for _printf_d
    main.o(.text) refers to _printf_dec.o(.text) for _printf_int_dec
    main.o(.text) refers to _printf_s.o(.ARM.Collect$$_printf_percent$$00000014) for _printf_s
    main.o(.text) refers to delay.o(.text) for delay_ms
    main.o(.text) refers to f2d.o(x$fpl$f2d) for __aeabi_f2d
    main.o(.text) refers to __2sprintf.o(.text) for __2sprintf
    main.o(.text) refers to usart2.o(.text) for u2_printf
    main.o(.text) refers to lcd.o(.text) for LCD_ShowString
    main.o(.text) refers to dht11.o(.text) for DHT11_Read_Data
    main.o(.text) refers to main.o(.bss) for gpsx
    main.o(.text) refers to main.o(.data) for temperature
    main.o(.text) refers to lcd.o(.data) for POINT_COLOR
    main.o(.text) refers to ff.o(.text) for f_opendir
    main.o(.text) refers to malloc.o(.text) for mymalloc
    main.o(.text) refers to exfuns.o(.text) for f_typetell
    main.o(.text) refers to misc.o(.text) for NVIC_PriorityGroupConfig
    main.o(.text) refers to w25qxx.o(.text) for W25QXX_Init
    main.o(.text) refers to fontupd.o(.text) for font_init
    main.o(.text) refers to text.o(.text) for Show_Str
    main.o(.text) refers to piclib.o(.text) for piclib_init
    main.o(.text) refers to strcpy.o(.text) for strcpy
    main.o(.text) refers to strcat.o(.text) for strcat
    main.o(.text) refers to usart.o(.text) for uart_init
    main.o(.text) refers to led.o(.text) for LED_Init
    main.o(.text) refers to key.o(.text) for KEY_Init
    main.o(.text) refers to beep.o(.text) for BEEP_Init
    main.o(.text) refers to exti.o(.text) for EXTIX_Init
    main.o(.text) refers to usart3.o(.text) for usart3_init
    main.o(.text) refers to timer.o(.text) for TIM3_Int_Init
    main.o(.text) refers to iwdg.o(.text) for IWDG_Init
    main.o(.text) refers to exfuns.o(.data) for fs
    main.o(.text) refers to lcd.o(.bss) for lcddev
    main.o(.text) refers to exti.o(.data) for KEY_value
    main.o(.text) refers to usmart_config.o(.data) for usmart_dev
    main.o(.text) refers to gps.o(.text) for SkyTra_Cfg_Rate
    main.o(.text) refers to usart3.o(.data) for USART3_RX_STA
    main.o(.text) refers to usart3.o(.bss) for USART3_RX_BUF
    main.o(.data) refers to main.o(.conststring) for .conststring
    system_stm32f4xx.o(.text) refers to system_stm32f4xx.o(.data) for SystemCoreClock
    led.o(.text) refers to stm32f4xx_rcc.o(.text) for RCC_AHB1PeriphClockCmd
    led.o(.text) refers to stm32f4xx_gpio.o(.text) for GPIO_Init
    lcd.o(.text) refers to _printf_percent.o(.ARM.Collect$$_printf_percent$$00000000) for _printf_percent
    lcd.o(.text) refers to _printf_x.o(.ARM.Collect$$_printf_percent$$0000000C) for _printf_x
    lcd.o(.text) refers to _printf_hex_int_ll_ptr.o(.text) for _printf_longlong_hex
    lcd.o(.text) refers to delay.o(.text) for delay_us
    lcd.o(.text) refers to lcd.o(.bss) for lcddev
    lcd.o(.text) refers to lcd.o(.data) for POINT_COLOR
    lcd.o(.text) refers to dflt_clz.o(x$fpl$dfltu) for __aeabi_ui2d
    lcd.o(.text) refers to dmul.o(x$fpl$dmul) for __aeabi_dmul
    lcd.o(.text) refers to dfixu.o(x$fpl$dfixu) for __aeabi_d2uiz
    lcd.o(.text) refers to stm32f4xx_rcc.o(.text) for RCC_AHB1PeriphClockCmd
    lcd.o(.text) refers to stm32f4xx_gpio.o(.text) for GPIO_Init
    lcd.o(.text) refers to stm32f4xx_fsmc.o(.text) for FSMC_NORSRAMInit
    lcd.o(.text) refers to __2printf.o(.text) for __2printf
    lcd.o(.text) refers to lcd.o(.constdata) for asc2_1206
    key.o(.text) refers to stm32f4xx_rcc.o(.text) for RCC_AHB1PeriphClockCmd
    key.o(.text) refers to stm32f4xx_gpio.o(.text) for GPIO_Init
    spi.o(.text) refers to stm32f4xx_spi.o(.text) for SPI_I2S_GetFlagStatus
    spi.o(.text) refers to stm32f4xx_rcc.o(.text) for RCC_AHB1PeriphClockCmd
    spi.o(.text) refers to stm32f4xx_gpio.o(.text) for GPIO_Init
    w25qxx.o(.text) refers to _printf_percent.o(.ARM.Collect$$_printf_percent$$00000000) for _printf_percent
    w25qxx.o(.text) refers to _printf_x.o(.ARM.Collect$$_printf_percent$$0000000C) for _printf_x
    w25qxx.o(.text) refers to _printf_hex_int_ll_ptr.o(.text) for _printf_longlong_hex
    w25qxx.o(.text) refers to spi.o(.text) for SPI1_ReadWriteByte
    w25qxx.o(.text) refers to stm32f4xx_rcc.o(.text) for RCC_AHB1PeriphClockCmd
[...]
    RCC_APB1PeriphClockLPModeCmd             0x0800a813   Thumb Code    34  stm32f4xx_rcc.o(.text)
    RCC_APB2PeriphClockLPModeCmd             0x0800a835   Thumb Code    34  stm32f4xx_rcc.o(.text)
    RCC_LSEModeConfig                        0x0800a857   Thumb Code    40  stm32f4xx_rcc.o(.text)
    RCC_ITConfig                             0x0800a87f   Thumb Code    34  stm32f4xx_rcc.o(.text)
    RCC_ClearFlag                            0x0800a8a1   Thumb Code    18  stm32f4xx_rcc.o(.text)
    RCC_GetITStatus                          0x0800a8b3   Thumb Code    22  stm32f4xx_rcc.o(.text)
    RCC_ClearITPendingBit                    0x0800a8c9   Thumb Code     8  stm32f4xx_rcc.o(.text)
    SDIO_DeInit                              0x0800a8d5   Thumb Code    22  stm32f4xx_sdio.o(.text)
    SDIO_Init                                0x0800a8eb   Thumb Code    42  stm32f4xx_sdio.o(.text)
    SDIO_StructInit                          0x0800a915   Thumb Code    16  stm32f4xx_sdio.o(.text)
    SDIO_ClockCmd                            0x0800a925   Thumb Code     6  stm32f4xx_sdio.o(.text)
    SDIO_SetPowerState                       0x0800a92b   Thumb Code     8  stm32f4xx_sdio.o(.text)
    SDIO_GetPowerState                       0x0800a933   Thumb Code    12  stm32f4xx_sdio.o(.text)
    SDIO_SendCommand                         0x0800a93f   Thumb Code    42  stm32f4xx_sdio.o(.text)
    SDIO_CmdStructInit                       0x0800a969   Thumb Code    14  stm32f4xx_sdio.o(.text)
    SDIO_GetCommandResponse                  0x0800a977   Thumb Code    10  stm32f4xx_sdio.o(.text)
    SDIO_GetResponse                         0x0800a981   Thumb Code    22  stm32f4xx_sdio.o(.text)
    SDIO_DataConfig                          0x0800a997   Thumb Code    48  stm32f4xx_sdio.o(.text)
    SDIO_DataStructInit                      0x0800a9c7   Thumb Code    20  stm32f4xx_sdio.o(.text)
    SDIO_GetDataCounter                      0x0800a9db   Thumb Code     8  stm32f4xx_sdio.o(.text)
    SDIO_ReadData                            0x0800a9e3   Thumb Code     8  stm32f4xx_sdio.o(.text)
    SDIO_WriteData                           0x0800a9eb   Thumb Code     8  stm32f4xx_sdio.o(.text)
    SDIO_GetFIFOCount                        0x0800a9f3   Thumb Code     8  stm32f4xx_sdio.o(.text)
    SDIO_StartSDIOReadWait                   0x0800a9fb   Thumb Code     6  stm32f4xx_sdio.o(.text)
    SDIO_StopSDIOReadWait                    0x0800aa01   Thumb Code     8  stm32f4xx_sdio.o(.text)
    SDIO_SetSDIOReadWaitMode                 0x0800aa09   Thumb Code     8  stm32f4xx_sdio.o(.text)
    SDIO_SetSDIOOperation                    0x0800aa11   Thumb Code     8  stm32f4xx_sdio.o(.text)
    SDIO_SendSDIOSuspendCmd                  0x0800aa19   Thumb Code     6  stm32f4xx_sdio.o(.text)
    SDIO_CommandCompletionCmd                0x0800aa1f   Thumb Code     8  stm32f4xx_sdio.o(.text)
    SDIO_CEATAITCmd                          0x0800aa27   Thumb Code    12  stm32f4xx_sdio.o(.text)
    SDIO_SendCEATACmd                        0x0800aa33   Thumb Code     8  stm32f4xx_sdio.o(.text)
    SDIO_DMACmd                              0x0800aa3b   Thumb Code     8  stm32f4xx_sdio.o(.text)
    SDIO_ITConfig                            0x0800aa43   Thumb Code    34  stm32f4xx_sdio.o(.text)
    SDIO_GetFlagStatus                       0x0800aa65   Thumb Code    22  stm32f4xx_sdio.o(.text)
    SDIO_ClearFlag                           0x0800aa7b   Thumb Code     8  stm32f4xx_sdio.o(.text)
    SDIO_GetITStatus                         0x0800aa83   Thumb Code    22  stm32f4xx_sdio.o(.text)
    SDIO_ClearITPendingBit                   0x0800aa99   Thumb Code     8  stm32f4xx_sdio.o(.text)
    SYSCFG_DeInit                            0x0800aab1   Thumb Code    22  stm32f4xx_syscfg.o(.text)
    SYSCFG_MemoryRemapConfig                 0x0800aac7   Thumb Code     6  stm32f4xx_syscfg.o(.text)
    SYSCFG_MemorySwappingBank                0x0800aacd   Thumb Code     6  stm32f4xx_syscfg.o(.text)
    SYSCFG_EXTILineConfig                    0x0800aad3   Thumb Code    66  stm32f4xx_syscfg.o(.text)
    SYSCFG_ETH_MediaInterfaceConfig          0x0800ab15   Thumb Code     8  stm32f4xx_syscfg.o(.text)
    SYSCFG_CompensationCellCmd               0x0800ab1d   Thumb Code     6  stm32f4xx_syscfg.o(.text)
    SYSCFG_GetCompensationCellStatus         0x0800ab23   Thumb Code    22  stm32f4xx_syscfg.o(.text)
    USART_DeInit                             0x0800ab45   Thumb Code   206  stm32f4xx_usart.o(.text)
    USART_Init                               0x0800ac13   Thumb Code   204  stm32f4xx_usart.o(.text)
    USART_StructInit                         0x0800acdf   Thumb Code    24  stm32f4xx_usart.o(.text)
    USART_ClockInit                          0x0800acf7   Thumb Code    32  stm32f4xx_usart.o(.text)
    USART_ClockStructInit                    0x0800ad17   Thumb Code    12  stm32f4xx_usart.o(.text)
    USART_Cmd                                0x0800ad23   Thumb Code    24  stm32f4xx_usart.o(.text)
    USART_SetPrescaler                       0x0800ad3b   Thumb Code    16  stm32f4xx_usart.o(.text)
    USART_OverSampling8Cmd                   0x0800ad4b   Thumb Code    22  stm32f4xx_usart.o(.text)
    USART_OneBitMethodCmd                    0x0800ad61   Thumb Code    24  stm32f4xx_usart.o(.text)
    USART_SendData                           0x0800ad79   Thumb Code     8  stm32f4xx_usart.o(.text)
    USART_ReceiveData                        0x0800ad81   Thumb Code    10  stm32f4xx_usart.o(.text)
    USART_SetAddress                         0x0800ad8b   Thumb Code    18  stm32f4xx_usart.o(.text)
    USART_ReceiverWakeUpCmd                  0x0800ad9d   Thumb Code    24  stm32f4xx_usart.o(.text)
    USART_WakeUpConfig                       0x0800adb5   Thumb Code    18  stm32f4xx_usart.o(.text)
    USART_LINBreakDetectLengthConfig         0x0800adc7   Thumb Code    18  stm32f4xx_usart.o(.text)
    USART_LINCmd                             0x0800add9   Thumb Code    24  stm32f4xx_usart.o(.text)
    USART_SendBreak                          0x0800adf1   Thumb Code    10  stm32f4xx_usart.o(.text)
    USART_HalfDuplexCmd                      0x0800adfb   Thumb Code    24  stm32f4xx_usart.o(.text)
    USART_SetGuardTime                       0x0800ae13   Thumb Code    16  stm32f4xx_usart.o(.text)
    USART_SmartCardCmd                       0x0800ae23   Thumb Code    24  stm32f4xx_usart.o(.text)
    USART_SmartCardNACKCmd                   0x0800ae3b   Thumb Code    24  stm32f4xx_usart.o(.text)
    USART_IrDAConfig                         0x0800ae53   Thumb Code    18  stm32f4xx_usart.o(.text)
    USART_IrDACmd                            0x0800ae65   Thumb Code    24  stm32f4xx_usart.o(.text)
    USART_DMACmd                             0x0800ae7d   Thumb Code    18  stm32f4xx_usart.o(.text)
    USART_ITConfig                           0x0800ae8f   Thumb Code    74  stm32f4xx_usart.o(.text)
    USART_GetFlagStatus                      0x0800aed9   Thumb Code    26  stm32f4xx_usart.o(.text)
    USART_ClearFlag                          0x0800aef3   Thumb Code    18  stm32f4xx_usart.o(.text)
    USART_GetITStatus                        0x0800af05   Thumb Code   118  stm32f4xx_usart.o(.text)
    USART_ClearITPendingBit                  0x0800af7b   Thumb Code    30  stm32f4xx_usart.o(.text)
    SPI_I2S_DeInit                           0x0800af99   Thumb Code   152  stm32f4xx_spi.o(.text)
    SPI_Init                                 0x0800b031   Thumb Code    60  stm32f4xx_spi.o(.text)
    I2S_Init                                 0x0800b06d   Thumb Code   396  stm32f4xx_spi.o(.text)
    SPI_StructInit                           0x0800b1f9   Thumb Code    24  stm32f4xx_spi.o(.text)
    I2S_StructInit                           0x0800b211   Thumb Code    20  stm32f4xx_spi.o(.text)
    SPI_Cmd                                  0x0800b225   Thumb Code    24  stm32f4xx_spi.o(.text)
    I2S_Cmd                                  0x0800b23d   Thumb Code    24  stm32f4xx_spi.o(.text)
    SPI_DataSizeConfig                       0x0800b255   Thumb Code    18  stm32f4xx_spi.o(.text)
    SPI_BiDirectionalLineConfig              0x0800b267   Thumb Code    28  stm32f4xx_spi.o(.text)
    SPI_NSSInternalSoftwareConfig            0x0800b283   Thumb Code    30  stm32f4xx_spi.o(.text)
    SPI_SSOutputCmd                          0x0800b2a1   Thumb Code    24  stm32f4xx_spi.o(.text)
    SPI_TIModeCmd                            0x0800b2b9   Thumb Code    24  stm32f4xx_spi.o(.text)
    I2S_FullDuplexConfig                     0x0800b2d1   Thumb Code    80  stm32f4xx_spi.o(.text)
    SPI_I2S_ReceiveData                      0x0800b321   Thumb Code     6  stm32f4xx_spi.o(.text)
    SPI_I2S_SendData                         0x0800b327   Thumb Code     4  stm32f4xx_spi.o(.text)
    SPI_CalculateCRC                         0x0800b32b   Thumb Code    24  stm32f4xx_spi.o(.text)
    SPI_TransmitCRC                          0x0800b343   Thumb Code    10  stm32f4xx_spi.o(.text)
    SPI_GetCRC                               0x0800b34d   Thumb Code    16  stm32f4xx_spi.o(.text)
    SPI_GetCRCPolynomial                     0x0800b35d   Thumb Code     6  stm32f4xx_spi.o(.text)
    SPI_I2S_DMACmd                           0x0800b363   Thumb Code    18  stm32f4xx_spi.o(.text)
    SPI_I2S_ITConfig                         0x0800b375   Thumb Code    68  stm32f4xx_spi.o(.text)
    SPI_I2S_GetFlagStatus                    0x0800b3b9   Thumb Code    18  stm32f4xx_spi.o(.text)
    SPI_I2S_ClearFlag                        0x0800b3cb   Thumb Code     6  stm32f4xx_spi.o(.text)
    SPI_I2S_GetITStatus                      0x0800b3d1   Thumb Code    52  stm32f4xx_spi.o(.text)
    SPI_I2S_ClearITPendingBit                0x0800b405   Thumb Code    20  stm32f4xx_spi.o(.text)
    TIM_DeInit                               0x0800b419   Thumb Code   346  stm32f4xx_tim.o(.text)
    TIM_TimeBaseInit                         0x0800b573   Thumb Code   104  stm32f4xx_tim.o(.text)
    TIM_TimeBaseStructInit                   0x0800b5db   Thumb Code    18  stm32f4xx_tim.o(.text)
    TIM_PrescalerConfig                      0x0800b5ed   Thumb Code     6  stm32f4xx_tim.o(.text)
    TIM_CounterModeConfig                    0x0800b5f3   Thumb Code    18  stm32f4xx_tim.o(.text)
    TIM_SetCounter                           0x0800b605   Thumb Code     4  stm32f4xx_tim.o(.text)
    TIM_SetAutoreload                        0x0800b609   Thumb Code     4  stm32f4xx_tim.o(.text)
    TIM_GetCounter                           0x0800b60d   Thumb Code     6  stm32f4xx_tim.o(.text)
    TIM_GetPrescaler                         0x0800b613   Thumb Code     6  stm32f4xx_tim.o(.text)
    TIM_UpdateDisableConfig                  0x0800b619   Thumb Code    24  stm32f4xx_tim.o(.text)
    TIM_UpdateRequestConfig                  0x0800b631   Thumb Code    24  stm32f4xx_tim.o(.text)
    TIM_ARRPreloadConfig                     0x0800b649   Thumb Code    24  stm32f4xx_tim.o(.text)
    TIM_SelectOnePulseMode                   0x0800b661   Thumb Code    18  stm32f4xx_tim.o(.text)
    TIM_SetClockDivision                     0x0800b673   Thumb Code    18  stm32f4xx_tim.o(.text)
    TIM_Cmd                                  0x0800b685   Thumb Code    24  stm32f4xx_tim.o(.text)
    TIM_OC1Init                              0x0800b69d   Thumb Code   114  stm32f4xx_tim.o(.text)
    TIM_OC2Init                              0x0800b70f   Thumb Code   154  stm32f4xx_tim.o(.text)
    TIM_OC3Init                              0x0800b7a9   Thumb Code   204  stm32f4xx_tim.o(.text)
    TIM_OC4Init                              0x0800b875   Thumb Code   112  stm32f4xx_tim.o(.text)
    TIM_OCStructInit                         0x0800b8e5   Thumb Code    20  stm32f4xx_tim.o(.text)
    TIM_SelectOCxM                           0x0800b8f9   Thumb Code    86  stm32f4xx_tim.o(.text)
    TIM_SetCompare1                          0x0800b94f   Thumb Code     4  stm32f4xx_tim.o(.text)
    TIM_SetCompare2                          0x0800b953   Thumb Code     4  stm32f4xx_tim.o(.text)
    TIM_SetCompare3                          0x0800b957   Thumb Code     4  stm32f4xx_tim.o(.text)
    TIM_SetCompare4                          0x0800b95b   Thumb Code     4  stm32f4xx_tim.o(.text)
    TIM_ForcedOC1Config                      0x0800b95f   Thumb Code    18  stm32f4xx_tim.o(.text)
    TIM_ForcedOC2Config                      0x0800b971   Thumb Code    26  stm32f4xx_tim.o(.text)
    TIM_ForcedOC3Config                      0x0800b98b   Thumb Code    18  stm32f4xx_tim.o(.text)
    TIM_ForcedOC4Config                      0x0800b99d   Thumb Code    26  stm32f4xx_tim.o(.text)
    TIM_OC1PreloadConfig                     0x0800b9b7   Thumb Code    18  stm32f4xx_tim.o(.text)
    TIM_OC2PreloadConfig                     0x0800b9c9   Thumb Code    26  stm32f4xx_tim.o(.text)
    TIM_OC3PreloadConfig                     0x0800b9e3   Thumb Code    18  stm32f4xx_tim.o(.text)
    TIM_OC4PreloadConfig                     0x0800b9f5   Thumb Code    26  stm32f4xx_tim.o(.text)
    TIM_OC1FastConfig                        0x0800ba0f   Thumb Code    18  stm32f4xx_tim.o(.text)
    TIM_OC2FastConfig                        0x0800ba21   Thumb Code    26  stm32f4xx_tim.o(.text)
    TIM_OC3FastConfig                        0x0800ba3b   Thumb Code    18  stm32f4xx_tim.o(.text)
    TIM_OC4FastConfig                        0x0800ba4d   Thumb Code    26  stm32f4xx_tim.o(.text)
    TIM_ClearOC1Ref                          0x0800ba67   Thumb Code    18  stm32f4xx_tim.o(.text)
    TIM_ClearOC2Ref                          0x0800ba79   Thumb Code    24  stm32f4xx_tim.o(.text)
    TIM_ClearOC3Ref                          0x0800ba91   Thumb Code    18  stm32f4xx_tim.o(.text)
    TIM_ClearOC4Ref                          0x0800baa3   Thumb Code    24  stm32f4xx_tim.o(.text)
    TIM_OC1PolarityConfig                    0x0800babb   Thumb Code    18  stm32f4xx_tim.o(.text)
    TIM_OC1NPolarityConfig                   0x0800bacd   Thumb Code    18  stm32f4xx_tim.o(.text)
    TIM_OC2PolarityConfig                    0x0800badf   Thumb Code    26  stm32f4xx_tim.o(.text)
    TIM_OC2NPolarityConfig                   0x0800baf9   Thumb Code    26  stm32f4xx_tim.o(.text)
    TIM_OC3PolarityConfig                    0x0800bb13   Thumb Code    26  stm32f4xx_tim.o(.text)
    TIM_OC3NPolarityConfig                   0x0800bb2d   Thumb Code    26  stm32f4xx_tim.o(.text)
    TIM_OC4PolarityConfig                    0x0800bb47   Thumb Code    26  stm32f4xx_tim.o(.text)
    TIM_CCxCmd                               0x0800bb61   Thumb Code    30  stm32f4xx_tim.o(.text)
    TIM_CCxNCmd                              0x0800bb7f   Thumb Code    30  stm32f4xx_tim.o(.text)
    TIM_SetIC4Prescaler                      0x0800bb9d   Thumb Code    26  stm32f4xx_tim.o(.text)
    TIM_SetIC3Prescaler                      0x0800bc07   Thumb Code    18  stm32f4xx_tim.o(.text)
    TIM_SetIC2Prescaler                      0x0800bc61   Thumb Code    26  stm32f4xx_tim.o(.text)
    TIM_SetIC1Prescaler                      0x0800bcd5   Thumb Code    18  stm32f4xx_tim.o(.text)
    TIM_ICInit                               0x0800bd21   Thumb Code   110  stm32f4xx_tim.o(.text)
    TIM_ICStructInit                         0x0800bd8f   Thumb Code    18  stm32f4xx_tim.o(.text)
    TIM_PWMIConfig                           0x0800bda1   Thumb Code   124  stm32f4xx_tim.o(.text)
    TIM_GetCapture1                          0x0800be1d   Thumb Code     6  stm32f4xx_tim.o(.text)
    TIM_GetCapture2                          0x0800be23   Thumb Code     6  stm32f4xx_tim.o(.text)
    TIM_GetCapture3                          0x0800be29   Thumb Code     6  stm32f4xx_tim.o(.text)
    TIM_GetCapture4                          0x0800be2f   Thumb Code     6  stm32f4xx_tim.o(.text)
    TIM_BDTRConfig                           0x0800be35   Thumb Code    32  stm32f4xx_tim.o(.text)
    TIM_BDTRStructInit                       0x0800be55   Thumb Code    18  stm32f4xx_tim.o(.text)
    TIM_CtrlPWMOutputs                       0x0800be67   Thumb Code    30  stm32f4xx_tim.o(.text)
    TIM_SelectCOM                            0x0800be85   Thumb Code    24  stm32f4xx_tim.o(.text)
    TIM_CCPreloadControl                     0x0800be9d   Thumb Code    24  stm32f4xx_tim.o(.text)
    TIM_ITConfig                             0x0800beb5   Thumb Code    18  stm32f4xx_tim.o(.text)
    TIM_GenerateEvent                        0x0800bec7   Thumb Code     4  stm32f4xx_tim.o(.text)
    TIM_GetFlagStatus                        0x0800becb   Thumb Code    18  stm32f4xx_tim.o(.text)
    TIM_ClearFlag                            0x0800bedd   Thumb Code     6  stm32f4xx_tim.o(.text)
    TIM_GetITStatus                          0x0800bee3   Thumb Code    34  stm32f4xx_tim.o(.text)
    TIM_ClearITPendingBit                    0x0800bf05   Thumb Code     6  stm32f4xx_tim.o(.text)
    TIM_DMAConfig                            0x0800bf0b   Thumb Code    10  stm32f4xx_tim.o(.text)
    TIM_DMACmd                               0x0800bf15   Thumb Code    18  stm32f4xx_tim.o(.text)
    TIM_SelectCCDMA                          0x0800bf27   Thumb Code    24  stm32f4xx_tim.o(.text)
    TIM_InternalClockConfig                  0x0800bf3f   Thumb Code    12  stm32f4xx_tim.o(.text)
    TIM_SelectInputTrigger                   0x0800bf4b   Thumb Code    18  stm32f4xx_tim.o(.text)
    TIM_ITRxExternalClockConfig              0x0800bf5d   Thumb Code    24  stm32f4xx_tim.o(.text)
    TIM_TIxExternalClockConfig               0x0800bf75   Thumb Code    62  stm32f4xx_tim.o(.text)
    TIM_ETRConfig                            0x0800bfb3   Thumb Code    28  stm32f4xx_tim.o(.text)
    TIM_ETRClockMode1Config                  0x0800bfcf   Thumb Code    54  stm32f4xx_tim.o(.text)
    TIM_ETRClockMode2Config                  0x0800c005   Thumb Code    32  stm32f4xx_tim.o(.text)
    TIM_SelectOutputTrigger                  0x0800c025   Thumb Code    18  stm32f4xx_tim.o(.text)
    TIM_SelectSlaveMode                      0x0800c037   Thumb Code    18  stm32f4xx_tim.o(.text)
    TIM_SelectMasterSlaveMode                0x0800c049   Thumb Code    18  stm32f4xx_tim.o(.text)
    TIM_EncoderInterfaceConfig               0x0800c05b   Thumb Code    66  stm32f4xx_tim.o(.text)
    TIM_SelectHallSensor                     0x0800c09d   Thumb Code    24  stm32f4xx_tim.o(.text)
    TIM_RemapConfig                          0x0800c0b5   Thumb Code     6  stm32f4xx_tim.o(.text)
    EXTI_DeInit                              0x0800c0bd   Thumb Code    28  stm32f4xx_exti.o(.text)
    EXTI_Init                                0x0800c0d9   Thumb Code   142  stm32f4xx_exti.o(.text)
    EXTI_StructInit                          0x0800c167   Thumb Code    16  stm32f4xx_exti.o(.text)
    EXTI_GenerateSWInterrupt                 0x0800c177   Thumb Code    16  stm32f4xx_exti.o(.text)
    EXTI_GetFlagStatus                       0x0800c187   Thumb Code    22  stm32f4xx_exti.o(.text)
    EXTI_ClearFlag                           0x0800c19d   Thumb Code     8  stm32f4xx_exti.o(.text)
    EXTI_GetITStatus                         0x0800c1a5   Thumb Code    22  stm32f4xx_exti.o(.text)
    EXTI_ClearITPendingBit                   0x0800c1bb   Thumb Code     8  stm32f4xx_exti.o(.text)
    IWDG_WriteAccessCmd                      0x0800c1cd   Thumb Code     6  stm32f4xx_iwdg.o(.text)
    IWDG_SetPrescaler                        0x0800c1d3   Thumb Code     6  stm32f4xx_iwdg.o(.text)
    IWDG_SetReload                           0x0800c1d9   Thumb Code     6  stm32f4xx_iwdg.o(.text)
    IWDG_ReloadCounter                       0x0800c1df   Thumb Code    10  stm32f4xx_iwdg.o(.text)
    IWDG_Enable                              0x0800c1e9   Thumb Code    10  stm32f4xx_iwdg.o(.text)
    IWDG_GetFlagStatus                       0x0800c1f3   Thumb Code    20  stm32f4xx_iwdg.o(.text)
    mymemcpy                                 0x0800c20d   Thumb Code    26  malloc.o(.text)
    mymemset                                 0x0800c227   Thumb Code    20  malloc.o(.text)
    my_mem_init                              0x0800c23b   Thumb Code    54  malloc.o(.text)
    my_mem_perused                           0x0800c271   Thumb Code    54  malloc.o(.text)
    my_mem_malloc                            0x0800c2a7   Thumb Code   154  malloc.o(.text)
    my_mem_free                              0x0800c341   Thumb Code    94  malloc.o(.text)
    myfree                                   0x0800c39f   Thumb Code    32  malloc.o(.text)
    mymalloc                                 0x0800c3bf   Thumb Code    36  malloc.o(.text)
    myrealloc                                0x0800c3e3   Thumb Code    68  malloc.o(.text)
    usmart_sys_cmd_exe                       0x0800c439   Thumb Code  1554  usmart.o(.text)
    usmart_reset_runtime                     0x0800ca4b   Thumb Code    38  usmart.o(.text)
    usmart_get_runtime                       0x0800ca71   Thumb Code    60  usmart.o(.text)
    TIM4_IRQHandler                          0x0800caad   Thumb Code    46  usmart.o(.text)
    Timer4_Init                              0x0800cadb   Thumb Code    86  usmart.o(.text)
    usmart_init                              0x0800cb31   Thumb Code    36  usmart.o(.text)
    usmart_cmd_rec                           0x0800cb55   Thumb Code   170  usmart.o(.text)
    usmart_exe                               0x0800cbff   Thumb Code   868  usmart.o(.text)
    usmart_scan                              0x0800cf63   Thumb Code   120  usmart.o(.text)
    read_addr                                0x0800cfdb   Thumb Code     6  usmart.o(.text)
    write_addr                               0x0800cfe1   Thumb Code     4  usmart.o(.text)
    usmart_strcmp                            0x0800d06d   Thumb Code    34  usmart_str.o(.text)
    usmart_strcopy                           0x0800d08f   Thumb Code    22  usmart_str.o(.text)
    usmart_strlen                            0x0800d0a5   Thumb Code    24  usmart_str.o(.text)
    usmart_pow                               0x0800d0bd   Thumb Code    22  usmart_str.o(.text)
    usmart_str2num                           0x0800d0d3   Thumb Code   202  usmart_str.o(.text)
    usmart_get_cmdname                       0x0800d19d   Thumb Code    54  usmart_str.o(.text)
    usmart_search_nextc                      0x0800d1d3   Thumb Code    22  usmart_str.o(.text)
    usmart_get_fname                         0x0800d1e9   Thumb Code   440  usmart_str.o(.text)
    usmart_get_aparm                         0x0800d3a1   Thumb Code   200  usmart_str.o(.text)
    usmart_get_parmpos                       0x0800d469   Thumb Code    26  usmart_str.o(.text)
    usmart_get_fparam                        0x0800d483   Thumb Code   262  usmart_str.o(.text)
    disk_initialize                          0x0800d595   Thumb Code    52  diskio.o(.text)
    disk_status                              0x0800d5c9   Thumb Code     6  diskio.o(.text)
    disk_read                                0x0800d5cf   Thumb Code    98  diskio.o(.text)
    disk_write                               0x0800d631   Thumb Code    98  diskio.o(.text)
    disk_ioctl                               0x0800d693   Thumb Code   170  diskio.o(.text)
    get_fattime                              0x0800d73d   Thumb Code     4  diskio.o(.text)
    ff_memalloc                              0x0800d741   Thumb Code    14  diskio.o(.text)
    ff_memfree                               0x0800d74f   Thumb Code    14  diskio.o(.text)
    clust2sect                               0x0800d913   Thumb Code    26  ff.o(.text)
    get_fat                                  0x0800d92d   Thumb Code   232  ff.o(.text)
    put_fat                                  0x0800da15   Thumb Code   310  ff.o(.text)
    dir_sdi                                  0x0800dcbf   Thumb Code   158  ff.o(.text)
    f_mount                                  0x0800ed27   Thumb Code    86  ff.o(.text)
    f_open                                   0x0800ed7d   Thumb Code   384  ff.o(.text)
    f_read                                   0x0800eefd   Thumb Code   450  ff.o(.text)
    f_write                                  0x0800f0bf   Thumb Code   498  ff.o(.text)
    f_sync                                   0x0800f2b1   Thumb Code   176  ff.o(.text)
    f_close                                  0x0800f361   Thumb Code    32  ff.o(.text)
    f_lseek                                  0x0800f381   Thumb Code   654  ff.o(.text)
    f_opendir                                0x0800f60f   Thumb Code   136  ff.o(.text)
    f_closedir                               0x0800f697   Thumb Code    22  ff.o(.text)
    f_readdir                                0x0800f6ad   Thumb Code   114  ff.o(.text)
    f_stat                                   0x0800f71f   Thumb Code    84  ff.o(.text)
    f_getfree                                0x0800f773   Thumb Code   258  ff.o(.text)
    f_truncate                               0x0800f875   Thumb Code   184  ff.o(.text)
    f_unlink                                 0x0800f92d   Thumb Code   194  ff.o(.text)
    f_mkdir                                  0x0800f9ef   Thumb Code   380  ff.o(.text)
    f_chmod                                  0x0800fb6b   Thumb Code   112  ff.o(.text)
    f_utime                                  0x0800fbdb   Thumb Code   110  ff.o(.text)
    f_rename                                 0x0800fc49   Thumb Code   314  ff.o(.text)
    f_getlabel                               0x0800fd83   Thumb Code   190  ff.o(.text)
    f_setlabel                               0x0800fe41   Thumb Code   470  ff.o(.text)
    f_mkfs                                   0x08010017   Thumb Code  1570  ff.o(.text)
    f_gets                                   0x08010639   Thumb Code    82  ff.o(.text)
    f_putc                                   0x080106cf   Thumb Code    64  ff.o(.text)
    f_puts                                   0x0801070f   Thumb Code    74  ff.o(.text)
    f_printf                                 0x08010759   Thumb Code   674  ff.o(.text)
    exfuns_init                              0x080109fd   Thumb Code   110  exfuns.o(.text)
    char_upper                               0x08010a6b   Thumb Code    26  exfuns.o(.text)
    f_typetell                               0x08010a85   Thumb Code   188  exfuns.o(.text)
    exf_getfree                              0x08010b41   Thumb Code    74  exfuns.o(.text)
    mf_mount                                 0x08010ba1   Thumb Code    20  fattester.o(.text)
    mf_open                                  0x08010bb5   Thumb Code    24  fattester.o(.text)
    mf_close                                 0x08010bcd   Thumb Code    14  fattester.o(.text)
    mf_read                                  0x08010bdb   Thumb Code   224  fattester.o(.text)
    mf_write                                 0x08010cbb   Thumb Code    68  fattester.o(.text)
    mf_opendir                               0x08010cff   Thumb Code    14  fattester.o(.text)
    mf_closedir                              0x08010d0d   Thumb Code    10  fattester.o(.text)
    mf_readdir                               0x08010d17   Thumb Code   204  fattester.o(.text)
    mf_scan_files                            0x08010de3   Thumb Code   120  fattester.o(.text)
    mf_showfree                              0x08010e5b   Thumb Code    88  fattester.o(.text)
    mf_lseek                                 0x08010eb3   Thumb Code    16  fattester.o(.text)
    mf_tell                                  0x08010ec3   Thumb Code     8  fattester.o(.text)
    mf_size                                  0x08010ecb   Thumb Code     8  fattester.o(.text)
    mf_mkdir                                 0x08010ed3   Thumb Code    12  fattester.o(.text)
    mf_fmkfs                                 0x08010edf   Thumb Code    20  fattester.o(.text)
    mf_unlink                                0x08010ef3   Thumb Code    12  fattester.o(.text)
    mf_rename                                0x08010eff   Thumb Code    16  fattester.o(.text)
    mf_getlabel                              0x08010f0f   Thumb Code    58  fattester.o(.text)
    mf_setlabel                              0x08010f49   Thumb Code    34  fattester.o(.text)
    mf_gets                                  0x08010f6b   Thumb Code   698  fattester.o(.text)
    mf_putc                                  0x08011225   Thumb Code    18  fattester.o(.text)
    mf_puts                                  0x08011237   Thumb Code    18  fattester.o(.text)
    ff_convert                               0x08011269   Thumb Code   146  mycc936.o(.text)
    ff_wtoupper                              0x080112fb   Thumb Code    46  mycc936.o(.text)
    fupd_prog                                0x08011335   Thumb Code   148  fontupd.o(.text)
    updata_fontx                             0x080113c9   Thumb Code   346  fontupd.o(.text)
    update_font                              0x08011523   Thumb Code   884  fontupd.o(.text)
    font_init                                0x08011897   Thumb Code    64  fontupd.o(.text)
    Get_HzMat                                0x08011915   Thumb Code   220  text.o(.text)
    Show_Font                                0x080119f1   Thumb Code   190  text.o(.text)
    Show_Str                                 0x08011aaf   Thumb Code   192  text.o(.text)
    Show_Str_Mid                             0x08011b6f   Thumb Code   106  text.o(.text)
    stdbmp_decode                            0x08011be9   Thumb Code   712  bmp.o(.text)
    minibmp_decode                           0x08011eb1   Thumb Code   932  bmp.o(.text)
    bmp_encode                               0x08012255   Thumb Code   486  bmp.o(.text)
    gif_check_head                           0x08012449   Thumb Code    88  gif.o(.text)
    gif_getrgb565                            0x080124a1   Thumb Code    28  gif.o(.text)
    gif_readcolortbl                         0x080124bd   Thumb Code    64  gif.o(.text)
    gif_getinfo                              0x080124fd   Thumb Code    70  gif.o(.text)
    gif_savegctbl                            0x08012543   Thumb Code    38  gif.o(.text)
    gif_recovergctbl                         0x08012569   Thumb Code    38  gif.o(.text)
    gif_initlzw                              0x0801258f   Thumb Code   152  gif.o(.text)
    gif_getdatablock                         0x08012627   Thumb Code    96  gif.o(.text)
    gif_readextension                        0x08012687   Thumb Code   160  gif.o(.text)
    gif_getnextcode                          0x08012727   Thumb Code   452  gif.o(.text)
    gif_getnextbyte                          0x080128eb   Thumb Code   856  gif.o(.text)
    gif_dispimage                            0x08012c43   Thumb Code   544  gif.o(.text)
    gif_clear2bkcolor                        0x08012e63   Thumb Code   496  gif.o(.text)
    gif_drawimage                            0x08013053   Thumb Code   352  gif.o(.text)
    gif_quit                                 0x080131b3   Thumb Code     8  gif.o(.text)
    gif_decode                               0x080131bb   Thumb Code   296  gif.o(.text)
    piclib_draw_hline                        0x080132e9   Thumb Code    52  piclib.o(.text)
    piclib_fill_color                        0x0801331d   Thumb Code    44  piclib.o(.text)
    piclib_init                              0x08013349   Thumb Code    62  piclib.o(.text)
    piclib_alpha_blend                       0x08013387   Thumb Code    42  piclib.o(.text)
    ai_draw_init                             0x080133b1   Thumb Code   216  piclib.o(.text)
    is_element_ok                            0x08013489   Thumb Code    36  piclib.o(.text)
    ai_load_picfile                          0x080134ad   Thumb Code   194  piclib.o(.text)
    pic_memalloc                             0x0801356f   Thumb Code    14  piclib.o(.text)
    pic_memfree                              0x0801357d   Thumb Code    14  piclib.o(.text)
    jd_prepare                               0x0801414d   Thumb Code   924  tjpgd.o(.text)
    jd_decomp                                0x080144e9   Thumb Code   162  tjpgd.o(.text)
    jpeg_mallocall                           0x0801458b   Thumb Code    70  tjpgd.o(.text)
    jpeg_freeall                             0x080145d1   Thumb Code    28  tjpgd.o(.text)
    jpeg_in_func                             0x080145ed   Thumb Code    48  tjpgd.o(.text)
    jpeg_out_func_fill                       0x0801461d   Thumb Code    74  tjpgd.o(.text)
    jpeg_out_func_point                      0x08014667   Thumb Code   182  tjpgd.o(.text)
    jpg_decode                               0x0801471d   Thumb Code   234  tjpgd.o(.text)
    lv_tick_inc                              0x0801481d   Thumb Code    18  lv_hal_tick.o(.text)
    lv_tick_get                              0x0801482f   Thumb Code    22  lv_hal_tick.o(.text)
    lv_tick_elaps                            0x08014845   Thumb Code    26  lv_hal_tick.o(.text)
    __use_no_semihosting                     0x08014869   Thumb Code     2  use_no_semi_2.o(.text)
    __aeabi_uldivmod                         0x0801486b   Thumb Code     0  lludivv7m.o(.text)
    _ll_udiv                                 0x0801486b   Thumb Code   238  lludivv7m.o(.text)
    __aeabi_ldivmod                          0x08014959   Thumb Code     0  llsdiv.o(.text)
    _ll_sdiv                                 0x08014959   Thumb Code    72  llsdiv.o(.text)
    vsprintf                                 0x080149a1   Thumb Code    32  vsprintf.o(.text)
    __2printf                                0x080149c5   Thumb Code    20  __2printf.o(.text)
    __2sprintf                               0x080149dd   Thumb Code    38  __2sprintf.o(.text)
    _printf_pre_padding                      0x08014a09   Thumb Code    44  _printf_pad.o(.text)
    _printf_post_padding                     0x08014a35   Thumb Code    34  _printf_pad.o(.text)
    _printf_str                              0x08014a57   Thumb Code    82  _printf_str.o(.text)
    _printf_int_dec                          0x08014aa9   Thumb Code   104  _printf_dec.o(.text)
    _printf_longlong_hex                     0x08014b21   Thumb Code    86  _printf_hex_int_ll_ptr.o(.text)
    _printf_int_hex                          0x08014b77   Thumb Code    28  _printf_hex_int_ll_ptr.o(.text)
    _printf_ll_hex                           0x08014b93   Thumb Code    12  _printf_hex_int_ll_ptr.o(.text)
    _printf_hex_ptr                          0x08014b9f   Thumb Code    18  _printf_hex_int_ll_ptr.o(.text)
    __printf                                 0x08014bb5   Thumb Code   388  __printf_flags_ss_wp.o(.text)
    strstr                                   0x08014d3d   Thumb Code    36  strstr.o(.text)
    strcpy                                   0x08014d61   Thumb Code    72  strcpy.o(.text)
    strlen                                   0x08014da9   Thumb Code    62  strlen.o(.text)
    strcat                                   0x08014de7   Thumb Code    24  strcat.o(.text)
    __aeabi_memcpy                           0x08014dff   Thumb Code     0  rt_memcpy_v6.o(.text)
    __rt_memcpy                              0x08014dff   Thumb Code   138  rt_memcpy_v6.o(.text)
    _memcpy_lastbytes                        0x08014e65   Thumb Code     0  rt_memcpy_v6.o(.text)
    __aeabi_memcpy4                          0x08014e89   Thumb Code     0  rt_memcpy_w.o(.text)
    __aeabi_memcpy8                          0x08014e89   Thumb Code     0  rt_memcpy_w.o(.text)
    __rt_memcpy_w                            0x08014e89   Thumb Code   100  rt_memcpy_w.o(.text)
    _memcpy_lastbytes_aligned                0x08014ed1   Thumb Code     0  rt_memcpy_w.o(.text)
    strcmp                                   0x08014eed   Thumb Code   128  strcmpv7m.o(.text)
    __use_two_region_memory                  0x08014f6d   Thumb Code     2  heapauxi.o(.text)
    __rt_heap_escrow$2region                 0x08014f6f   Thumb Code     2  heapauxi.o(.text)
    __rt_heap_expand$2region                 0x08014f71   Thumb Code     2  heapauxi.o(.text)
    __I$use$semihosting                      0x08014f73   Thumb Code     0  use_no_semi.o(.text)
    __use_no_semihosting_swi                 0x08014f73   Thumb Code     2  use_no_semi.o(.text)
    _printf_truncate_signed                  0x08014f75   Thumb Code    18  _printf_truncate.o(.text)
    _printf_truncate_unsigned                0x08014f87   Thumb Code    18  _printf_truncate.o(.text)
    _printf_int_common                       0x08014f99   Thumb Code   178  _printf_intcommon.o(.text)
    _printf_charcount                        0x0801504b   Thumb Code    40  _printf_charcount.o(.text)
    __lib_sel_fp_printf                      0x08015073   Thumb Code     2  _printf_fp_dec.o(.text)
    _printf_fp_dec_real                      0x08015225   Thumb Code   620  _printf_fp_dec.o(.text)
    _printf_char_common                      0x0801549b   Thumb Code    32  _printf_char_common.o(.text)
    _sputc                                   0x080154c1   Thumb Code    10  _sputc.o(.text)
    _printf_cs_common                        0x080154cb   Thumb Code    20  _printf_char.o(.text)
    _printf_char                             0x080154df   Thumb Code    16  _printf_char.o(.text)
    _printf_string                           0x080154ef   Thumb Code     8  _printf_char.o(.text)
    _printf_char_file                        0x080154f9   Thumb Code    32  _printf_char_file.o(.text)
    _printf_wctomb                           0x0801551d   Thumb Code   182  _printf_wctomb.o(.text)
    _printf_longlong_dec                     0x080155d9   Thumb Code   108  _printf_longlong_dec.o(.text)
    _printf_longlong_oct                     0x08015655   Thumb Code    66  _printf_oct_int_ll.o(.text)
    _printf_int_oct                          0x08015697   Thumb Code    24  _printf_oct_int_ll.o(.text)
    _printf_ll_oct                           0x080156af   Thumb Code    12  _printf_oct_int_ll.o(.text)
    __rt_locale                              0x080156c5   Thumb Code     8  rt_locale_intlibspace.o(.text)
    _ll_udiv10                               0x080156cd   Thumb Code   138  lludiv10.o(.text)
    _printf_fp_hex_real                      0x08015759   Thumb Code   756  _printf_fp_hex.o(.text)
    _printf_fp_infnan                        0x08015a55   Thumb Code   112  _printf_fp_infnan.o(.text)
    _printf_lcs_common                       0x08015ad5   Thumb Code    20  _printf_wchar.o(.text)
    _printf_wchar                            0x08015ae9   Thumb Code    16  _printf_wchar.o(.text)
    _printf_wstring                          0x08015af9   Thumb Code     8  _printf_wchar.o(.text)
    _btod_etento                             0x08015b01   Thumb Code   224  bigflt0.o(.text)
    ferror                                   0x08015be5   Thumb Code     8  ferror.o(.text)
    _wcrtomb                                 0x08015bed   Thumb Code    64  _wcrtomb.o(.text)
    __user_libspace                          0x08015c2d   Thumb Code     8  libspace.o(.text)
    __user_perproc_libspace                  0x08015c2d   Thumb Code     0  libspace.o(.text)
    __user_perthread_libspace                0x08015c2d   Thumb Code     0  libspace.o(.text)
    __user_setup_stackheap                   0x08015c35   Thumb Code    74  sys_stackheap_outer.o(.text)
    __rt_ctype_table                         0x08015c81   Thumb Code    16  rt_ctype_table.o(.text)
    exit                                     0x08015c91   Thumb Code    18  exit.o(.text)
    _btod_d2e                                0x08015ca3   Thumb Code    62  btod.o(CL$$btod_d2e)
    _d2e_denorm_low                          0x08015ce1   Thumb Code    70  btod.o(CL$$btod_d2e_denorm_low)
    _d2e_norm_op1                            0x08015d27   Thumb Code    96  btod.o(CL$$btod_d2e_norm_op1)
    __btod_div_common                        0x08015d87   Thumb Code   696  btod.o(CL$$btod_div_common)
    _e2e                                     0x080160bf   Thumb Code   220  btod.o(CL$$btod_e2e)
    _btod_ediv                               0x0801619b   Thumb Code    42  btod.o(CL$$btod_ediv)
    _btod_emul                               0x080161c5   Thumb Code    42  btod.o(CL$$btod_emul)
    __btod_mult_common                       0x080161ef   Thumb Code   580  btod.o(CL$$btod_mult_common)
    __ARM_fpclassify                         0x08016433   Thumb Code    48  fpclassify.o(i.__ARM_fpclassify)
    _is_digit                                0x08016463   Thumb Code    14  __printf_wp.o(i._is_digit)
    _get_lc_numeric                          0x08016471   Thumb Code    44  lc_numeric_c.o(locale$$code)
    _get_lc_ctype                            0x0801649d   Thumb Code    44  lc_ctype_c.o(locale$$code)
    __aeabi_d2uiz                            0x080164c9   Thumb Code     0  dfixu.o(x$fpl$dfixu)
    _dfixu                                   0x080164c9   Thumb Code    90  dfixu.o(x$fpl$dfixu)
    __aeabi_ui2d                             0x08016523   Thumb Code     0  dflt_clz.o(x$fpl$dfltu)
    _dfltu                                   0x08016523   Thumb Code    38  dflt_clz.o(x$fpl$dfltu)
    __aeabi_dmul                             0x08016549   Thumb Code     0  dmul.o(x$fpl$dmul)
    _dmul                                    0x08016549   Thumb Code   332  dmul.o(x$fpl$dmul)
    __fpl_dnaninf                            0x0801669d   Thumb Code   156  dnaninf.o(x$fpl$dnaninf)
    __fpl_dretinf                            0x08016739   Thumb Code    12  dretinf.o(x$fpl$dretinf)
    __aeabi_f2d                              0x08016745   Thumb Code     0  f2d.o(x$fpl$f2d)
    _f2d                                     0x08016745   Thumb Code    86  f2d.o(x$fpl$f2d)
    __fpl_fnaninf                            0x0801679b   Thumb Code   140  fnaninf.o(x$fpl$fnaninf)
    _fp_init                                 0x08016827   Thumb Code    10  fpinit.o(x$fpl$fpinit)
    __fplib_config_fpu_vfp                   0x0801682f   Thumb Code     0  fpinit.o(x$fpl$fpinit)
    __fplib_config_pureend_doubles           0x0801682f   Thumb Code     0  fpinit.o(x$fpl$fpinit)
    _printf_fp_dec                           0x08016831   Thumb Code     4  printf1.o(x$fpl$printf1)
    _printf_fp_hex                           0x08016835   Thumb Code     4  printf2.o(x$fpl$printf2)
    __I$use$fp                               0x08016838   Number         0  usenofp.o(x$fpl$usenofp)
    asc2_1206                                0x08016838   Data        1140  lcd.o(.constdata)
    asc2_1608                                0x08016cac   Data        1520  lcd.o(.constdata)
    asc2_2412                                0x0801729c   Data        3420  lcd.o(.constdata)
    BAUD_id                                  0x08017ff8   Data          36  gps.o(.constdata)
    FSMC_DefaultTimingStruct                 0x0801801c   Data          28  stm32f4xx_fsmc.o(.constdata)
    memtblsize                               0x08018038   Data          12  malloc.o(.constdata)
    memblksize                               0x08018044   Data          12  malloc.o(.constdata)
    memsize                                  0x08018050   Data          12  malloc.o(.constdata)
    GBK24_PATH                               0x08018458   Data           4  fontupd.o(.constdata)
    GBK16_PATH                               0x0801845c   Data           4  fontupd.o(.constdata)
    GBK12_PATH                               0x08018460   Data           4  fontupd.o(.constdata)
    UNIGBK_PATH                              0x08018464   Data           4  fontupd.o(.constdata)
    _aMaskTbl                                0x08018468   Data          32  gif.o(.constdata)
    _aInterlaceOffset                        0x08018488   Data           4  gif.o(.constdata)
    _aInterlaceYPos                          0x0801848c   Data           4  gif.o(.constdata)
    Region$$Table$$Base                      0x08018e0c   Number         0  anon$$obj.o(Region$$Table)
    Region$$Table$$Limit                     0x08018e2c   Number         0  anon$$obj.o(Region$$Table)
    __ctype                                  0x08018e55   Data           0  lc_ctype_c.o(locale$$data)
    mem3base                                 0x10000000   Data       61440  malloc.o(.ARM.__AT_0x10000000)
    mem3mapbase                              0x1000f000   Data        3840  malloc.o(.ARM.__AT_0x1000F000)
    fixmode_tbl                              0x20000000   Data          16  main.o(.data)
    t                                        0x20000010   Data           1  main.o(.data)
    temperature                              0x20000011   Data           1  main.o(.data)
    humidity                                 0x20000012   Data           1  main.o(.data)
    rain                                     0x20000014   Data           4  main.o(.data)
    SystemCoreClock                          0x20000018   Data           4  system_stm32f4xx.o(.data)
    AHBPrescTable                            0x2000001c   Data          16  system_stm32f4xx.o(.data)
    POINT_COLOR                              0x2000002c   Data           2  lcd.o(.data)
    BACK_COLOR                               0x2000002e   Data           2  lcd.o(.data)
    W25QXX_TYPE                              0x20000030   Data           2  w25qxx.o(.data)
    TransferError                            0x2000003e   Data           1  sdio_sdcard.o(.data)
    TransferEnd                              0x2000003f   Data           1  sdio_sdcard.o(.data)
    tempbuff                                 0x20000040   Data           4  sdio_sdcard.o(.data)
    KEY_value                                0x20000044   Data           1  exti.o(.data)
    USART3_RX_STA                            0x20000046   Data           2  usart3.o(.data)
    USART2_RX_STA                            0x20000048   Data           2  usart2.o(.data)
    __stdout                                 0x20000050   Data           4  usart.o(.data)
    USART_RX_STA                             0x20000054   Data           2  usart.o(.data)
    mallco_dev                               0x20000068   Data          36  malloc.o(.data)
    sys_cmd_tab                              0x2000008c   Data          28  usmart.o(.data)
    usmart_nametab                           0x200000a8   Data         216  usmart_config.o(.data)
    usmart_dev                               0x20000180   Data         244  usmart_config.o(.data)
    FLASH_SECTOR_COUNT                       0x20000274   Data           2  diskio.o(.data)
    FILE_TYPE_TBL                            0x20000284   Data         312  exfuns.o(.data)
    fs                                       0x200003bc   Data           8  exfuns.o(.data)
    file                                     0x200003c4   Data           4  exfuns.o(.data)
    ftemp                                    0x200003c8   Data           4  exfuns.o(.data)
    br                                       0x200003cc   Data           4  exfuns.o(.data)
    bw                                       0x200003d0   Data           4  exfuns.o(.data)
    fatbuf                                   0x200003d4   Data           4  exfuns.o(.data)
    gifdecoding                              0x200003d8   Data           1  gif.o(.data)
    f_jpeg                                   0x200003dc   Data           4  tjpgd.o(.data)
    jpeg_dev                                 0x200003e0   Data           4  tjpgd.o(.data)
    jpg_buffer                               0x200003e4   Data           4  tjpgd.o(.data)
    USART1_TX_BUF                            0x200003f0   Data         400  main.o(.bss)
    gpsx                                     0x20000580   Data         166  main.o(.bss)
    dtbuf                                    0x20000628   Data          50  main.o(.bss)
    longtitude                               0x2000065c   Data          50  main.o(.bss)
    latitude                                 0x20000690   Data          50  main.o(.bss)
    altitude                                 0x200006c4   Data          50  main.o(.bss)
    speed                                    0x200006f8   Data          50  main.o(.bss)
    Tem                                      0x2000072c   Data          50  main.o(.bss)
    Hum                                      0x20000760   Data          50  main.o(.bss)
    lcddev                                   0x20000792   Data          14  lcd.o(.bss)
    SDIO_InitStructure                       0x200007a0   Data          24  sdio_sdcard.o(.bss)
    SDIO_CmdInitStructure                    0x200007b8   Data          20  sdio_sdcard.o(.bss)
    SDIO_DataInitStructure                   0x200007cc   Data          24  sdio_sdcard.o(.bss)
    SDCardInfo                               0x20000808   Data          88  sdio_sdcard.o(.bss)
    SDIO_DATA_BUFFER                         0x20000860   Data         512  sdio_sdcard.o(.bss)
    USART3_TX_BUF                            0x20000a60   Data         400  usart3.o(.bss)
    USART3_RX_BUF                            0x20000bf0   Data         400  usart3.o(.bss)
    USART2_TX_BUF                            0x20000d80   Data         400  usart2.o(.bss)
    USART2_RX_BUF                            0x20000f10   Data         400  usart2.o(.bss)
    USART_RX_BUF                             0x200010a0   Data         200  usart.o(.bss)
    mem1base                                 0x20001180   Data       102400  malloc.o(.bss)
    mem1mapbase                              0x2001a180   Data        6400  malloc.o(.bss)
    fileinfo                                 0x2001ba80   Data          32  exfuns.o(.bss)
    dir                                      0x2001baa0   Data          36  exfuns.o(.bss)
    ftinfo                                   0x2001bac4   Data          33  fontupd.o(.bss)
    picinfo                                  0x2001bae8   Data          40  piclib.o(.bss)
    pic_phy                                  0x2001bb10   Data          20  piclib.o(.bss)
    __libspace_start                         0x2001bb24   Data          96  libspace.o(.bss)
    __temporary_stack_top$libspace           0x2001bb84   Data           0  libspace.o(.bss)
    mem2base                                 0x68000000   Data       983040  malloc.o(.ARM.__AT_0x68000000)
    mem2mapbase                              0x680f0000   Data       61440  malloc.o(.ARM.__AT_0x680F0000)



==============================================================================

Memory Map of the image

  Image Entry point : 0x08000189

  Load Region LR_IROM1 (Base: 0x08000000, Size: 0x00019348, Max: 0x00100000, ABSOLUTE, COMPRESSED[0x000190c0])

    Execution Region ER_IROM1 (Exec base: 0x08000000, Load base: 0x08000000, Size: 0x00018f58, Max: 0x00100000, ABSOLUTE)

    Exec Addr    Load Addr    Size         Type   Attr      Idx    E Section Name        Object

    0x08000000   0x08000000   0x00000188   Data   RO         1336    RESET               startup_stm32f40_41xxx.o
    0x08000188   0x08000188   0x00000008   Code   RO        14550  * !!!main             c_w.l(__main.o)
    0x08000190   0x08000190   0x00000034   Code   RO        14884    !!!scatter          c_w.l(__scatter.o)
    0x080001c4   0x080001c4   0x0000005a   Code   RO        14882    !!dczerorl2         c_w.l(__dczerorl2.o)
    0x0800021e   0x0800021e   0x00000002   PAD
    0x08000220   0x08000220   0x0000001c   Code   RO        14886    !!handler_zi        c_w.l(__scatter_zi.o)
    0x0800023c   0x0800023c   0x00000000   Code   RO        14529    .ARM.Collect$$_printf_percent$$00000000  c_w.l(_printf_percent.o)
    0x0800023c   0x0800023c   0x00000006   Code   RO        14626    .ARM.Collect$$_printf_percent$$00000001  c_w.l(_printf_n.o)
    0x08000242   0x08000242   0x00000006   Code   RO        14627    .ARM.Collect$$_printf_percent$$00000002  c_w.l(_printf_p.o)
    0x08000248   0x08000248   0x00000006   Code   RO        14528    .ARM.Collect$$_printf_percent$$00000003  c_w.l(_printf_f.o)
    0x0800024e   0x0800024e   0x00000006   Code   RO        14630    .ARM.Collect$$_printf_percent$$00000004  c_w.l(_printf_e.o)
    0x08000254   0x08000254   0x00000006   Code   RO        14631    .ARM.Collect$$_printf_percent$$00000005  c_w.l(_printf_g.o)
    0x0800025a   0x0800025a   0x00000006   Code   RO        14632    .ARM.Collect$$_printf_percent$$00000006  c_w.l(_printf_a.o)
    0x08000260   0x08000260   0x0000000a   Code   RO        14637    .ARM.Collect$$_printf_percent$$00000007  c_w.l(_printf_ll.o)
    0x0800026a   0x0800026a   0x00000006   Code   RO        14629    .ARM.Collect$$_printf_percent$$00000008  c_w.l(_printf_i.o)
    0x08000270   0x08000270   0x00000006   Code   RO        14526    .ARM.Collect$$_printf_percent$$00000009  c_w.l(_printf_d.o)
    0x08000276   0x08000276   0x00000006   Code   RO        14527    .ARM.Collect$$_printf_percent$$0000000A  c_w.l(_printf_u.o)
    0x0800027c   0x0800027c   0x00000006   Code   RO        14628    .ARM.Collect$$_printf_percent$$0000000B  c_w.l(_printf_o.o)
    0x08000282   0x08000282   0x00000006   Code   RO        14525    .ARM.Collect$$_printf_percent$$0000000C  c_w.l(_printf_x.o)
    0x08000288   0x08000288   0x00000006   Code   RO        14634    .ARM.Collect$$_printf_percent$$0000000D  c_w.l(_printf_lli.o)
    0x0800028e   0x0800028e   0x00000006   Code   RO        14635    .ARM.Collect$$_printf_percent$$0000000E  c_w.l(_printf_lld.o)
    0x08000294   0x08000294   0x00000006   Code   RO        14636    .ARM.Collect$$_printf_percent$$0000000F  c_w.l(_printf_llu.o)
    0x0800029a   0x0800029a   0x00000006   Code   RO        14641    .ARM.Collect$$_printf_percent$$00000010  c_w.l(_printf_llo.o)
    0x080002a0   0x080002a0   0x00000006   Code   RO        14642    .ARM.Collect$$_printf_percent$$00000011  c_w.l(_printf_llx.o)
    0x080002a6   0x080002a6   0x0000000a   Code   RO        14638    .ARM.Collect$$_printf_percent$$00000012  c_w.l(_printf_l.o)
    0x080002b0   0x080002b0   0x00000006   Code   RO        14523    .ARM.Collect$$_printf_percent$$00000013  c_w.l(_printf_c.o)
    0x080002b6   0x080002b6   0x00000006   Code   RO        14524    .ARM.Collect$$_printf_percent$$00000014  c_w.l(_printf_s.o)
    0x080002bc   0x080002bc   0x00000006   Code   RO        14639    .ARM.Collect$$_printf_percent$$00000015  c_w.l(_printf_lc.o)
    0x080002c2   0x080002c2   0x00000006   Code   RO        14640    .ARM.Collect$$_printf_percent$$00000016  c_w.l(_printf_ls.o)
    0x080002c8   0x080002c8   0x00000004   Code   RO        14633    .ARM.Collect$$_printf_percent$$00000017  c_w.l(_printf_percent_end.o)
    0x080002cc   0x080002cc   0x00000002   Code   RO        14754    .ARM.Collect$$libinit$$00000000  c_w.l(libinit.o)
    0x080002ce   0x080002ce   0x00000004   Code   RO        14755    .ARM.Collect$$libinit$$00000001  c_w.l(libinit2.o)
    0x080002d2   0x080002d2   0x00000000   Code   RO        14758    .ARM.Collect$$libinit$$00000004  c_w.l(libinit2.o)
    0x080002d2   0x080002d2   0x00000000   Code   RO        14761    .ARM.Collect$$libinit$$0000000A  c_w.l(libinit2.o)
    0x080002d2   0x080002d2   0x00000000   Code   RO        14763    .ARM.Collect$$libinit$$0000000C  c_w.l(libinit2.o)
    0x080002d2   0x080002d2   0x00000000   Code   RO        14765    .ARM.Collect$$libinit$$0000000E  c_w.l(libinit2.o)
    0x080002d2   0x080002d2   0x00000006   Code   RO        14766    .ARM.Collect$$libinit$$0000000F  c_w.l(libinit2.o)
    0x080002d8   0x080002d8   0x00000000   Code   RO        14768    .ARM.Collect$$libinit$$00000011  c_w.l(libinit2.o)
    0x080002d8   0x080002d8   0x0000000c   Code   RO        14769    .ARM.Collect$$libinit$$00000012  c_w.l(libinit2.o)
    0x080002e4   0x080002e4   0x00000000   Code   RO        14770    .ARM.Collect$$libinit$$00000013  c_w.l(libinit2.o)
    0x080002e4   0x080002e4   0x00000000   Code   RO        14772    .ARM.Collect$$libinit$$00000015  c_w.l(libinit2.o)
    0x080002e4   0x080002e4   0x0000000a   Code   RO        14773    .ARM.Collect$$libinit$$00000016  c_w.l(libinit2.o)
    0x080002ee   0x080002ee   0x00000000   Code   RO        14774    .ARM.Collect$$libinit$$00000017  c_w.l(libinit2.o)
    0x080002ee   0x080002ee   0x00000000   Code   RO        14776    .ARM.Collect$$libinit$$00000019  c_w.l(libinit2.o)
    0x080002ee   0x080002ee   0x00000000   Code   RO        14778    .ARM.Collect$$libinit$$0000001B  c_w.l(libinit2.o)
    0x080002ee   0x080002ee   0x00000000   Code   RO        14780    .ARM.Collect$$libinit$$0000001D  c_w.l(libinit2.o)
    0x080002ee   0x080002ee   0x00000000   Code   RO        14782    .ARM.Collect$$libinit$$0000001F  c_w.l(libinit2.o)
    0x080002ee   0x080002ee   0x00000000   Code   RO        14784    .ARM.Collect$$libinit$$00000021  c_w.l(libinit2.o)
    0x080002ee   0x080002ee   0x00000000   Code   RO        14786    .ARM.Collect$$libinit$$00000023  c_w.l(libinit2.o)
    0x080002ee   0x080002ee   0x00000000   Code   RO        14788    .ARM.Collect$$libinit$$00000025  c_w.l(libinit2.o)
    0x080002ee   0x080002ee   0x00000000   Code   RO        14792    .ARM.Collect$$libinit$$0000002C  c_w.l(libinit2.o)
    0x080002ee   0x080002ee   0x00000000   Code   RO        14794    .ARM.Collect$$libinit$$0000002E  c_w.l(libinit2.o)
    0x080002ee   0x080002ee   0x00000000   Code   RO        14796    .ARM.Collect$$libinit$$00000030  c_w.l(libinit2.o)
    0x080002ee   0x080002ee   0x00000000   Code   RO        14798    .ARM.Collect$$libinit$$00000032  c_w.l(libinit2.o)
    0x080002ee   0x080002ee   0x00000002   Code   RO        14799    .ARM.Collect$$libinit$$00000033  c_w.l(libinit2.o)
    0x080002f0   0x080002f0   0x00000002   Code   RO        14844    .ARM.Collect$$libshutdown$$00000000  c_w.l(libshutdown.o)
    0x080002f2   0x080002f2   0x00000000   Code   RO        14863    .ARM.Collect$$libshutdown$$00000002  c_w.l(libshutdown2.o)
    0x080002f2   0x080002f2   0x00000000   Code   RO        14865    .ARM.Collect$$libshutdown$$00000004  c_w.l(libshutdown2.o)
    0x080002f2   0x080002f2   0x00000000   Code   RO        14867    .ARM.Collect$$libshutdown$$00000006  c_w.l(libshutdown2.o)
    0x080002f2   0x080002f2   0x00000000   Code   RO        14870    .ARM.Collect$$libshutdown$$00000009  c_w.l(libshutdown2.o)
    0x080002f2   0x080002f2   0x00000000   Code   RO        14873    .ARM.Collect$$libshutdown$$0000000C  c_w.l(libshutdown2.o)
    0x080002f2   0x080002f2   0x00000000   Code   RO        14875    .ARM.Collect$$libshutdown$$0000000E  c_w.l(libshutdown2.o)
    0x080002f2   0x080002f2   0x00000000   Code   RO        14878    .ARM.Collect$$libshutdown$$00000011  c_w.l(libshutdown2.o)
    0x080002f2   0x080002f2   0x00000002   Code   RO        14879    .ARM.Collect$$libshutdown$$00000012  c_w.l(libshutdown2.o)
    0x080002f4   0x080002f4   0x00000000   Code   RO        14592    .ARM.Collect$$rtentry$$00000000  c_w.l(__rtentry.o)
    0x080002f4   0x080002f4   0x00000000   Code   RO        14661    .ARM.Collect$$rtentry$$00000002  c_w.l(__rtentry2.o)
    0x080002f4   0x080002f4   0x00000006   Code   RO        14673    .ARM.Collect$$rtentry$$00000004  c_w.l(__rtentry4.o)
    0x080002fa   0x080002fa   0x00000000   Code   RO        14663    .ARM.Collect$$rtentry$$00000009  c_w.l(__rtentry2.o)
    0x080002fa   0x080002fa   0x00000004   Code   RO        14664    .ARM.Collect$$rtentry$$0000000A  c_w.l(__rtentry2.o)
    0x080002fe   0x080002fe   0x00000000   Code   RO        14666    .ARM.Collect$$rtentry$$0000000C  c_w.l(__rtentry2.o)
    0x080002fe   0x080002fe   0x00000008   Code   RO        14667    .ARM.Collect$$rtentry$$0000000D  c_w.l(__rtentry2.o)
    0x08000306   0x08000306   0x00000002   Code   RO        14800    .ARM.Collect$$rtexit$$00000000  c_w.l(rtexit.o)
    0x08000308   0x08000308   0x00000000   Code   RO        14816    .ARM.Collect$$rtexit$$00000002  c_w.l(rtexit2.o)
    0x08000308   0x08000308   0x00000004   Code   RO        14817    .ARM.Collect$$rtexit$$00000003  c_w.l(rtexit2.o)
    0x0800030c   0x0800030c   0x00000006   Code   RO        14818    .ARM.Collect$$rtexit$$00000004  c_w.l(rtexit2.o)
    0x08000312   0x08000312   0x00000002   PAD
    0x08000314   0x08000314   0x00000010   Code   RO         1287    .emb_text           sys.o
    0x08000324   0x08000324   0x00000cc0   Code   RO            3    .text               main.o
    0x08000fe4   0x08000fe4   0x0000001a   Code   RO          255    .text               stm32f4xx_it.o
    0x08000ffe   0x08000ffe   0x00000002   PAD
    0x08001000   0x08001000   0x00000210   Code   RO          304    .text               system_stm32f4xx.o
    0x08001210   0x08001210   0x00000040   Code   RO          330    .text               led.o
    0x08001250   0x08001250   0x00004c80   Code   RO          350    .text               lcd.o
    0x08005ed0   0x08005ed0   0x00000044   Code   RO          388    .text               key.o
    0x08005f14   0x08005f14   0x00000118   Code   RO          408    .text               spi.o
    0x0800602c   0x0800602c   0x000003a8   Code   RO          431    .text               w25qxx.o
    0x080063d4   0x080063d4   0x00001d5c   Code   RO          457    .text               sdio_sdcard.o
    0x08008130   0x08008130   0x00000040   Code   RO          517    .text               beep.o
    0x08008170   0x08008170   0x00000198   Code   RO          537    .text               dht11.o
    0x08008308   0x08008308   0x0000016c   Code   RO          557    .text               exti.o
    0x08008474   0x08008474   0x00000914   Code   RO          583    .text               gps.o
    0x08008d88   0x08008d88   0x00000184   Code   RO          673    .text               timer.o
    0x08008f0c   0x08008f0c   0x00000170   Code   RO         1180    .text               usart3.o
    0x0800907c   0x0800907c   0x00000260   Code   RO         1211    .text               usart2.o
    0x080092dc   0x080092dc   0x0000002c   Code   RO         1245    .text               iwdg.o
    0x08009308   0x08009308   0x00000104   Code   RO         1265    .text               delay.o
    0x0800940c   0x0800940c   0x00000148   Code   RO         1305    .text               usart.o
    0x08009554   0x08009554   0x00000040   Code   RO         1337    .text               startup_stm32f40_41xxx.o
    0x08009594   0x08009594   0x000000e0   Code   RO         1343    .text               misc.o
    0x08009674   0x08009674   0x000003a8   Code   RO         1363    .text               stm32f4xx_dma.o
    0x08009a1c   0x08009a1c   0x000005c8   Code   RO         1383    .text               stm32f4xx_fsmc.o
    0x08009fe4   0x08009fe4   0x00000294   Code   RO         1406    .text               stm32f4xx_gpio.o
    0x0800a278   0x0800a278   0x0000065c   Code   RO         1426    .text               stm32f4xx_rcc.o
    0x0800a8d4   0x0800a8d4   0x000001dc   Code   RO         1448    .text               stm32f4xx_sdio.o
    0x0800aab0   0x0800aab0   0x00000094   Code   RO         1468    .text               stm32f4xx_syscfg.o
    0x0800ab44   0x0800ab44   0x00000454   Code   RO         1488    .text               stm32f4xx_usart.o
    0x0800af98   0x0800af98   0x00000480   Code   RO         1508    .text               stm32f4xx_spi.o
    0x0800b418   0x0800b418   0x00000ca2   Code   RO         1528    .text               stm32f4xx_tim.o
    0x0800c0ba   0x0800c0ba   0x00000002   PAD
    0x0800c0bc   0x0800c0bc   0x00000110   Code   RO         1548    .text               stm32f4xx_exti.o
    0x0800c1cc   0x0800c1cc   0x00000040   Code   RO         1588    .text               stm32f4xx_iwdg.o
    0x0800c20c   0x0800c20c   0x0000022c   Code   RO         1608    .text               malloc.o
    0x0800c438   0x0800c438   0x00000c34   Code   RO         1640    .text               usmart.o
    0x0800d06c   0x0800d06c   0x00000528   Code   RO         1688    .text               usmart_str.o
    0x0800d594   0x0800d594   0x000001d0   Code   RO         1708    .text               diskio.o
    0x0800d764   0x0800d764   0x00003296   Code   RO         1732    .text               ff.o
    0x080109fa   0x080109fa   0x00000002   PAD
    0x080109fc   0x080109fc   0x000001a4   Code   RO         1752    .text               exfuns.o
    0x08010ba0   0x08010ba0   0x000006c8   Code   RO         1780    .text               fattester.o
    0x08011268   0x08011268   0x000000cc   Code   RO         1804    .text               mycc936.o
    0x08011334   0x08011334   0x000005e0   Code   RO         1825    .text               fontupd.o
    0x08011914   0x08011914   0x000002d4   Code   RO         1857    .text               text.o
    0x08011be8   0x08011be8   0x00000860   Code   RO         1877    .text               bmp.o
    0x08012448   0x08012448   0x00000ea0   Code   RO         1897    .text               gif.o
    0x080132e8   0x080132e8   0x000002c4   Code   RO         1924    .text               piclib.o
    0x080135ac   0x080135ac   0x00001270   Code   RO         1950    .text               tjpgd.o
    0x0801481c   0x0801481c   0x0000004c   Code   RO         2285    .text               lv_hal_tick.o
    0x08014868   0x08014868   0x00000002   Code   RO        14458    .text               c_w.l(use_no_semi_2.o)
    0x0801486a   0x0801486a   0x000000ee   Code   RO        14460    .text               c_w.l(lludivv7m.o)
    0x08014958   0x08014958   0x00000048   Code   RO        14462    .text               c_w.l(llsdiv.o)
    0x080149a0   0x080149a0   0x00000024   Code   RO        14464    .text               c_w.l(vsprintf.o)
    0x080149c4   0x080149c4   0x00000018   Code   RO        14466    .text               c_w.l(__2printf.o)
    0x080149dc   0x080149dc   0x0000002c   Code   RO        14468    .text               c_w.l(__2sprintf.o)
    0x08014a08   0x08014a08   0x0000004e   Code   RO        14476    .text               c_w.l(_printf_pad.o)
    0x08014a56   0x08014a56   0x00000052   Code   RO        14478    .text               c_w.l(_printf_str.o)
    0x08014aa8   0x08014aa8   0x00000078   Code   RO        14480    .text               c_w.l(_printf_dec.o)
    0x08014b20   0x08014b20   0x00000094   Code   RO        14500    .text               c_w.l(_printf_hex_int_ll_ptr.o)
    0x08014bb4   0x08014bb4   0x00000188   Code   RO        14520    .text               c_w.l(__printf_flags_ss_wp.o)
    0x08014d3c   0x08014d3c   0x00000024   Code   RO        14530    .text               c_w.l(strstr.o)
    0x08014d60   0x08014d60   0x00000048   Code   RO        14534    .text               c_w.l(strcpy.o)
    0x08014da8   0x08014da8   0x0000003e   Code   RO        14536    .text               c_w.l(strlen.o)
    0x08014de6   0x08014de6   0x00000018   Code   RO        14538    .text               c_w.l(strcat.o)
    0x08014dfe   0x08014dfe   0x0000008a   Code   RO        14540    .text               c_w.l(rt_memcpy_v6.o)
    0x08014e88   0x08014e88   0x00000064   Code   RO        14542    .text               c_w.l(rt_memcpy_w.o)
    0x08014eec   0x08014eec   0x00000080   Code   RO        14546    .text               c_w.l(strcmpv7m.o)
    0x08014f6c   0x08014f6c   0x00000006   Code   RO        14548    .text               c_w.l(heapauxi.o)
    0x08014f72   0x08014f72   0x00000002   Code   RO        14590    .text               c_w.l(use_no_semi.o)
    0x08014f74   0x08014f74   0x00000024   Code   RO        14599    .text               c_w.l(_printf_truncate.o)
    0x08014f98   0x08014f98   0x000000b2   Code   RO        14601    .text               c_w.l(_printf_intcommon.o)
    0x0801504a   0x0801504a   0x00000028   Code   RO        14603    .text               c_w.l(_printf_charcount.o)
    0x08015072   0x08015072   0x0000041e   Code   RO        14605    .text               c_w.l(_printf_fp_dec.o)
    0x08015490   0x08015490   0x00000030   Code   RO        14607    .text               c_w.l(_printf_char_common.o)
    0x080154c0   0x080154c0   0x0000000a   Code   RO        14609    .text               c_w.l(_sputc.o)
    0x080154ca   0x080154ca   0x0000002c   Code   RO        14611    .text               c_w.l(_printf_char.o)
    0x080154f6   0x080154f6   0x00000002   PAD
    0x080154f8   0x080154f8   0x00000024   Code   RO        14613    .text               c_w.l(_printf_char_file.o)
    0x0801551c   0x0801551c   0x000000bc   Code   RO        14615    .text               c_w.l(_printf_wctomb.o)
    0x080155d8   0x080155d8   0x0000007c   Code   RO        14618    .text               c_w.l(_printf_longlong_dec.o)
    0x08015654   0x08015654   0x00000070   Code   RO        14624    .text               c_w.l(_printf_oct_int_ll.o)
    0x080156c4   0x080156c4   0x00000008   Code   RO        14680    .text               c_w.l(rt_locale_intlibspace.o)
    0x080156cc   0x080156cc   0x0000008a   Code   RO        14687    .text               c_w.l(lludiv10.o)
    0x08015756   0x08015756   0x00000002   PAD
    0x08015758   0x08015758   0x000002fc   Code   RO        14689    .text               c_w.l(_printf_fp_hex.o)
    0x08015a54   0x08015a54   0x00000080   Code   RO        14692    .text               c_w.l(_printf_fp_infnan.o)
    0x08015ad4   0x08015ad4   0x0000002c   Code   RO        14696    .text               c_w.l(_printf_wchar.o)
    0x08015b00   0x08015b00   0x000000e4   Code   RO        14698    .text               c_w.l(bigflt0.o)
    0x08015be4   0x08015be4   0x00000008   Code   RO        14723    .text               c_w.l(ferror.o)
    0x08015bec   0x08015bec   0x00000040   Code   RO        14727    .text               c_w.l(_wcrtomb.o)
    0x08015c2c   0x08015c2c   0x00000008   Code   RO        14736    .text               c_w.l(libspace.o)
    0x08015c34   0x08015c34   0x0000004a   Code   RO        14739    .text               c_w.l(sys_stackheap_outer.o)
    0x08015c7e   0x08015c7e   0x00000002   PAD
    0x08015c80   0x08015c80   0x00000010   Code   RO        14741    .text               c_w.l(rt_ctype_table.o)
    0x08015c90   0x08015c90   0x00000012   Code   RO        14743    .text               c_w.l(exit.o)
    0x08015ca2   0x08015ca2   0x0000003e   Code   RO        14701    CL$$btod_d2e        c_w.l(btod.o)
    0x08015ce0   0x08015ce0   0x00000046   Code   RO        14703    CL$$btod_d2e_denorm_low  c_w.l(btod.o)
    0x08015d26   0x08015d26   0x00000060   Code   RO        14702    CL$$btod_d2e_norm_op1  c_w.l(btod.o)
    0x08015d86   0x08015d86   0x00000338   Code   RO        14711    CL$$btod_div_common  c_w.l(btod.o)
    0x080160be   0x080160be   0x000000dc   Code   RO        14708    CL$$btod_e2e        c_w.l(btod.o)
    0x0801619a   0x0801619a   0x0000002a   Code   RO        14705    CL$$btod_ediv       c_w.l(btod.o)
    0x080161c4   0x080161c4   0x0000002a   Code   RO        14704    CL$$btod_emul       c_w.l(btod.o)
    0x080161ee   0x080161ee   0x00000244   Code   RO        14710    CL$$btod_mult_common  c_w.l(btod.o)
    0x08016432   0x08016432   0x00000030   Code   RO        14734    i.__ARM_fpclassify  m_wm.l(fpclassify.o)
    0x08016462   0x08016462   0x0000000e   Code   RO        14513    i._is_digit         c_w.l(__printf_wp.o)
    0x08016470   0x08016470   0x0000002c   Code   RO        14730    locale$$code        c_w.l(lc_numeric_c.o)
    0x0801649c   0x0801649c   0x0000002c   Code   RO        14805    locale$$code        c_w.l(lc_ctype_c.o)
    0x080164c8   0x080164c8   0x0000005a   Code   RO        14558    x$fpl$dfixu         fz_wm.l(dfixu.o)
    0x08016522   0x08016522   0x00000026   Code   RO        14562    x$fpl$dfltu         fz_wm.l(dflt_clz.o)
    0x08016548   0x08016548   0x00000154   Code   RO        14570    x$fpl$dmul          fz_wm.l(dmul.o)
    0x0801669c   0x0801669c   0x0000009c   Code   RO        14645    x$fpl$dnaninf       fz_wm.l(dnaninf.o)
    0x08016738   0x08016738   0x0000000c   Code   RO        14647    x$fpl$dretinf       fz_wm.l(dretinf.o)
    0x08016744   0x08016744   0x00000056   Code   RO        14574    x$fpl$f2d           fz_wm.l(f2d.o)
    0x0801679a   0x0801679a   0x0000008c   Code   RO        14651    x$fpl$fnaninf       fz_wm.l(fnaninf.o)
    0x08016826   0x08016826   0x0000000a   Code   RO        14813    x$fpl$fpinit        fz_wm.l(fpinit.o)
    0x08016830   0x08016830   0x00000004   Code   RO        14576    x$fpl$printf1       fz_wm.l(printf1.o)
    0x08016834   0x08016834   0x00000004   Code   RO        14653    x$fpl$printf2       fz_wm.l(printf2.o)
    0x08016838   0x08016838   0x00000000   Code   RO        14659    x$fpl$usenofp       fz_wm.l(usenofp.o)
    0x08016838   0x08016838   0x000017c0   Data   RO          352    .constdata          lcd.o
    0x08017ff8   0x08017ff8   0x00000024   Data   RO          584    .constdata          gps.o
    0x0801801c   0x0801801c   0x0000001c   Data   RO         1384    .constdata          stm32f4xx_fsmc.o
    0x08018038   0x08018038   0x00000024   Data   RO         1614    .constdata          malloc.o
    0x0801805c   0x0801805c   0x0000003a   Data   RO         1733    .constdata          ff.o
    0x08018096   0x08018096   0x000003c0   Data   RO         1805    .constdata          mycc936.o
    0x08018456   0x08018456   0x00000002   PAD
    0x08018458   0x08018458   0x00000010   Data   RO         1827    .constdata          fontupd.o
    0x08018468   0x08018468   0x00000028   Data   RO         1898    .constdata          gif.o
    0x08018490   0x08018490   0x000004c0   Data   RO         1951    .constdata          tjpgd.o
    0x08018950   0x08018950   0x00000028   Data   RO        14501    .constdata          c_w.l(_printf_hex_int_ll_ptr.o)
    0x08018978   0x08018978   0x00000011   Data   RO        14521    .constdata          c_w.l(__printf_flags_ss_wp.o)
    0x08018989   0x08018989   0x00000003   PAD
    0x0801898c   0x0801898c   0x00000008   Data   RO        14616    .constdata          c_w.l(_printf_wctomb.o)
    0x08018994   0x08018994   0x00000026   Data   RO        14690    .constdata          c_w.l(_printf_fp_hex.o)
    0x080189ba   0x080189ba   0x00000002   PAD
    0x080189bc   0x080189bc   0x00000094   Data   RO        14699    .constdata          c_w.l(bigflt0.o)
    0x08018a50   0x08018a50   0x00000015   Data   RO            5    .conststring        main.o
    0x08018a65   0x08018a65   0x00000003   PAD
    0x08018a68   0x08018a68   0x00000028   Data   RO         1641    .conststring        usmart.o
    0x08018a90   0x08018a90   0x000002b9   Data   RO         1664    .conststring        usmart_config.o
    0x08018d49   0x08018d49   0x00000003   PAD
    0x08018d4c   0x08018d4c   0x00000060   Data   RO         1754    .conststring        exfuns.o
    0x08018dac   0x08018dac   0x0000005f   Data   RO         1828    .conststring        fontupd.o
    0x08018e0b   0x08018e0b   0x00000001   PAD
    0x08018e0c   0x08018e0c   0x00000020   Data   RO        14880    Region$$Table       anon$$obj.o
    0x08018e2c   0x08018e2c   0x0000001c   Data   RO        14729    locale$$data        c_w.l(lc_numeric_c.o)
    0x08018e48   0x08018e48   0x00000110   Data   RO        14804    locale$$data        c_w.l(lc_ctype_c.o)


    Execution Region RW_IRAM1 (Exec base: 0x20000000, Load base: 0x08018f58, Size: 0x0001c588, Max: 0x00020000, ABSOLUTE, COMPRESSED[0x00000168])

    Exec Addr    Load Addr    Size         Type   Attr      Idx    E Section Name        Object

    0x20000000   COMPRESSED   0x00000018   Data   RW            6    .data               main.o
    0x20000018   COMPRESSED   0x00000014   Data   RW          305    .data               system_stm32f4xx.o
    0x2000002c   COMPRESSED   0x00000004   Data   RW          353    .data               lcd.o
    0x20000030   COMPRESSED   0x00000002   Data   RW          432    .data               w25qxx.o
    0x20000032   COMPRESSED   0x00000002   PAD
    0x20000034   COMPRESSED   0x00000010   Data   RW          459    .data               sdio_sdcard.o
    0x20000044   COMPRESSED   0x00000001   Data   RW          558    .data               exti.o
    0x20000045   COMPRESSED   0x00000001   PAD
    0x20000046   COMPRESSED   0x00000002   Data   RW         1182    .data               usart3.o
    0x20000048   COMPRESSED   0x00000002   Data   RW         1213    .data               usart2.o
    0x2000004a   COMPRESSED   0x00000004   Data   RW         1266    .data               delay.o
    0x2000004e   COMPRESSED   0x00000002   PAD
    0x20000050   COMPRESSED   0x00000006   Data   RW         1307    .data               usart.o
    0x20000056   COMPRESSED   0x00000010   Data   RW         1427    .data               stm32f4xx_rcc.o
    0x20000066   COMPRESSED   0x00000002   PAD
    0x20000068   COMPRESSED   0x00000024   Data   RW         1615    .data               malloc.o
    0x2000008c   COMPRESSED   0x0000001c   Data   RW         1642    .data               usmart.o
    0x200000a8   COMPRESSED   0x000001cc   Data   RW         1665    .data               usmart_config.o
    0x20000274   COMPRESSED   0x00000002   Data   RW         1709    .data               diskio.o
    0x20000276   COMPRESSED   0x00000002   PAD
    0x20000278   COMPRESSED   0x0000000a   Data   RW         1734    .data               ff.o
    0x20000282   COMPRESSED   0x00000002   PAD
    0x20000284   COMPRESSED   0x00000154   Data   RW         1755    .data               exfuns.o
    0x200003d8   COMPRESSED   0x00000001   Data   RW         1899    .data               gif.o
    0x200003d9   COMPRESSED   0x00000003   PAD
    0x200003dc   COMPRESSED   0x0000000c   Data   RW         1952    .data               tjpgd.o
    0x200003e8   COMPRESSED   0x00000005   Data   RW         2286    .data               lv_hal_tick.o
    0x200003ed   COMPRESSED   0x00000003   PAD
    0x200003f0        -       0x000003a2   Zero   RW            4    .bss                main.o
    0x20000792        -       0x0000000e   Zero   RW          351    .bss                lcd.o
    0x200007a0        -       0x000002c0   Zero   RW          458    .bss                sdio_sdcard.o
    0x20000a60        -       0x00000320   Zero   RW         1181    .bss                usart3.o
    0x20000d80        -       0x00000320   Zero   RW         1212    .bss                usart2.o
    0x200010a0        -       0x000000c8   Zero   RW         1306    .bss                usart.o
    0x20001168   COMPRESSED   0x00000018   PAD
    0x20001180        -       0x0001a900   Zero   RW         1613    .bss                malloc.o
    0x2001ba80        -       0x00000044   Zero   RW         1753    .bss                exfuns.o
    0x2001bac4        -       0x00000021   Zero   RW         1826    .bss                fontupd.o
    0x2001bae5   COMPRESSED   0x00000003   PAD
    0x2001bae8        -       0x0000003c   Zero   RW         1925    .bss                piclib.o
    0x2001bb24        -       0x00000060   Zero   RW        14737    .bss                c_w.l(libspace.o)
    0x2001bb84   COMPRESSED   0x00000004   PAD
    0x2001bb88        -       0x00000200   Zero   RW         1335    HEAP                startup_stm32f40_41xxx.o
    0x2001bd88        -       0x00000800   Zero   RW         1334    STACK               startup_stm32f40_41xxx.o



  Load Region LR$$.ARM.__AT_0x10000000 (Base: 0x10000000, Size: 0x00000000, Max: 0x0000f000, ABSOLUTE)

    Execution Region ER$$.ARM.__AT_0x10000000 (Exec base: 0x10000000, Load base: 0x10000000, Size: 0x0000f000, Max: 0x0000f000, ABSOLUTE, UNINIT)

    Exec Addr    Load Addr    Size         Type   Attr      Idx    E Section Name        Object

    0x10000000        -       0x0000f000   Zero   RW         1609    .ARM.__AT_0x10000000  malloc.o



  Load Region LR$$.ARM.__AT_0x1000F000 (Base: 0x1000f000, Size: 0x00000000, Max: 0x00000f00, ABSOLUTE)

    Execution Region ER$$.ARM.__AT_0x1000F000 (Exec base: 0x1000f000, Load base: 0x1000f000, Size: 0x00000f00, Max: 0x00000f00, ABSOLUTE, UNINIT)

    Exec Addr    Load Addr    Size         Type   Attr      Idx    E Section Name        Object

    0x1000f000        -       0x00000f00   Zero   RW         1610    .ARM.__AT_0x1000F000  malloc.o



  Load Region LR$$.ARM.__AT_0x68000000 (Base: 0x68000000, Size: 0x00000000, Max: 0x000f0000, ABSOLUTE)

    Execution Region ER$$.ARM.__AT_0x68000000 (Exec base: 0x68000000, Load base: 0x68000000, Size: 0x000f0000, Max: 0x000f0000, ABSOLUTE, UNINIT)

    Exec Addr    Load Addr    Size         Type   Attr      Idx    E Section Name        Object

    0x68000000        -       0x000f0000   Zero   RW         1611    .ARM.__AT_0x68000000  malloc.o



  Load Region LR$$.ARM.__AT_0x680F0000 (Base: 0x680f0000, Size: 0x00000000, Max: 0x0000f000, ABSOLUTE)

    Execution Region ER$$.ARM.__AT_0x680F0000 (Exec base: 0x680f0000, Load base: 0x680f0000, Size: 0x0000f000, Max: 0x0000f000, ABSOLUTE, UNINIT)

    Exec Addr    Load Addr    Size         Type   Attr      Idx    E Section Name        Object

    0x680f0000        -       0x0000f000   Zero   RW         1612    .ARM.__AT_0x680F0000  malloc.o


==============================================================================

Image component sizes


      Code (inc. data)   RO Data    RW Data    ZI Data      Debug   Object Name

        64          4          0          0          0        552   beep.o
      2144         24          0          0          0       5310   bmp.o
       260          8          0          4          0       1529   delay.o
       408         12          0          0          0       2206   dht11.o
       464          8          0          2          0       4462   diskio.o
       420         22         96        340         68       2788   exfuns.o
       364         12          0          1          0       1509   exti.o
      1736        690          0          0          0       6012   fattester.o
     12950        138         58         10          0      37782   ff.o
      1504        158        111          0         33       4388   fontupd.o
      3744         24         40          1          0      10482   gif.o
      2324         74         36          0          0       6745   gps.o
        44          0          0          0          0        722   iwdg.o
        68          8          0          0          0        555   key.o
     19584        174       6080          4         14      23022   lcd.o
        64          4          0          0          0        551   led.o
        76         10          0          5          0       1696   lv_hal_tick.o
      3264        802         21         24        930     332344   main.o
       556         18         36         36    1218560       5085   malloc.o
       224         20          0          0          0       1865   misc.o
       204         12        960          0          0       1729   mycc936.o
       708         34          0          0         60       4939   piclib.o
      7516        282          0         16        704      25373   sdio_sdcard.o
       280          8          0          0          0       1101   spi.o
        64         26        392          0       2560        848   startup_stm32f40_41xxx.o
       936         32          0          0          0       6445   stm32f4xx_dma.o
       272         10          0          0          0       2335   stm32f4xx_exti.o
      1480         18         28          0          0       5718   stm32f4xx_fsmc.o
       660         44          0          0          0       4209   stm32f4xx_gpio.o
        26          0          0          0          0       1246   stm32f4xx_it.o
        64          6          0          0          0       1369   stm32f4xx_iwdg.o
      1628         52          0         16          0      13104   stm32f4xx_rcc.o
       476         16          0          0          0       7468   stm32f4xx_sdio.o
      1152         36          0          0          0       6957   stm32f4xx_spi.o
       148         12          0          0          0       1869   stm32f4xx_syscfg.o
      3234         60          0          0          0      23064   stm32f4xx_tim.o
      1108         34          0          0          0       7932   stm32f4xx_usart.o
        16          0          0          0          0        504   sys.o
       528         46          0         20          0       1847   system_stm32f4xx.o
       724         16          0          0          0       3200   text.o
       388         12          0          0          0       2360   timer.o
      4720         70       1216         12          0      17487   tjpgd.o
       328         16          0          6        200       3386   usart.o
       608         34          0          2        800      30572   usart2.o
       368         26          0          2        800       2082   usart3.o
      3124       1286         40         28          0       4494   usmart.o
         0          0        697        460          0       1664   usmart_config.o
      1320         12          0          0          0       5389   usmart_str.o
       936         28          0          2          0       4555   w25qxx.o

    ----------------------------------------------------------------------
     83284       4438       9852       1008    1224756     642851   Object Totals
         0          0         32          0          0          0   (incl. Generated)
         6          0          9         17         27          0   (incl. Padding)

    ----------------------------------------------------------------------

      Code (inc. data)   RO Data    RW Data    ZI Data      Debug   Library Member Name

        24          4          0          0          0         84   __2printf.o
        44          6          0          0          0         84   __2sprintf.o
        90          0          0          0          0          0   __dczerorl2.o
         8          0          0          0          0         68   __main.o
       392          4         17          0          0         92   __printf_flags_ss_wp.o
        14          0          0          0          0         68   __printf_wp.o
         0          0          0          0          0          0   __rtentry.o
        12          0          0          0          0          0   __rtentry2.o
         6          0          0          0          0          0   __rtentry4.o
        52          8          0          0          0          0   __scatter.o
        28          0          0          0          0          0   __scatter_zi.o
         6          0          0          0          0          0   _printf_a.o
         6          0          0          0          0          0   _printf_c.o
        44          0          0          0          0        108   _printf_char.o
        48          6          0          0          0         96   _printf_char_common.o
        36          4          0          0          0         80   _printf_char_file.o
        40          0          0          0          0         68   _printf_charcount.o
         6          0          0          0          0          0   _printf_d.o
       120         16          0          0          0         92   _printf_dec.o
         6          0          0          0          0          0   _printf_e.o
         6          0          0          0          0          0   _printf_f.o
      1054          0          0          0          0        216   _printf_fp_dec.o
       764          8         38          0          0        100   _printf_fp_hex.o
       128         16          0          0          0         84   _printf_fp_infnan.o
         6          0          0          0          0          0   _printf_g.o
       148          4         40          0          0        160   _printf_hex_int_ll_ptr.o
         6          0          0          0          0          0   _printf_i.o
       178          0          0          0          0         88   _printf_intcommon.o
        10          0          0          0          0          0   _printf_l.o
         6          0          0          0          0          0   _printf_lc.o
        10          0          0          0          0          0   _printf_ll.o
         6          0          0          0          0          0   _printf_lld.o
         6          0          0          0          0          0   _printf_lli.o
         6          0          0          0          0          0   _printf_llo.o
         6          0          0          0          0          0   _printf_llu.o
         6          0          0          0          0          0   _printf_llx.o
       124         16          0          0          0         92   _printf_longlong_dec.o
         6          0          0          0          0          0   _printf_ls.o
         6          0          0          0          0          0   _printf_n.o
         6          0          0          0          0          0   _printf_o.o
       112         10          0          0          0        124   _printf_oct_int_ll.o
         6          0          0          0          0          0   _printf_p.o
        78          0          0          0          0        108   _printf_pad.o
         0          0          0          0          0          0   _printf_percent.o
         4          0          0          0          0          0   _printf_percent_end.o
         6          0          0          0          0          0   _printf_s.o
        82          0          0          0          0         80   _printf_str.o
        36          0          0          0          0         84   _printf_truncate.o
         6          0          0          0          0          0   _printf_u.o
        44          0          0          0          0        108   _printf_wchar.o
       188          6          8          0          0         92   _printf_wctomb.o
         6          0          0          0          0          0   _printf_x.o
        10          0          0          0          0         68   _sputc.o
        64          0          0          0          0         92   _wcrtomb.o
       228          4        148          0          0         96   bigflt0.o
      1936        128          0          0          0        672   btod.o
        18          0          0          0          0         80   exit.o
         8          0          0          0          0         68   ferror.o
         6          0          0          0          0        152   heapauxi.o
        44         10        272          0          0         76   lc_ctype_c.o
        44         10         28          0          0         76   lc_numeric_c.o
         2          0          0          0          0          0   libinit.o
        34          0          0          0          0          0   libinit2.o
         2          0          0          0          0          0   libshutdown.o
         2          0          0          0          0          0   libshutdown2.o
         8          4          0          0         96         68   libspace.o
        72          0          0          0          0         76   llsdiv.o
       138          0          0          0          0         80   lludiv10.o
       238          0          0          0          0        100   lludivv7m.o
        16          4          0          0          0         76   rt_ctype_table.o
         8          4          0          0          0         68   rt_locale_intlibspace.o
       138          0          0          0          0         68   rt_memcpy_v6.o
       100          0          0          0          0         80   rt_memcpy_w.o
         2          0          0          0          0          0   rtexit.o
        10          0          0          0          0          0   rtexit2.o
        24          0          0          0          0         68   strcat.o
       128          0          0          0          0         68   strcmpv7m.o
        72          0          0          0          0         80   strcpy.o
        62          0          0          0          0         76   strlen.o
        36          0          0          0          0         80   strstr.o
        74          0          0          0          0         80   sys_stackheap_outer.o
         2          0          0          0          0         68   use_no_semi.o
         2          0          0          0          0         68   use_no_semi_2.o
        36          4          0          0          0         76   vsprintf.o
        90          4          0          0          0        140   dfixu.o
        38          0          0          0          0        116   dflt_clz.o
       340         12          0          0          0        152   dmul.o
       156          4          0          0          0        140   dnaninf.o
        12          0          0          0          0        116   dretinf.o
        86          4          0          0          0        132   f2d.o
       140          4          0          0          0        132   fnaninf.o
        10          0          0          0          0        116   fpinit.o
         4          0          0          0          0        116   printf1.o
         4          0          0          0          0        116   printf2.o
         0          0          0          0          0          0   usenofp.o
        48          0          0          0          0        124   fpclassify.o

    ----------------------------------------------------------------------
      8540        304        556          0        100       6236   Library Totals
        10          0          5          0          4          0   (incl. Padding)

    ----------------------------------------------------------------------

      Code (inc. data)   RO Data    RW Data    ZI Data      Debug   Library Name

      7602        276        551          0         96       4836   c_w.l
       880         28          0          0          0       1276   fz_wm.l
        48          0          0          0          0        124   m_wm.l

    ----------------------------------------------------------------------
      8540        304        556          0        100       6236   Library Totals

    ----------------------------------------------------------------------

==============================================================================


      Code (inc. data)   RO Data    RW Data    ZI Data      Debug   

     91824       4742      10408       1008    1224856     635583   Grand Totals
     91824       4742      10408        360    1224856     635583   ELF Image Totals (compressed)
     91824       4742      10408        360          0          0   ROM Totals

==============================================================================

    Total RO  Size (Code + RO Data)               102232 (  99.84kB)
    Total RW  Size (RW Data + ZI Data)           1225864 (1197.13kB)
    Total ROM Size (Code + RO Data + RW Data)     102592 ( 100.19kB)

==============================================================================

