<html>
<body>
<pre>
<h1>礦ision Build Log</h1>
<h2>Tool Versions:</h2>
IDE-Version: μVision V5.33.0.0
Copyright (C) 2020 ARM Ltd and ARM Germany GmbH. All rights reserved.
License Information: L ZW, LZW, LIC=47GU5-GXGXP-12GLE-5BKTC-Q06QB-GNNEJ
 
Tool Versions:
Toolchain:       MDK-ARM Plus  Version: 5.33.0.0
Toolchain Path:  D:\IOT_Hardware\Keil_5\ARM\ARMCC\Bin
C Compiler:      Armcc.exe V5.06 update 7 (build 960)
Assembler:       Armasm.exe V5.06 update 7 (build 960)
Linker/Locator:  ArmLink.exe V5.06 update 7 (build 960)
Library Manager: ArmAr.exe V5.06 update 7 (build 960)
Hex Converter:   FromElf.exe V5.06 update 7 (build 960)
CPU DLL:         SARMCM3.DLL V5.33.0.0
Dialog DLL:      DCM.DLL V1.17.3.0
Target DLL:      Segger\JL2CM3.dll V2.99.38.0
Dialog DLL:      TCM.DLL V1.48.0.0
 
<h2>Project:</h2>
D:\IOT_Hardware\项目\多功能安全包\F4-yizh-老版本NoLVGL\USER\PICTURE.uvprojx
Project File Date:  06/05/2023

<h2>Output:</h2>
*** Using Compiler 'V5.06 update 7 (build 960)', folder: 'D:\IOT_Hardware\Keil_5\ARM\ARMCC\Bin'
Build target 'PICTURE'
compiling led.c...
compiling stm32f4xx_it.c...
compiling spi.c...
compiling system_stm32f4xx.c...
compiling beep.c...
compiling key.c...
compiling 24cxx.c...
compiling w25qxx.c...
compiling main.c...
main.c(343): warning:  #223-D: function "TIM3_Int_Init" declared implicitly
      TIM3_Int_Init(4999,83);	//定时器初始化(10ms中断),用于给lvgl提供10ms的心跳节拍
main.c(345): warning:  #223-D: function "TIM2_Int_Init" declared implicitly
      TIM2_Int_Init(20000-1,8400-1);		//100ms中断
main.c: 2 warnings, 0 errors
compiling sdio_sdcard.c...
compiling lcd.c...
compiling dht11.c...
compiling exti.c...
compiling rain.c...
compiling myiic.c...
compiling ctiic.c...
compiling sram.c...
compiling gps.c...
compiling ott2001a.c...
compiling ft5206.c...
compiling gt9147.c...
assembling startup_stm32f40_41xxx.s...
compiling usart2.c...
compiling iwdg.c...
compiling delay.c...
compiling sys.c...
compiling usart.c...
compiling usart3.c...
compiling touch.c...
compiling misc.c...
compiling stm32f4xx_dma.c...
compiling stm32f4xx_fsmc.c...
compiling stm32f4xx_gpio.c...
compiling stm32f4xx_syscfg.c...
compiling stm32f4xx_sdio.c...
compiling stm32f4xx_spi.c...
compiling stm32f4xx_exti.c...
compiling stm32f4xx_usart.c...
compiling stm32f4xx_rcc.c...
compiling stm32f4xx_tim.c...
compiling stm32f4xx_i2c.c...
compiling timer.c...
compiling stm32f4xx_iwdg.c...
compiling ff.c...
compiling malloc.c...
compiling usmart_str.c...
compiling usmart_config.c...
compiling mycc936.c...
compiling usmart.c...
compiling diskio.c...
compiling exfuns.c...
compiling fattester.c...
compiling text.c...
compiling fontupd.c...
compiling lv_hal_tick.c...
compiling lv_hal_indev.c...
compiling lv_hal_disp.c...
..\GUI\lvgl-8.0.2\src\hal\lv_hal_disp.c(403): warning:  #188-D: enumerated type mixed with another type
      return disp->driver->rotated;
..\GUI\lvgl-8.0.2\src\hal\lv_hal_disp.c: 1 warning, 0 errors
compiling lv_disp.c...
compiling lv_event.c...
compiling lv_group.c...
compiling lv_indev.c...
compiling bmp.c...
compiling lv_indev_scroll.c...
compiling lv_obj_class.c...
compiling lv_obj_draw.c...
compiling lv_obj.c...
compiling piclib.c...
compiling gif.c...
compiling lv_obj_pos.c...
compiling lv_obj_scroll.c...
compiling lv_obj_style.c...
compiling lv_obj_style_gen.c...
compiling lv_obj_tree.c...
compiling tjpgd.c...
compiling lv_draw_arc.c...
compiling lv_refr.c...
compiling lv_draw_img.c...
compiling lv_theme.c...
compiling lv_draw_label.c...
compiling lv_draw_blend.c...
compiling lv_draw_triangle.c...
compiling lv_draw_line.c...
compiling lv_draw_mask.c...
compiling lv_img_cache.c...
compiling lv_img_buf.c...
compiling lv_img_decoder.c...
compiling lv_draw_rect.c...
compiling lv_extra.c...
compiling lv_flex.c...
..\GUI\lvgl-8.0.2\src\extra\layouts\flex\lv_flex.c(94): warning:  #188-D: enumerated type mixed with another type
      LV_STYLE_FLEX_MAIN_PLACE = lv_style_register_prop() | LV_STYLE_PROP_LAYOUT_REFR;
..\GUI\lvgl-8.0.2\src\extra\layouts\flex\lv_flex.c(95): warning:  #188-D: enumerated type mixed with another type
      LV_STYLE_FLEX_CROSS_PLACE = lv_style_register_prop() | LV_STYLE_PROP_LAYOUT_REFR;
..\GUI\lvgl-8.0.2\src\extra\layouts\flex\lv_flex.c(96): warning:  #188-D: enumerated type mixed with another type
      LV_STYLE_FLEX_TRACK_PLACE = lv_style_register_prop() | LV_STYLE_PROP_LAYOUT_REFR;
..\GUI\lvgl-8.0.2\src\extra\layouts\flex\lv_flex.c: 3 warnings, 0 errors
compiling lv_grid.c...
..\GUI\lvgl-8.0.2\src\extra\layouts\grid\lv_grid.c(103): warning:  #188-D: enumerated type mixed with another type
      LV_STYLE_GRID_COLUMN_DSC_ARRAY = lv_style_register_prop() | LV_STYLE_PROP_LAYOUT_REFR;
..\GUI\lvgl-8.0.2\src\extra\layouts\grid\lv_grid.c(104): warning:  #188-D: enumerated type mixed with another type
      LV_STYLE_GRID_ROW_DSC_ARRAY = lv_style_register_prop() | LV_STYLE_PROP_LAYOUT_REFR;
..\GUI\lvgl-8.0.2\src\extra\layouts\grid\lv_grid.c(105): warning:  #188-D: enumerated type mixed with another type
      LV_STYLE_GRID_COLUMN_ALIGN = lv_style_register_prop() | LV_STYLE_PROP_LAYOUT_REFR;
..\GUI\lvgl-8.0.2\src\extra\layouts\grid\lv_grid.c(106): warning:  #188-D: enumerated type mixed with another type
      LV_STYLE_GRID_ROW_ALIGN = lv_style_register_prop() | LV_STYLE_PROP_LAYOUT_REFR;
..\GUI\lvgl-8.0.2\src\extra\layouts\grid\lv_grid.c(108): warning:  #188-D: enumerated type mixed with another type
      LV_STYLE_GRID_CELL_ROW_SPAN = lv_style_register_prop() | LV_STYLE_PROP_LAYOUT_REFR;
..\GUI\lvgl-8.0.2\src\extra\layouts\grid\lv_grid.c(109): warning:  #188-D: enumerated type mixed with another type
      LV_STYLE_GRID_CELL_ROW_POS = lv_style_register_prop() | LV_STYLE_PROP_LAYOUT_REFR;
..\GUI\lvgl-8.0.2\src\extra\layouts\grid\lv_grid.c(110): warning:  #188-D: enumerated type mixed with another type
      LV_STYLE_GRID_CELL_COLUMN_SPAN = lv_style_register_prop() | LV_STYLE_PROP_LAYOUT_REFR;
..\GUI\lvgl-8.0.2\src\extra\layouts\grid\lv_grid.c(111): warning:  #188-D: enumerated type mixed with another type
      LV_STYLE_GRID_CELL_COLUMN_POS = lv_style_register_prop() | LV_STYLE_PROP_LAYOUT_REFR;
..\GUI\lvgl-8.0.2\src\extra\layouts\grid\lv_grid.c(112): warning:  #188-D: enumerated type mixed with another type
      LV_STYLE_GRID_CELL_X_ALIGN = lv_style_register_prop() | LV_STYLE_PROP_LAYOUT_REFR;
..\GUI\lvgl-8.0.2\src\extra\layouts\grid\lv_grid.c(113): warning:  #188-D: enumerated type mixed with another type
      LV_STYLE_GRID_CELL_Y_ALIGN = lv_style_register_prop() | LV_STYLE_PROP_LAYOUT_REFR;
..\GUI\lvgl-8.0.2\src\extra\layouts\grid\lv_grid.c(554): warning:  #188-D: enumerated type mixed with another type
      lv_grid_align_t col_align = get_cell_col_align(item);
..\GUI\lvgl-8.0.2\src\extra\layouts\grid\lv_grid.c(555): warning:  #188-D: enumerated type mixed with another type
      lv_grid_align_t row_align = get_cell_row_align(item);
..\GUI\lvgl-8.0.2\src\extra\layouts\grid\lv_grid.c: 12 warnings, 0 errors
compiling lv_calendar_header_arrow.c...
compiling lv_animimg.c...
compiling lv_calendar_header_dropdown.c...
compiling lv_theme_mono.c...
compiling lv_calendar.c...
compiling lv_theme_basic.c...
compiling lv_theme_default.c...
..\GUI\lvgl-8.0.2\src\extra\themes\default\lv_theme_default.c(207): warning:  #188-D: enumerated type mixed with another type
..\GUI\lvgl-8.0.2\src\extra\themes\default\lv_theme_default.c: 1 warning, 0 errors
compiling lv_keyboard.c...
compiling lv_imgbtn.c...
compiling lv_list.c...
compiling lv_colorwheel.c...
compiling lv_led.c...
compiling lv_msgbox.c...
compiling lv_chart.c...
compiling lv_spinner.c...
compiling lv_spinbox.c...
compiling lv_meter.c...
compiling lv_font.c...
compiling lv_span.c...
..\GUI\lvgl-8.0.2\src\extra\widgets\span\lv_span.c(60): warning:  #1295-D: Deprecated declaration lv_get_snippet_cnt - give arg types
  static uint16_t lv_get_snippet_cnt();
..\GUI\lvgl-8.0.2\src\extra\widgets\span\lv_span.c(829): warning:  #546-D: transfer of control bypasses initialization of:
            variable "ellipsis_valid"  (declared at line 833)
            variable "align"  (declared at line 851)
              goto Next_line_init;
              ^
..\GUI\lvgl-8.0.2\src\extra\widgets\span\lv_span.c: 2 warnings, 0 errors
compiling lv_tileview.c...
compiling lv_win.c...
compiling lv_tabview.c...
compiling lv_font_fmt_txt.c...
compiling lv_font_dejavu_16_persian_hebrew.c...
compiling lv_font_montserrat_12.c...
compiling lv_font_montserrat_8.c...
compiling lv_font_montserrat_10.c...
compiling lv_font_montserrat_12_subpx.c...
compiling lv_font_montserrat_14.c...
compiling lv_font_loader.c...
compiling lv_font_montserrat_16.c...
compiling lv_font_montserrat_20.c...
compiling lv_font_montserrat_18.c...
compiling lv_font_montserrat_24.c...
compiling lv_font_montserrat_22.c...
compiling lv_font_montserrat_28.c...
compiling lv_font_montserrat_26.c...
compiling lv_font_montserrat_30.c...
compiling lv_font_montserrat_28_compressed.c...
compiling lv_font_montserrat_32.c...
compiling lv_font_montserrat_34.c...
compiling lv_font_montserrat_36.c...
compiling lv_font_montserrat_38.c...
compiling lv_font_montserrat_42.c...
compiling lv_font_montserrat_44.c...
compiling lv_font_montserrat_40.c...
compiling lv_gpu_nxp_pxp.c...
compiling lv_font_montserrat_46.c...
compiling lv_gpu_nxp_pxp_osa.c...
compiling lv_font_montserrat_48.c...
compiling lv_gpu_nxp_vglite.c...
compiling lv_font_unscii_8.c...
compiling lv_font_simsun_16_cjk.c...
compiling lv_gpu_stm32_dma2d.c...
compiling lv_area.c...
compiling lv_async.c...
compiling lv_font_unscii_16.c...
compiling lv_anim.c...
compiling lv_color.c...
compiling lv_bidi.c...
compiling lv_gc.c...
compiling lv_fs.c...
compiling lv_log.c...
compiling lv_ll.c...
compiling lv_math.c...
compiling lv_templ.c...
compiling lv_style.c...
..\GUI\lvgl-8.0.2\src\misc\lv_style.c(75): warning:  #188-D: enumerated type mixed with another type
      return act_id;
..\GUI\lvgl-8.0.2\src\misc\lv_style.c: 1 warning, 0 errors
compiling lv_mem.c...
compiling lv_printf.c...
compiling lv_timer.c...
compiling lv_style_gen.c...
compiling lv_txt.c...
compiling lv_tlsf.c...
compiling lv_utils.c...
compiling lv_txt_ap.c...
compiling lv_btn.c...
compiling lv_bar.c...
..\GUI\lvgl-8.0.2\src\widgets\lv_bar.c(133): warning:  #188-D: enumerated type mixed with another type
          lv_bar_set_value(obj, bar->cur_value, false);
..\GUI\lvgl-8.0.2\src\widgets\lv_bar.c(137): warning:  #188-D: enumerated type mixed with another type
          lv_bar_set_value(obj, bar->cur_value, false);
..\GUI\lvgl-8.0.2\src\widgets\lv_bar.c: 2 warnings, 0 errors
compiling lv_arc.c...
compiling lv_objx_templ.c...
compiling lv_checkbox.c...
compiling lv_line.c...
compiling lv_canvas.c...
compiling lv_img.c...
compiling lv_dropdown.c...
compiling lv_btnmatrix.c...
compiling lv_label.c...
compiling lv_roller.c...
..\GUI\lvgl-8.0.2\src\widgets\lv_roller.c(335): warning:  #188-D: enumerated type mixed with another type
          refr_position(obj, false);
..\GUI\lvgl-8.0.2\src\widgets\lv_roller.c(338): warning:  #188-D: enumerated type mixed with another type
          refr_position(obj, false);
..\GUI\lvgl-8.0.2\src\widgets\lv_roller.c(368): warning:  #188-D: enumerated type mixed with another type
                      refr_position(obj, true);
..\GUI\lvgl-8.0.2\src\widgets\lv_roller.c(385): warning:  #188-D: enumerated type mixed with another type
              refr_position(obj, true);
..\GUI\lvgl-8.0.2\src\widgets\lv_roller.c(393): warning:  #188-D: enumerated type mixed with another type
                  lv_roller_set_selected(obj, roller->sel_opt_id + 1, true);
..\GUI\lvgl-8.0.2\src\widgets\lv_roller.c(401): warning:  #188-D: enumerated type mixed with another type
                  lv_roller_set_selected(obj, roller->sel_opt_id - 1, true);
..\GUI\lvgl-8.0.2\src\widgets\lv_roller.c: 6 warnings, 0 errors
compiling lv_switch.c...
compiling lv_slider.c...
compiling lv_table.c...
compiling lv_textarea.c...
linking...
Program Size: Code=91824 RO-data=10408 RW-data=1008 ZI-data=1224856  
FromELF: creating hex file...
"..\OBJ\PICTURE.axf" - 0 Error(s), 30 Warning(s).

<h2>Software Packages used:</h2>

Package Vendor: Keil
                http://www.keil.com/pack/Keil.STM32F4xx_DFP.1.0.8.pack
                Keil.STM32F4xx_DFP.1.0.8
                STMicroelectronics STM32F4 Series Device Support, Drivers and Examples

<h2>Collection of Component include folders:</h2>
  D:\IOT_Hardware\Arm\Packs\Keil\STM32F4xx_DFP\1.0.8\Device\Include

<h2>Collection of Component Files used:</h2>
Build Time Elapsed:  00:00:12
</pre>
</body>
</html>
