Component: ARM Compiler 5.06 update 7 (build 960) Tool: armlink [4d3601]

==============================================================================

Section Cross References

    main.o(.text) refers to _printf_percent.o(.ARM.Collect$$_printf_percent$$00000000) for _printf_percent
    main.o(.text) refers to _printf_s.o(.ARM.Collect$$_printf_percent$$00000014) for _printf_s
    main.o(.text) refers to _printf_str.o(.text) for _printf_str
    main.o(.text) refers to lcd.o(.text) for LCD_Clear
    main.o(.text) refers to key.o(.text) for KEY_Scan
    main.o(.text) refers to touch.o(.text) for TP_Draw_Big_Point
    main.o(.text) refers to delay.o(.text) for delay_ms
    main.o(.text) refers to lv_hal_disp.o(.text) for lv_disp_flush_ready
    main.o(.text) refers to lcd.o(.data) for POINT_COLOR
    main.o(.text) refers to lcd.o(.bss) for lcddev
    main.o(.text) refers to touch.o(.data) for tp_dev
    main.o(.text) refers to main.o(.constdata) for POINT_COLOR_TBL
    main.o(.text) refers to lv_event.o(.text) for lv_event_get_current_target
    main.o(.text) refers to lv_msgbox.o(.text) for lv_msgbox_close
    main.o(.text) refers to strcmpv7m.o(.text) for strcmp
    main.o(.text) refers to noretval__2sprintf.o(.text) for __2sprintf
    main.o(.text) refers to lv_obj_pos.o(.text) for lv_obj_align
    main.o(.text) refers to lv_textarea.o(.text) for lv_textarea_get_text
    main.o(.text) refers to lv_btnmatrix.o(.text) for lv_btnmatrix_get_selected_btn
    main.o(.text) refers to lv_label.o(.text) for lv_label_create
    main.o(.text) refers to lv_obj.o(.text) for lv_obj_clear_flag
    main.o(.text) refers to misc.o(.text) for NVIC_PriorityGroupConfig
    main.o(.text) refers to usart.o(.text) for uart_init
    main.o(.text) refers to timer.o(.text) for TIM3_Int_Init
    main.o(.text) refers to led.o(.text) for LED_Init
    main.o(.text) refers to lv_hal_indev.o(.text) for lv_indev_drv_init
    main.o(.text) refers to lv_timer.o(.text) for lv_timer_handler
    main.o(.text) refers to lv_disp.o(.text) for lv_disp_get_scr_act
    main.o(.text) refers to main.o(.data) for mbox1
    main.o(.text) refers to main.o(.bss) for userInput
    main.o(.data) refers to main.o(.conststring) for .conststring
    system_stm32f4xx.o(.text) refers to system_stm32f4xx.o(.data) for SystemCoreClock
    led.o(.text) refers to stm32f4xx_rcc.o(.text) for RCC_AHB1PeriphClockCmd
    led.o(.text) refers to stm32f4xx_gpio.o(.text) for GPIO_Init
    lcd.o(.text) refers to _printf_percent.o(.ARM.Collect$$_printf_percent$$00000000) for _printf_percent
    lcd.o(.text) refers to _printf_x.o(.ARM.Collect$$_printf_percent$$0000000C) for _printf_x
    lcd.o(.text) refers to _printf_hex_int.o(.text) for _printf_longlong_hex
    lcd.o(.text) refers to delay.o(.text) for delay_us
    lcd.o(.text) refers to lcd.o(.bss) for lcddev
    lcd.o(.text) refers to lcd.o(.data) for POINT_COLOR
    lcd.o(.text) refers to dflt_clz.o(x$fpl$dfltu) for __aeabi_ui2d
    lcd.o(.text) refers to dmul.o(x$fpl$dmul) for __aeabi_dmul
    lcd.o(.text) refers to dfixu.o(x$fpl$dfixu) for __aeabi_d2uiz
    lcd.o(.text) refers to stm32f4xx_rcc.o(.text) for RCC_AHB1PeriphClockCmd
    lcd.o(.text) refers to stm32f4xx_gpio.o(.text) for GPIO_Init
    lcd.o(.text) refers to stm32f4xx_fsmc.o(.text) for FSMC_NORSRAMInit
    lcd.o(.text) refers to noretval__2printf.o(.text) for __2printf
    lcd.o(.text) refers to lcd.o(.constdata) for asc2_1206
    key.o(.text) refers to stm32f4xx_rcc.o(.text) for RCC_AHB1PeriphClockCmd
    key.o(.text) refers to stm32f4xx_gpio.o(.text) for GPIO_Init
    key.o(.text) refers to delay.o(.text) for delay_ms
    key.o(.text) refers to key.o(.data) for key_up
    myiic.o(.text) refers to stm32f4xx_rcc.o(.text) for RCC_AHB1PeriphClockCmd
    myiic.o(.text) refers to stm32f4xx_gpio.o(.text) for GPIO_Init
    myiic.o(.text) refers to delay.o(.text) for delay_us
    24cxx.o(.text) refers to myiic.o(.text) for IIC_Init
    24cxx.o(.text) refers to delay.o(.text) for delay_ms
    ctiic.o(.text) refers to delay.o(.text) for delay_us
    ctiic.o(.text) refers to stm32f4xx_rcc.o(.text) for RCC_AHB1PeriphClockCmd
    ctiic.o(.text) refers to stm32f4xx_gpio.o(.text) for GPIO_Init
    gt9147.o(.text) refers to _printf_percent.o(.ARM.Collect$$_printf_percent$$00000000) for _printf_percent
    gt9147.o(.text) refers to _printf_s.o(.ARM.Collect$$_printf_percent$$00000014) for _printf_s
    gt9147.o(.text) refers to _printf_str.o(.text) for _printf_str
    gt9147.o(.text) refers to _printf_d.o(.ARM.Collect$$_printf_percent$$00000009) for _printf_d
    gt9147.o(.text) refers to _printf_dec.o(.text) for _printf_int_dec
    gt9147.o(.text) refers to ctiic.o(.text) for CT_IIC_Start
    gt9147.o(.text) refers to stm32f4xx_rcc.o(.text) for RCC_AHB1PeriphClockCmd
    gt9147.o(.text) refers to stm32f4xx_gpio.o(.text) for GPIO_Init
    gt9147.o(.text) refers to delay.o(.text) for delay_ms
    gt9147.o(.text) refers to noretval__2printf.o(.text) for __2printf
[...]
    lv_style_set_transform_height            0x0802ca0d   Thumb Code    22  lv_style_gen.o(.text)
    lv_style_set_translate_x                 0x0802ca23   Thumb Code    22  lv_style_gen.o(.text)
    lv_style_set_translate_y                 0x0802ca39   Thumb Code    22  lv_style_gen.o(.text)
    lv_style_set_transform_zoom              0x0802ca4f   Thumb Code    22  lv_style_gen.o(.text)
    lv_style_set_transform_angle             0x0802ca65   Thumb Code    22  lv_style_gen.o(.text)
    lv_style_set_pad_top                     0x0802ca7b   Thumb Code    22  lv_style_gen.o(.text)
    lv_style_set_pad_bottom                  0x0802ca91   Thumb Code    22  lv_style_gen.o(.text)
    lv_style_set_pad_left                    0x0802caa7   Thumb Code    22  lv_style_gen.o(.text)
    lv_style_set_pad_right                   0x0802cabd   Thumb Code    22  lv_style_gen.o(.text)
    lv_style_set_pad_row                     0x0802cad3   Thumb Code    22  lv_style_gen.o(.text)
    lv_style_set_pad_column                  0x0802cae9   Thumb Code    22  lv_style_gen.o(.text)
    lv_style_set_radius                      0x0802caff   Thumb Code    20  lv_style_gen.o(.text)
    lv_style_set_clip_corner                 0x0802cb13   Thumb Code    20  lv_style_gen.o(.text)
    lv_style_set_opa                         0x0802cb27   Thumb Code    22  lv_style_gen.o(.text)
    lv_style_set_color_filter_dsc            0x0802cb3d   Thumb Code    20  lv_style_gen.o(.text)
    lv_style_set_color_filter_opa            0x0802cb51   Thumb Code    20  lv_style_gen.o(.text)
    lv_style_set_anim_time                   0x0802cb65   Thumb Code    20  lv_style_gen.o(.text)
    lv_style_set_anim_speed                  0x0802cb79   Thumb Code    20  lv_style_gen.o(.text)
    lv_style_set_transition                  0x0802cb8d   Thumb Code    20  lv_style_gen.o(.text)
    lv_style_set_blend_mode                  0x0802cba1   Thumb Code    20  lv_style_gen.o(.text)
    lv_style_set_layout                      0x0802cbb5   Thumb Code    22  lv_style_gen.o(.text)
    lv_style_set_base_dir                    0x0802cbcb   Thumb Code    22  lv_style_gen.o(.text)
    lv_style_set_bg_color                    0x0802cbe1   Thumb Code    26  lv_style_gen.o(.text)
    lv_style_set_bg_color_filtered           0x0802cbfb   Thumb Code    28  lv_style_gen.o(.text)
    lv_style_set_bg_opa                      0x0802cc17   Thumb Code    20  lv_style_gen.o(.text)
    lv_style_set_bg_grad_color               0x0802cc2b   Thumb Code    26  lv_style_gen.o(.text)
    lv_style_set_bg_grad_color_filtered      0x0802cc45   Thumb Code    28  lv_style_gen.o(.text)
    lv_style_set_bg_grad_dir                 0x0802cc61   Thumb Code    20  lv_style_gen.o(.text)
    lv_style_set_bg_main_stop                0x0802cc75   Thumb Code    20  lv_style_gen.o(.text)
    lv_style_set_bg_grad_stop                0x0802cc89   Thumb Code    20  lv_style_gen.o(.text)
    lv_style_set_bg_img_src                  0x0802cc9d   Thumb Code    20  lv_style_gen.o(.text)
    lv_style_set_bg_img_opa                  0x0802ccb1   Thumb Code    20  lv_style_gen.o(.text)
    lv_style_set_bg_img_recolor              0x0802ccc5   Thumb Code    26  lv_style_gen.o(.text)
    lv_style_set_bg_img_recolor_filtered     0x0802ccdf   Thumb Code    28  lv_style_gen.o(.text)
    lv_style_set_bg_img_recolor_opa          0x0802ccfb   Thumb Code    20  lv_style_gen.o(.text)
    lv_style_set_bg_img_tiled                0x0802cd0f   Thumb Code    20  lv_style_gen.o(.text)
    lv_style_set_border_color                0x0802cd23   Thumb Code    26  lv_style_gen.o(.text)
    lv_style_set_border_color_filtered       0x0802cd3d   Thumb Code    28  lv_style_gen.o(.text)
    lv_style_set_border_opa                  0x0802cd59   Thumb Code    20  lv_style_gen.o(.text)
    lv_style_set_border_width                0x0802cd6d   Thumb Code    22  lv_style_gen.o(.text)
    lv_style_set_border_side                 0x0802cd83   Thumb Code    20  lv_style_gen.o(.text)
    lv_style_set_border_post                 0x0802cd97   Thumb Code    20  lv_style_gen.o(.text)
    lv_style_set_text_color                  0x0802cdab   Thumb Code    28  lv_style_gen.o(.text)
    lv_style_set_text_color_filtered         0x0802cdc7   Thumb Code    28  lv_style_gen.o(.text)
    lv_style_set_text_opa                    0x0802cde3   Thumb Code    22  lv_style_gen.o(.text)
    lv_style_set_text_font                   0x0802cdf9   Thumb Code    22  lv_style_gen.o(.text)
    lv_style_set_text_letter_space           0x0802ce0f   Thumb Code    22  lv_style_gen.o(.text)
    lv_style_set_text_line_space             0x0802ce25   Thumb Code    22  lv_style_gen.o(.text)
    lv_style_set_text_decor                  0x0802ce3b   Thumb Code    22  lv_style_gen.o(.text)
    lv_style_set_text_align                  0x0802ce51   Thumb Code    22  lv_style_gen.o(.text)
    lv_style_set_img_opa                     0x0802ce67   Thumb Code    20  lv_style_gen.o(.text)
    lv_style_set_img_recolor                 0x0802ce7b   Thumb Code    26  lv_style_gen.o(.text)
    lv_style_set_img_recolor_filtered        0x0802ce95   Thumb Code    28  lv_style_gen.o(.text)
    lv_style_set_img_recolor_opa             0x0802ceb1   Thumb Code    20  lv_style_gen.o(.text)
    lv_style_set_outline_width               0x0802cec5   Thumb Code    22  lv_style_gen.o(.text)
    lv_style_set_outline_color               0x0802cedb   Thumb Code    26  lv_style_gen.o(.text)
    lv_style_set_outline_color_filtered      0x0802cef5   Thumb Code    28  lv_style_gen.o(.text)
    lv_style_set_outline_opa                 0x0802cf11   Thumb Code    22  lv_style_gen.o(.text)
    lv_style_set_outline_pad                 0x0802cf27   Thumb Code    22  lv_style_gen.o(.text)
    lv_style_set_shadow_width                0x0802cf3d   Thumb Code    22  lv_style_gen.o(.text)
    lv_style_set_shadow_ofs_x                0x0802cf53   Thumb Code    22  lv_style_gen.o(.text)
    lv_style_set_shadow_ofs_y                0x0802cf69   Thumb Code    22  lv_style_gen.o(.text)
    lv_style_set_shadow_spread               0x0802cf7f   Thumb Code    22  lv_style_gen.o(.text)
    lv_style_set_shadow_color                0x0802cf95   Thumb Code    26  lv_style_gen.o(.text)
    lv_style_set_shadow_color_filtered       0x0802cfaf   Thumb Code    28  lv_style_gen.o(.text)
    lv_style_set_shadow_opa                  0x0802cfcb   Thumb Code    22  lv_style_gen.o(.text)
    lv_style_set_line_width                  0x0802cfe1   Thumb Code    22  lv_style_gen.o(.text)
    lv_style_set_line_dash_width             0x0802cff7   Thumb Code    20  lv_style_gen.o(.text)
    lv_style_set_line_dash_gap               0x0802d00b   Thumb Code    20  lv_style_gen.o(.text)
    lv_style_set_line_rounded                0x0802d01f   Thumb Code    20  lv_style_gen.o(.text)
    lv_style_set_line_color                  0x0802d033   Thumb Code    26  lv_style_gen.o(.text)
    lv_style_set_line_color_filtered         0x0802d04d   Thumb Code    28  lv_style_gen.o(.text)
    lv_style_set_line_opa                    0x0802d069   Thumb Code    20  lv_style_gen.o(.text)
    lv_style_set_arc_width                   0x0802d07d   Thumb Code    22  lv_style_gen.o(.text)
    lv_style_set_arc_rounded                 0x0802d093   Thumb Code    20  lv_style_gen.o(.text)
    lv_style_set_arc_color                   0x0802d0a7   Thumb Code    26  lv_style_gen.o(.text)
    lv_style_set_arc_color_filtered          0x0802d0c1   Thumb Code    28  lv_style_gen.o(.text)
    lv_style_set_arc_opa                     0x0802d0dd   Thumb Code    20  lv_style_gen.o(.text)
    lv_style_set_arc_img_src                 0x0802d0f1   Thumb Code    20  lv_style_gen.o(.text)
    lv_timer_enable                          0x0802d105   Thumb Code     6  lv_timer.o(.text)
    _lv_timer_core_init                      0x0802d10b   Thumb Code    18  lv_timer.o(.text)
    lv_timer_del                             0x0802d139   Thumb Code    26  lv_timer.o(.text)
    lv_timer_handler                         0x0802d1b3   Thumb Code   294  lv_timer.o(.text)
    lv_timer_create                          0x0802d2d9   Thumb Code    70  lv_timer.o(.text)
    lv_timer_create_basic                    0x0802d31f   Thumb Code    16  lv_timer.o(.text)
    lv_timer_set_cb                          0x0802d32f   Thumb Code     4  lv_timer.o(.text)
    lv_timer_pause                           0x0802d333   Thumb Code     6  lv_timer.o(.text)
    lv_timer_resume                          0x0802d339   Thumb Code     6  lv_timer.o(.text)
    lv_timer_set_period                      0x0802d33f   Thumb Code     4  lv_timer.o(.text)
    lv_timer_ready                           0x0802d343   Thumb Code    18  lv_timer.o(.text)
    lv_timer_set_repeat_count                0x0802d355   Thumb Code     4  lv_timer.o(.text)
    lv_timer_reset                           0x0802d359   Thumb Code    12  lv_timer.o(.text)
    lv_timer_get_idle                        0x0802d365   Thumb Code     6  lv_timer.o(.text)
    lv_timer_get_next                        0x0802d36b   Thumb Code    24  lv_timer.o(.text)
    lv_tlsf_check                            0x0802daed   Thumb Code   400  lv_tlsf.o(.text)
    lv_tlsf_walk_pool                        0x0802dc7f   Thumb Code    98  lv_tlsf.o(.text)
    lv_tlsf_block_size                       0x0802dce1   Thumb Code    30  lv_tlsf.o(.text)
    lv_tlsf_check_pool                       0x0802dcff   Thumb Code    24  lv_tlsf.o(.text)
    lv_tlsf_size                             0x0802dd17   Thumb Code     6  lv_tlsf.o(.text)
    lv_tlsf_align_size                       0x0802dd1d   Thumb Code     4  lv_tlsf.o(.text)
    lv_tlsf_block_size_min                   0x0802dd21   Thumb Code     4  lv_tlsf.o(.text)
    lv_tlsf_block_size_max                   0x0802dd25   Thumb Code     6  lv_tlsf.o(.text)
    lv_tlsf_pool_overhead                    0x0802dd2b   Thumb Code     4  lv_tlsf.o(.text)
    lv_tlsf_alloc_overhead                   0x0802dd2f   Thumb Code     4  lv_tlsf.o(.text)
    lv_tlsf_add_pool                         0x0802dd33   Thumb Code   134  lv_tlsf.o(.text)
    lv_tlsf_remove_pool                      0x0802ddb9   Thumb Code   120  lv_tlsf.o(.text)
    lv_tlsf_create                           0x0802de31   Thumb Code    32  lv_tlsf.o(.text)
    lv_tlsf_create_with_pool                 0x0802de51   Thumb Code    46  lv_tlsf.o(.text)
    lv_tlsf_destroy                          0x0802de7f   Thumb Code     2  lv_tlsf.o(.text)
    lv_tlsf_get_pool                         0x0802de81   Thumb Code    12  lv_tlsf.o(.text)
    lv_tlsf_malloc                           0x0802de8d   Thumb Code    44  lv_tlsf.o(.text)
    lv_tlsf_memalign                         0x0802deb9   Thumb Code   186  lv_tlsf.o(.text)
    lv_tlsf_free                             0x0802df73   Thumb Code    76  lv_tlsf.o(.text)
    lv_tlsf_realloc                          0x0802dfbf   Thumb Code   220  lv_tlsf.o(.text)
    _lv_txt_is_cmd                           0x0802e0b5   Thumb Code    66  lv_txt.o(.text)
    _lv_txt_encoded_letter_next_2            0x0802e0f7   Thumb Code    50  lv_txt.o(.text)
    lv_txt_get_width                         0x0802e129   Thumb Code   136  lv_txt.o(.text)
    _lv_txt_get_next_line                    0x0802e311   Thumb Code   240  lv_txt.o(.text)
    lv_txt_get_size                          0x0802e401   Thumb Code   238  lv_txt.o(.text)
    _lv_txt_ins                              0x0802e4ef   Thumb Code    80  lv_txt.o(.text)
    _lv_txt_cut                              0x0802e53f   Thumb Code    66  lv_txt.o(.text)
    _lv_txt_set_text_vfmt                    0x0802e581   Thumb Code    76  lv_txt.o(.text)
    _lv_utils_bsearch                        0x0802e929   Thumb Code    84  lv_utils.o(.text)
    lv_arc_create                            0x0802e97d   Thumb Code    24  lv_arc.o(.text)
    lv_arc_set_start_angle                   0x0802ef65   Thumb Code   172  lv_arc.o(.text)
    lv_arc_set_end_angle                     0x0802f011   Thumb Code   178  lv_arc.o(.text)
    lv_arc_set_angles                        0x0802f0c3   Thumb Code    74  lv_arc.o(.text)
    lv_arc_set_bg_start_angle                0x0802f211   Thumb Code   174  lv_arc.o(.text)
    lv_arc_set_bg_end_angle                  0x0802f2bf   Thumb Code   180  lv_arc.o(.text)
    lv_arc_set_bg_angles                     0x0802f373   Thumb Code    76  lv_arc.o(.text)
    lv_arc_set_rotation                      0x0802f3bf   Thumb Code    22  lv_arc.o(.text)
    lv_arc_set_value                         0x0802f3d5   Thumb Code    84  lv_arc.o(.text)
    lv_arc_set_mode                          0x0802f429   Thumb Code   140  lv_arc.o(.text)
    lv_arc_set_range                         0x0802f4b5   Thumb Code    70  lv_arc.o(.text)
    lv_arc_set_change_rate                   0x0802f4fb   Thumb Code    10  lv_arc.o(.text)
    lv_arc_get_angle_start                   0x0802f505   Thumb Code    10  lv_arc.o(.text)
    lv_arc_get_angle_end                     0x0802f50f   Thumb Code    10  lv_arc.o(.text)
    lv_arc_get_bg_angle_start                0x0802f519   Thumb Code    10  lv_arc.o(.text)
    lv_arc_get_bg_angle_end                  0x0802f523   Thumb Code    10  lv_arc.o(.text)
    lv_arc_get_value                         0x0802f52d   Thumb Code    12  lv_arc.o(.text)
    lv_arc_get_min_value                     0x0802f539   Thumb Code    12  lv_arc.o(.text)
    lv_arc_get_max_value                     0x0802f545   Thumb Code    12  lv_arc.o(.text)
    lv_arc_get_mode                          0x0802f551   Thumb Code    16  lv_arc.o(.text)
    lv_bar_create                            0x0802fe13   Thumb Code    24  lv_bar.o(.text)
    lv_bar_set_value                         0x0802ff03   Thumb Code   102  lv_bar.o(.text)
    lv_bar_set_start_value                   0x0802ff69   Thumb Code    94  lv_bar.o(.text)
    lv_bar_get_mode                          0x0802ffc7   Thumb Code    18  lv_bar.o(.text)
    lv_bar_set_range                         0x0802ffd9   Thumb Code    94  lv_bar.o(.text)
    lv_bar_set_mode                          0x08030037   Thumb Code    40  lv_bar.o(.text)
    lv_bar_get_value                         0x0803005f   Thumb Code    22  lv_bar.o(.text)
    lv_bar_get_start_value                   0x08030075   Thumb Code    38  lv_bar.o(.text)
    lv_bar_get_min_value                     0x0803009b   Thumb Code    12  lv_bar.o(.text)
    lv_bar_get_max_value                     0x080300a7   Thumb Code    12  lv_bar.o(.text)
    lv_btn_create                            0x08030885   Thumb Code    24  lv_btn.o(.text)
    lv_btnmatrix_create                      0x080308cf   Thumb Code    24  lv_btnmatrix.o(.text)
    lv_btnmatrix_set_map                     0x08030991   Thumb Code   548  lv_btnmatrix.o(.text)
    lv_btnmatrix_set_ctrl_map                0x08030bb5   Thumb Code    34  lv_btnmatrix.o(.text)
    lv_btnmatrix_set_selected_btn            0x08030ca5   Thumb Code    58  lv_btnmatrix.o(.text)
    lv_btnmatrix_clear_btn_ctrl              0x08030cdf   Thumb Code    52  lv_btnmatrix.o(.text)
    lv_btnmatrix_clear_btn_ctrl_all          0x08030d13   Thumb Code    42  lv_btnmatrix.o(.text)
    lv_btnmatrix_set_btn_ctrl                0x08030d3d   Thumb Code    76  lv_btnmatrix.o(.text)
    lv_btnmatrix_set_btn_ctrl_all            0x08030d89   Thumb Code    42  lv_btnmatrix.o(.text)
    lv_btnmatrix_set_btn_width               0x08030db3   Thumb Code    72  lv_btnmatrix.o(.text)
    lv_btnmatrix_has_btn_ctrl                0x08030dfb   Thumb Code    40  lv_btnmatrix.o(.text)
    lv_btnmatrix_set_one_checked             0x08030e4b   Thumb Code    26  lv_btnmatrix.o(.text)
    lv_btnmatrix_get_map                     0x08030e65   Thumb Code    12  lv_btnmatrix.o(.text)
    lv_btnmatrix_get_selected_btn            0x08030e71   Thumb Code    12  lv_btnmatrix.o(.text)
    lv_btnmatrix_get_btn_text                0x08030e7d   Thumb Code    94  lv_btnmatrix.o(.text)
    lv_btnmatrix_get_one_checked             0x08030edb   Thumb Code    18  lv_btnmatrix.o(.text)
    lv_checkbox_create                       0x08031c51   Thumb Code    24  lv_checkbox.o(.text)
    lv_checkbox_set_text                     0x08031c69   Thumb Code    70  lv_checkbox.o(.text)
    lv_checkbox_set_text_static              0x08031caf   Thumb Code    38  lv_checkbox.o(.text)
    lv_checkbox_get_text                     0x08031cd5   Thumb Code     8  lv_checkbox.o(.text)
    lv_dropdown_create                       0x080321b9   Thumb Code    24  lv_dropdown.o(.text)
    lv_dropdown_set_text                     0x080321d1   Thumb Code    32  lv_dropdown.o(.text)
    lv_dropdown_set_options                  0x080321f1   Thumb Code   150  lv_dropdown.o(.text)
    lv_dropdown_set_options_static           0x08032287   Thumb Code   108  lv_dropdown.o(.text)
    lv_dropdown_add_option                   0x080322f3   Thumb Code   344  lv_dropdown.o(.text)
    lv_dropdown_clear_options                0x0803244b   Thumb Code    62  lv_dropdown.o(.text)
    lv_dropdown_set_selected                 0x08032489   Thumb Code    50  lv_dropdown.o(.text)
    lv_dropdown_set_dir                      0x080324bb   Thumb Code    48  lv_dropdown.o(.text)
    lv_dropdown_set_symbol                   0x080324eb   Thumb Code    22  lv_dropdown.o(.text)
    lv_dropdown_set_selected_highlight       0x08032501   Thumb Code    36  lv_dropdown.o(.text)
    lv_dropdown_get_list                     0x08032525   Thumb Code    12  lv_dropdown.o(.text)
    lv_dropdown_get_text                     0x08032531   Thumb Code    12  lv_dropdown.o(.text)
    lv_dropdown_get_options                  0x0803253d   Thumb Code    12  lv_dropdown.o(.text)
    lv_dropdown_get_selected                 0x08032549   Thumb Code    12  lv_dropdown.o(.text)
    lv_dropdown_get_option_cnt               0x08032555   Thumb Code    12  lv_dropdown.o(.text)
    lv_dropdown_get_selected_str             0x08032561   Thumb Code   124  lv_dropdown.o(.text)
    lv_dropdown_get_symbol                   0x080325dd   Thumb Code    12  lv_dropdown.o(.text)
    lv_dropdown_get_selected_highlight       0x080325e9   Thumb Code    18  lv_dropdown.o(.text)
    lv_dropdown_get_dir                      0x080325fb   Thumb Code    18  lv_dropdown.o(.text)
    lv_dropdown_open                         0x080326a9   Thumb Code   776  lv_dropdown.o(.text)
    lv_dropdown_close                        0x080329b1   Thumb Code    32  lv_dropdown.o(.text)
    lv_img_create                            0x08033437   Thumb Code    24  lv_img.o(.text)
    lv_img_set_src                           0x0803344f   Thumb Code   450  lv_img.o(.text)
    lv_img_set_offset_x                      0x08033611   Thumb Code    34  lv_img.o(.text)
    lv_img_set_offset_y                      0x08033633   Thumb Code    36  lv_img.o(.text)
    lv_img_set_angle                         0x08033657   Thumb Code   280  lv_img.o(.text)
    lv_img_set_pivot                         0x0803376f   Thumb Code   286  lv_img.o(.text)
    lv_img_set_zoom                          0x0803388d   Thumb Code   280  lv_img.o(.text)
    lv_img_set_antialias                     0x080339a5   Thumb Code    42  lv_img.o(.text)
    lv_img_get_src                           0x080339cf   Thumb Code    12  lv_img.o(.text)
    lv_img_get_offset_x                      0x080339db   Thumb Code    14  lv_img.o(.text)
    lv_img_get_offset_y                      0x080339e9   Thumb Code    14  lv_img.o(.text)
    lv_img_get_angle                         0x080339f7   Thumb Code    12  lv_img.o(.text)
    lv_img_get_pivot                         0x08033a03   Thumb Code    14  lv_img.o(.text)
    lv_img_get_zoom                          0x08033a11   Thumb Code    12  lv_img.o(.text)
    lv_img_get_antialias                     0x08033a1d   Thumb Code    16  lv_img.o(.text)
    lv_label_create                          0x0803422d   Thumb Code    24  lv_label.o(.text)
    lv_label_get_text                        0x080342d5   Thumb Code    12  lv_label.o(.text)
    lv_label_get_letter_on                   0x080342e1   Thumb Code   618  lv_label.o(.text)
    lv_label_set_text                        0x08034aff   Thumb Code   168  lv_label.o(.text)
    lv_label_set_text_fmt                    0x08034ba7   Thumb Code   110  lv_label.o(.text)
    lv_label_set_text_static                 0x08034c15   Thumb Code    62  lv_label.o(.text)
    lv_label_set_long_mode                   0x08034cd7   Thumb Code   124  lv_label.o(.text)
    lv_label_set_recolor                     0x08034d53   Thumb Code    48  lv_label.o(.text)
    lv_label_set_text_sel_start              0x08034d83   Thumb Code    22  lv_label.o(.text)
    lv_label_set_text_sel_end                0x08034d99   Thumb Code    22  lv_label.o(.text)
    lv_label_get_long_mode                   0x08034daf   Thumb Code    18  lv_label.o(.text)
    lv_label_get_recolor                     0x08034dc1   Thumb Code    18  lv_label.o(.text)
    lv_label_get_letter_pos                  0x08034dd3   Thumb Code   558  lv_label.o(.text)
    lv_label_is_char_under_pos               0x08035001   Thumb Code   530  lv_label.o(.text)
    lv_label_get_text_selection_start        0x08035213   Thumb Code    12  lv_label.o(.text)
    lv_label_get_text_selection_end          0x0803521f   Thumb Code    12  lv_label.o(.text)
    lv_label_ins_text                        0x0803522b   Thumb Code   136  lv_label.o(.text)
    lv_label_cut_text                        0x080352b3   Thumb Code    74  lv_label.o(.text)
    lv_line_create                           0x08035821   Thumb Code    24  lv_line.o(.text)
    lv_line_set_points                       0x08035839   Thumb Code    36  lv_line.o(.text)
    lv_line_set_y_invert                     0x0803585d   Thumb Code    40  lv_line.o(.text)
    lv_line_get_y_invert                     0x08035885   Thumb Code    18  lv_line.o(.text)
    lv_roller_create                         0x08035aa1   Thumb Code    24  lv_roller.o(.text)
    lv_roller_set_options                    0x08035b75   Thumb Code   246  lv_roller.o(.text)
    lv_roller_set_selected                   0x08035e25   Thumb Code    88  lv_roller.o(.text)
    lv_roller_set_visible_row_count          0x08035e7d   Thumb Code    92  lv_roller.o(.text)
    lv_roller_get_selected                   0x08035ed9   Thumb Code    48  lv_roller.o(.text)
    lv_roller_get_selected_str               0x08035f09   Thumb Code   132  lv_roller.o(.text)
    lv_roller_get_options                    0x08035f8d   Thumb Code    22  lv_roller.o(.text)
    lv_roller_get_option_cnt                 0x08035fa3   Thumb Code    34  lv_roller.o(.text)
    lv_slider_create                         0x08036831   Thumb Code    24  lv_slider.o(.text)
    lv_slider_is_dragged                     0x08036849   Thumb Code    18  lv_slider.o(.text)
    lv_switch_create                         0x080373b5   Thumb Code    24  lv_switch.o(.text)
    lv_table_create                          0x08037715   Thumb Code    24  lv_table.o(.text)
    lv_table_set_row_cnt                     0x08037969   Thumb Code   176  lv_table.o(.text)
    lv_table_set_col_cnt                     0x08037a19   Thumb Code   294  lv_table.o(.text)
    lv_table_set_cell_value                  0x08037b3f   Thumb Code   178  lv_table.o(.text)
    lv_table_set_cell_value_fmt              0x08037bf1   Thumb Code   396  lv_table.o(.text)
    lv_table_set_col_width                   0x08037d7d   Thumb Code    50  lv_table.o(.text)
    lv_table_add_cell_ctrl                   0x08037daf   Thumb Code   146  lv_table.o(.text)
    lv_table_clear_cell_ctrl                 0x08037e41   Thumb Code   146  lv_table.o(.text)
    lv_table_get_cell_value                  0x08037ed3   Thumb Code    56  lv_table.o(.text)
    lv_table_get_row_cnt                     0x08037f0b   Thumb Code    12  lv_table.o(.text)
    lv_table_get_col_cnt                     0x08037f17   Thumb Code    12  lv_table.o(.text)
    lv_table_get_col_width                   0x08037f23   Thumb Code    26  lv_table.o(.text)
    lv_table_has_cell_ctrl                   0x08037f3d   Thumb Code    68  lv_table.o(.text)
    lv_table_get_selected_cell               0x08037f81   Thumb Code    14  lv_table.o(.text)
    lv_textarea_create                       0x080389bb   Thumb Code    24  lv_textarea.o(.text)
    lv_textarea_get_cursor_pos               0x080389d3   Thumb Code    12  lv_textarea.o(.text)
    lv_textarea_set_cursor_pos               0x08038d73   Thumb Code   314  lv_textarea.o(.text)
    lv_textarea_clear_selection              0x08038f67   Thumb Code    60  lv_textarea.o(.text)
    lv_textarea_get_text                     0x08038fa3   Thumb Code    36  lv_textarea.o(.text)
    lv_textarea_get_max_length               0x08039027   Thumb Code    12  lv_textarea.o(.text)
    lv_textarea_get_accepted_chars           0x08039033   Thumb Code    12  lv_textarea.o(.text)
    lv_textarea_add_text                     0x0803903f   Thumb Code   356  lv_textarea.o(.text)
    lv_textarea_add_char                     0x080391e9   Thumb Code   366  lv_textarea.o(.text)
    lv_textarea_del_char                     0x08039357   Thumb Code   216  lv_textarea.o(.text)
    lv_textarea_del_char_forward             0x0803942f   Thumb Code    42  lv_textarea.o(.text)
    lv_textarea_set_text                     0x08039459   Thumb Code   322  lv_textarea.o(.text)
    lv_textarea_set_placeholder_text         0x0803959b   Thumb Code   112  lv_textarea.o(.text)
    lv_textarea_set_cursor_click_pos         0x0803960b   Thumb Code    22  lv_textarea.o(.text)
    lv_textarea_set_password_mode            0x08039621   Thumb Code   142  lv_textarea.o(.text)
    lv_textarea_set_one_line                 0x080396af   Thumb Code   174  lv_textarea.o(.text)
    lv_textarea_set_accepted_chars           0x0803975d   Thumb Code    10  lv_textarea.o(.text)
    lv_textarea_set_max_length               0x08039767   Thumb Code    10  lv_textarea.o(.text)
    lv_textarea_set_insert_replace           0x08039771   Thumb Code    10  lv_textarea.o(.text)
    lv_textarea_set_text_selection           0x0803977b   Thumb Code    34  lv_textarea.o(.text)
    lv_textarea_set_password_show_time       0x0803979d   Thumb Code    10  lv_textarea.o(.text)
    lv_textarea_get_label                    0x080397a7   Thumb Code    12  lv_textarea.o(.text)
    lv_textarea_set_align                    0x080397b3   Thumb Code    94  lv_textarea.o(.text)
    lv_textarea_get_placeholder_text         0x08039811   Thumb Code    22  lv_textarea.o(.text)
    lv_textarea_get_cursor_click_pos         0x08039827   Thumb Code    18  lv_textarea.o(.text)
    lv_textarea_get_password_mode            0x08039839   Thumb Code    18  lv_textarea.o(.text)
    lv_textarea_get_one_line                 0x0803984b   Thumb Code    18  lv_textarea.o(.text)
    lv_textarea_text_is_selected             0x0803985d   Thumb Code    46  lv_textarea.o(.text)
    lv_textarea_get_text_selection           0x0803988b   Thumb Code    18  lv_textarea.o(.text)
    lv_textarea_get_password_show_time       0x0803989d   Thumb Code    12  lv_textarea.o(.text)
    lv_textarea_cursor_right                 0x080398a9   Thumb Code    28  lv_textarea.o(.text)
    lv_textarea_cursor_left                  0x080398c5   Thumb Code    30  lv_textarea.o(.text)
    lv_textarea_cursor_down                  0x080398e3   Thumb Code   126  lv_textarea.o(.text)
    lv_textarea_cursor_up                    0x08039961   Thumb Code   112  lv_textarea.o(.text)
    __use_no_semihosting                     0x0803a075   Thumb Code     2  use_no_semi_2.o(.text)
    __aeabi_uldivmod                         0x0803a077   Thumb Code     0  lludivv7m.o(.text)
    _ll_udiv                                 0x0803a077   Thumb Code   238  lludivv7m.o(.text)
    __2printf                                0x0803a165   Thumb Code    20  noretval__2printf.o(.text)
    __2sprintf                               0x0803a17d   Thumb Code    34  noretval__2sprintf.o(.text)
    __printf                                 0x0803a1a5   Thumb Code   104  __printf.o(.text)
    _printf_str                              0x0803a20d   Thumb Code    82  _printf_str.o(.text)
    _printf_int_dec                          0x0803a261   Thumb Code   104  _printf_dec.o(.text)
    _printf_int_hex                          0x0803a2d9   Thumb Code    84  _printf_hex_int.o(.text)
    _printf_longlong_hex                     0x0803a2d9   Thumb Code     0  _printf_hex_int.o(.text)
    strcpy                                   0x0803a331   Thumb Code    72  strcpy.o(.text)
    strlen                                   0x0803a379   Thumb Code    62  strlen.o(.text)
    strcat                                   0x0803a3b7   Thumb Code    24  strcat.o(.text)
    strcmp                                   0x0803a3d1   Thumb Code   128  strcmpv7m.o(.text)
    __use_two_region_memory                  0x0803a451   Thumb Code     2  heapauxi.o(.text)
    __rt_heap_escrow$2region                 0x0803a453   Thumb Code     2  heapauxi.o(.text)
    __rt_heap_expand$2region                 0x0803a455   Thumb Code     2  heapauxi.o(.text)
    __I$use$semihosting                      0x0803a457   Thumb Code     0  use_no_semi.o(.text)
    __use_no_semihosting_swi                 0x0803a457   Thumb Code     2  use_no_semi.o(.text)
    __read_errno                             0x0803a459   Thumb Code    10  _rserrno.o(.text)
    __set_errno                              0x0803a463   Thumb Code    12  _rserrno.o(.text)
    _printf_int_common                       0x0803a46f   Thumb Code   178  _printf_intcommon.o(.text)
    _printf_char_common                      0x0803a52b   Thumb Code    32  _printf_char_common.o(.text)
    _sputc                                   0x0803a551   Thumb Code    10  _sputc.o(.text)
    _printf_cs_common                        0x0803a55b   Thumb Code    20  _printf_char.o(.text)
    _printf_char                             0x0803a56f   Thumb Code    16  _printf_char.o(.text)
    _printf_string                           0x0803a57f   Thumb Code     8  _printf_char.o(.text)
    _printf_char_file                        0x0803a589   Thumb Code    32  _printf_char_file.o(.text)
    __aeabi_errno_addr                       0x0803a5ad   Thumb Code     8  rt_errno_addr_intlibspace.o(.text)
    __errno$intlibspace                      0x0803a5ad   Thumb Code     0  rt_errno_addr_intlibspace.o(.text)
    __rt_errno_addr$intlibspace              0x0803a5ad   Thumb Code     0  rt_errno_addr_intlibspace.o(.text)
    ferror                                   0x0803a5b5   Thumb Code     8  ferror.o(.text)
    __user_libspace                          0x0803a5bd   Thumb Code     8  libspace.o(.text)
    __user_perproc_libspace                  0x0803a5bd   Thumb Code     0  libspace.o(.text)
    __user_perthread_libspace                0x0803a5bd   Thumb Code     0  libspace.o(.text)
    __user_setup_stackheap                   0x0803a5c5   Thumb Code    74  sys_stackheap_outer.o(.text)
    exit                                     0x0803a60f   Thumb Code    18  exit.o(.text)
    __hardfp_sqrt                            0x0803a621   Thumb Code   122  sqrt.o(i.__hardfp_sqrt)
    __aeabi_dadd                             0x0803a69d   Thumb Code     0  daddsub_clz.o(x$fpl$dadd)
    _dadd                                    0x0803a69d   Thumb Code   332  daddsub_clz.o(x$fpl$dadd)
    __fpl_dcmp_Inf                           0x0803a7ed   Thumb Code    24  dcmpi.o(x$fpl$dcmpinf)
    __aeabi_d2uiz                            0x0803a805   Thumb Code     0  dfixu.o(x$fpl$dfixu)
    _dfixu                                   0x0803a805   Thumb Code    90  dfixu.o(x$fpl$dfixu)
    __aeabi_i2d                              0x0803a85f   Thumb Code     0  dflt_clz.o(x$fpl$dflt)
    _dflt                                    0x0803a85f   Thumb Code    46  dflt_clz.o(x$fpl$dflt)
    __aeabi_ui2d                             0x0803a88d   Thumb Code     0  dflt_clz.o(x$fpl$dfltu)
    _dfltu                                   0x0803a88d   Thumb Code    38  dflt_clz.o(x$fpl$dfltu)
    __aeabi_cdcmple                          0x0803a8b5   Thumb Code     0  dleqf.o(x$fpl$dleqf)
    _dcmple                                  0x0803a8b5   Thumb Code   120  dleqf.o(x$fpl$dleqf)
    __fpl_dcmple_InfNaN                      0x0803a917   Thumb Code     0  dleqf.o(x$fpl$dleqf)
    __aeabi_dmul                             0x0803a92d   Thumb Code     0  dmul.o(x$fpl$dmul)
    _dmul                                    0x0803a92d   Thumb Code   332  dmul.o(x$fpl$dmul)
    __fpl_dnaninf                            0x0803aa81   Thumb Code   156  dnaninf.o(x$fpl$dnaninf)
    __fpl_dretinf                            0x0803ab1d   Thumb Code    12  dretinf.o(x$fpl$dretinf)
    __aeabi_cdrcmple                         0x0803ab29   Thumb Code     0  drleqf.o(x$fpl$drleqf)
    _drcmple                                 0x0803ab29   Thumb Code   108  drleqf.o(x$fpl$drleqf)
    __aeabi_drsub                            0x0803ab95   Thumb Code     0  daddsub_clz.o(x$fpl$drsb)
    _drsb                                    0x0803ab95   Thumb Code    22  daddsub_clz.o(x$fpl$drsb)
    _dsqrt                                   0x0803abad   Thumb Code   404  dsqrt_umaal.o(x$fpl$dsqrt)
    __aeabi_dsub                             0x0803ad45   Thumb Code     0  daddsub_clz.o(x$fpl$dsub)
    _dsub                                    0x0803ad45   Thumb Code   464  daddsub_clz.o(x$fpl$dsub)
    __aeabi_f2d                              0x0803af19   Thumb Code     0  f2d.o(x$fpl$f2d)
    _f2d                                     0x0803af19   Thumb Code    86  f2d.o(x$fpl$f2d)
    __fpl_fnaninf                            0x0803af6f   Thumb Code   140  fnaninf.o(x$fpl$fnaninf)
    _fp_init                                 0x0803affb   Thumb Code    10  fpinit.o(x$fpl$fpinit)
    __fplib_config_fpu_vfp                   0x0803b003   Thumb Code     0  fpinit.o(x$fpl$fpinit)
    __fplib_config_pureend_doubles           0x0803b003   Thumb Code     0  fpinit.o(x$fpl$fpinit)
    POINT_COLOR_TBL                          0x0803b004   Data          10  main.o(.constdata)
    __I$use$fp                               0x0803b004   Number         0  usenofp.o(x$fpl$usenofp)
    asc2_1206                                0x0803b00e   Data        1140  lcd.o(.constdata)
    asc2_1608                                0x0803b482   Data        1520  lcd.o(.constdata)
    asc2_2412                                0x0803ba72   Data        3420  lcd.o(.constdata)
    GT9147_CFG_TBL                           0x0803c7ce   Data         184  gt9147.o(.constdata)
    GT9147_TPX_TBL                           0x0803c886   Data          10  gt9147.o(.constdata)
    OTT_TPX_TBL                              0x0803c890   Data          10  ott2001a.o(.constdata)
    FT5206_TPX_TBL                           0x0803c89a   Data          10  ft5206.o(.constdata)
    TP_REMIND_MSG_TBL                        0x0803c8a4   Data           4  touch.o(.constdata)
    FSMC_DefaultTimingStruct                 0x0803c8a8   Data          28  stm32f4xx_fsmc.o(.constdata)
    lv_obj_class                             0x0803c8c4   Data          28  lv_obj.o(.constdata)
    _lv_bpp1_opa_table                       0x0803c8e8   Data           2  lv_draw_label.o(.constdata)
    _lv_bpp2_opa_table                       0x0803c8ea   Data           4  lv_draw_label.o(.constdata)
    _lv_bpp3_opa_table                       0x0803c8ee   Data           8  lv_draw_label.o(.constdata)
    _lv_bpp4_opa_table                       0x0803c8f6   Data          16  lv_draw_label.o(.constdata)
    _lv_bpp8_opa_table                       0x0803c906   Data         256  lv_draw_label.o(.constdata)
    lv_calendar_class                        0x0803ca40   Data          28  lv_calendar.o(.constdata)
    lv_calendar_header_arrow_class           0x0803ca5c   Data          28  lv_calendar_header_arrow.o(.constdata)
    lv_calendar_header_dropdown_class        0x0803ca78   Data          28  lv_calendar_header_dropdown.o(.constdata)
    lv_chart_class                           0x0803ca94   Data          28  lv_chart.o(.constdata)
    lv_colorwheel_class                      0x0803cab0   Data          28  lv_colorwheel.o(.constdata)
    lv_keyboard_class                        0x0803cacc   Data          28  lv_keyboard.o(.constdata)
    lv_led_class                             0x0803ce60   Data          28  lv_led.o(.constdata)
    lv_list_class                            0x0803ce7c   Data          28  lv_list.o(.constdata)
    lv_list_btn_class                        0x0803ce98   Data          28  lv_list.o(.constdata)
    lv_list_text_class                       0x0803ceb4   Data          28  lv_list.o(.constdata)
    lv_meter_class                           0x0803ced0   Data          28  lv_meter.o(.constdata)
    lv_msgbox_class                          0x0803ceec   Data          28  lv_msgbox.o(.constdata)
    lv_spinbox_class                         0x0803cf08   Data          28  lv_spinbox.o(.constdata)
    lv_spinner_class                         0x0803cf24   Data          28  lv_spinner.o(.constdata)
    lv_tabview_class                         0x0803cf40   Data          28  lv_tabview.o(.constdata)
    lv_tileview_class                        0x0803cf5c   Data          28  lv_tileview.o(.constdata)
    lv_tileview_tile_class                   0x0803cf78   Data          28  lv_tileview.o(.constdata)
    lv_win_class                             0x0803cf94   Data          28  lv_win.o(.constdata)
    lv_font_montserrat_14                    0x080404d8   Data          24  lv_font_montserrat_14.o(.constdata)
    lv_arc_class                             0x08040724   Data          28  lv_arc.o(.constdata)
    lv_bar_class                             0x08040740   Data          28  lv_bar.o(.constdata)
    lv_btn_class                             0x0804075c   Data          28  lv_btn.o(.constdata)
    lv_btnmatrix_class                       0x08040778   Data          28  lv_btnmatrix.o(.constdata)
    lv_checkbox_class                        0x08040794   Data          28  lv_checkbox.o(.constdata)
    lv_dropdown_class                        0x080407b0   Data          28  lv_dropdown.o(.constdata)
    lv_dropdownlist_class                    0x080407cc   Data          28  lv_dropdown.o(.constdata)
    lv_img_class                             0x080407e8   Data          28  lv_img.o(.constdata)
    lv_label_class                           0x08040804   Data          28  lv_label.o(.constdata)
    lv_line_class                            0x08040820   Data          28  lv_line.o(.constdata)
    lv_roller_class                          0x0804083c   Data          28  lv_roller.o(.constdata)
    lv_roller_label_class                    0x08040858   Data          28  lv_roller.o(.constdata)
    lv_slider_class                          0x08040874   Data          28  lv_slider.o(.constdata)
    lv_switch_class                          0x08040890   Data          28  lv_switch.o(.constdata)
    lv_table_class                           0x080408ac   Data          28  lv_table.o(.constdata)
    lv_textarea_class                        0x080408c8   Data          28  lv_textarea.o(.constdata)
    Region$$Table$$Base                      0x08040e5c   Number         0  anon$$obj.o(Region$$Table)
    Region$$Table$$Limit                     0x08040e7c   Number         0  anon$$obj.o(Region$$Table)
    mbox1                                    0x20000000   Data           4  main.o(.data)
    SystemCoreClock                          0x20000050   Data           4  system_stm32f4xx.o(.data)
    AHBPrescTable                            0x20000054   Data          16  system_stm32f4xx.o(.data)
    POINT_COLOR                              0x20000064   Data           2  lcd.o(.data)
    BACK_COLOR                               0x20000066   Data           2  lcd.o(.data)
    tp_dev                                   0x2000006c   Data          52  touch.o(.data)
    CMD_RDX                                  0x200000a0   Data           1  touch.o(.data)
    CMD_RDY                                  0x200000a1   Data           1  touch.o(.data)
    __stdout                                 0x200000a8   Data           4  usart.o(.data)
    USART_RX_STA                             0x200000ac   Data           2  usart.o(.data)
    LV_LAYOUT_FLEX                           0x20000104   Data           4  lv_flex.o(.data)
    LV_STYLE_FLEX_FLOW                       0x20000108   Data           2  lv_flex.o(.data)
    LV_STYLE_FLEX_MAIN_PLACE                 0x2000010a   Data           2  lv_flex.o(.data)
    LV_STYLE_FLEX_CROSS_PLACE                0x2000010c   Data           2  lv_flex.o(.data)
    LV_STYLE_FLEX_TRACK_PLACE                0x2000010e   Data           2  lv_flex.o(.data)
    LV_STYLE_FLEX_GROW                       0x20000110   Data           2  lv_flex.o(.data)
    LV_LAYOUT_GRID                           0x20000114   Data           4  lv_grid.o(.data)
    LV_STYLE_GRID_COLUMN_DSC_ARRAY           0x20000118   Data           2  lv_grid.o(.data)
    LV_STYLE_GRID_COLUMN_ALIGN               0x2000011a   Data           2  lv_grid.o(.data)
    LV_STYLE_GRID_ROW_DSC_ARRAY              0x2000011c   Data           2  lv_grid.o(.data)
    LV_STYLE_GRID_ROW_ALIGN                  0x2000011e   Data           2  lv_grid.o(.data)
    LV_STYLE_GRID_CELL_COLUMN_POS            0x20000120   Data           2  lv_grid.o(.data)
    LV_STYLE_GRID_CELL_COLUMN_SPAN           0x20000122   Data           2  lv_grid.o(.data)
    LV_STYLE_GRID_CELL_X_ALIGN               0x20000124   Data           2  lv_grid.o(.data)
    LV_STYLE_GRID_CELL_ROW_POS               0x20000126   Data           2  lv_grid.o(.data)
    LV_STYLE_GRID_CELL_ROW_SPAN              0x20000128   Data           2  lv_grid.o(.data)
    LV_STYLE_GRID_CELL_Y_ALIGN               0x2000012a   Data           2  lv_grid.o(.data)
    _lv_layout_list                          0x2000020c   Data           4  lv_gc.o(.data)
    _lv_timer_act                            0x20000210   Data           4  lv_gc.o(.data)
    _lv_theme_default_styles                 0x20000214   Data           4  lv_gc.o(.data)
    _lv_txt_encoded_size                     0x2000023c   Data           4  lv_txt.o(.data)
    _lv_txt_unicode_to_encoded               0x20000240   Data           4  lv_txt.o(.data)
    _lv_txt_encoded_conv_wc                  0x20000244   Data           4  lv_txt.o(.data)
    _lv_txt_encoded_next                     0x20000248   Data           4  lv_txt.o(.data)
    _lv_txt_encoded_prev                     0x2000024c   Data           4  lv_txt.o(.data)
    _lv_txt_encoded_get_byte_id              0x20000250   Data           4  lv_txt.o(.data)
    _lv_txt_encoded_get_char_id              0x20000254   Data           4  lv_txt.o(.data)
    _lv_txt_get_encoded_length               0x20000258   Data           4  lv_txt.o(.data)
    userInput                                0x2000027c   Data          40  main.o(.bss)
    lcddev                                   0x20012f20   Data          14  lcd.o(.bss)
    USART_RX_BUF                             0x20012f2e   Data         200  usart.o(.bss)
    _lv_timer_ll                             0x20013144   Data          12  lv_gc.o(.bss)
    _lv_disp_ll                              0x20013150   Data          12  lv_gc.o(.bss)
    _lv_indev_ll                             0x2001315c   Data          12  lv_gc.o(.bss)
    _lv_fsdrv_ll                             0x20013168   Data          12  lv_gc.o(.bss)
    _lv_anim_ll                              0x20013174   Data          12  lv_gc.o(.bss)
    _lv_group_ll                             0x20013180   Data          12  lv_gc.o(.bss)
    _lv_img_decoder_ll                       0x2001318c   Data          12  lv_gc.o(.bss)
    _lv_obj_style_trans_ll                   0x20013198   Data          12  lv_gc.o(.bss)
    _lv_img_cache_single                     0x200131a4   Data          44  lv_gc.o(.bss)
    lv_mem_buf                               0x200131d0   Data         128  lv_gc.o(.bss)
    _lv_draw_mask_list                       0x20013250   Data         128  lv_gc.o(.bss)
    __libspace_start                         0x2001b2d0   Data          96  libspace.o(.bss)
    __temporary_stack_top$libspace           0x2001b330   Data           0  libspace.o(.bss)



==============================================================================

Memory Map of the image

  Image Entry point : 0x08000189

  Load Region LR_IROM1 (Base: 0x08000000, Size: 0x000410f8, Max: 0x00100000, ABSOLUTE, COMPRESSED[0x00040f84])

    Execution Region ER_IROM1 (Exec base: 0x08000000, Load base: 0x08000000, Size: 0x00040e7c, Max: 0x00100000, ABSOLUTE)

    Exec Addr    Load Addr    Size         Type   Attr      Idx    E Section Name        Object

    0x08000000   0x08000000   0x00000188   Data   RO         1204    RESET               startup_stm32f40_41xxx.o
    0x08000188   0x08000188   0x00000008   Code   RO        13906  * !!!main             c_w.l(__main.o)
    0x08000190   0x08000190   0x00000034   Code   RO        14146    !!!scatter          c_w.l(__scatter.o)
    0x080001c4   0x080001c4   0x0000005a   Code   RO        14144    !!dczerorl2         c_w.l(__dczerorl2.o)
    0x0800021e   0x0800021e   0x00000002   PAD
    0x08000220   0x08000220   0x0000001c   Code   RO        14148    !!handler_zi        c_w.l(__scatter_zi.o)
    0x0800023c   0x0800023c   0x00000000   Code   RO        13889    .ARM.Collect$$_printf_percent$$00000000  c_w.l(_printf_percent.o)
    0x0800023c   0x0800023c   0x00000006   Code   RO        13888    .ARM.Collect$$_printf_percent$$00000009  c_w.l(_printf_d.o)
    0x08000242   0x08000242   0x00000006   Code   RO        13887    .ARM.Collect$$_printf_percent$$0000000C  c_w.l(_printf_x.o)
    0x08000248   0x08000248   0x00000006   Code   RO        13886    .ARM.Collect$$_printf_percent$$00000014  c_w.l(_printf_s.o)
    0x0800024e   0x0800024e   0x00000004   Code   RO        13963    .ARM.Collect$$_printf_percent$$00000017  c_w.l(_printf_percent_end.o)
    0x08000252   0x08000252   0x00000002   Code   RO        14019    .ARM.Collect$$libinit$$00000000  c_w.l(libinit.o)
    0x08000254   0x08000254   0x00000004   Code   RO        14028    .ARM.Collect$$libinit$$00000001  c_w.l(libinit2.o)
    0x08000258   0x08000258   0x00000000   Code   RO        14031    .ARM.Collect$$libinit$$00000004  c_w.l(libinit2.o)
    0x08000258   0x08000258   0x00000000   Code   RO        14034    .ARM.Collect$$libinit$$0000000A  c_w.l(libinit2.o)
    0x08000258   0x08000258   0x00000000   Code   RO        14036    .ARM.Collect$$libinit$$0000000C  c_w.l(libinit2.o)
    0x08000258   0x08000258   0x00000000   Code   RO        14038    .ARM.Collect$$libinit$$0000000E  c_w.l(libinit2.o)
    0x08000258   0x08000258   0x00000000   Code   RO        14041    .ARM.Collect$$libinit$$00000011  c_w.l(libinit2.o)
    0x08000258   0x08000258   0x00000000   Code   RO        14043    .ARM.Collect$$libinit$$00000013  c_w.l(libinit2.o)
    0x08000258   0x08000258   0x00000000   Code   RO        14045    .ARM.Collect$$libinit$$00000015  c_w.l(libinit2.o)
    0x08000258   0x08000258   0x00000000   Code   RO        14047    .ARM.Collect$$libinit$$00000017  c_w.l(libinit2.o)
    0x08000258   0x08000258   0x00000000   Code   RO        14049    .ARM.Collect$$libinit$$00000019  c_w.l(libinit2.o)
    0x08000258   0x08000258   0x00000000   Code   RO        14051    .ARM.Collect$$libinit$$0000001B  c_w.l(libinit2.o)
    0x08000258   0x08000258   0x00000000   Code   RO        14053    .ARM.Collect$$libinit$$0000001D  c_w.l(libinit2.o)
    0x08000258   0x08000258   0x00000000   Code   RO        14055    .ARM.Collect$$libinit$$0000001F  c_w.l(libinit2.o)
    0x08000258   0x08000258   0x00000000   Code   RO        14057    .ARM.Collect$$libinit$$00000021  c_w.l(libinit2.o)
    0x08000258   0x08000258   0x00000000   Code   RO        14059    .ARM.Collect$$libinit$$00000023  c_w.l(libinit2.o)
    0x08000258   0x08000258   0x00000000   Code   RO        14061    .ARM.Collect$$libinit$$00000025  c_w.l(libinit2.o)
    0x08000258   0x08000258   0x00000000   Code   RO        14065    .ARM.Collect$$libinit$$0000002C  c_w.l(libinit2.o)
    0x08000258   0x08000258   0x00000000   Code   RO        14067    .ARM.Collect$$libinit$$0000002E  c_w.l(libinit2.o)
    0x08000258   0x08000258   0x00000000   Code   RO        14069    .ARM.Collect$$libinit$$00000030  c_w.l(libinit2.o)
    0x08000258   0x08000258   0x00000000   Code   RO        14071    .ARM.Collect$$libinit$$00000032  c_w.l(libinit2.o)
    0x08000258   0x08000258   0x00000002   Code   RO        14072    .ARM.Collect$$libinit$$00000033  c_w.l(libinit2.o)
    0x0800025a   0x0800025a   0x00000002   Code   RO        14098    .ARM.Collect$$libshutdown$$00000000  c_w.l(libshutdown.o)
    0x0800025c   0x0800025c   0x00000000   Code   RO        14125    .ARM.Collect$$libshutdown$$00000002  c_w.l(libshutdown2.o)
    0x0800025c   0x0800025c   0x00000000   Code   RO        14127    .ARM.Collect$$libshutdown$$00000004  c_w.l(libshutdown2.o)
    0x0800025c   0x0800025c   0x00000000   Code   RO        14129    .ARM.Collect$$libshutdown$$00000006  c_w.l(libshutdown2.o)
    0x0800025c   0x0800025c   0x00000000   Code   RO        14132    .ARM.Collect$$libshutdown$$00000009  c_w.l(libshutdown2.o)
    0x0800025c   0x0800025c   0x00000000   Code   RO        14135    .ARM.Collect$$libshutdown$$0000000C  c_w.l(libshutdown2.o)
    0x0800025c   0x0800025c   0x00000000   Code   RO        14137    .ARM.Collect$$libshutdown$$0000000E  c_w.l(libshutdown2.o)
    0x0800025c   0x0800025c   0x00000000   Code   RO        14140    .ARM.Collect$$libshutdown$$00000011  c_w.l(libshutdown2.o)
    0x0800025c   0x0800025c   0x00000002   Code   RO        14141    .ARM.Collect$$libshutdown$$00000012  c_w.l(libshutdown2.o)
    0x0800025e   0x0800025e   0x00000000   Code   RO        13946    .ARM.Collect$$rtentry$$00000000  c_w.l(__rtentry.o)
    0x0800025e   0x0800025e   0x00000000   Code   RO        13976    .ARM.Collect$$rtentry$$00000002  c_w.l(__rtentry2.o)
    0x0800025e   0x0800025e   0x00000006   Code   RO        13988    .ARM.Collect$$rtentry$$00000004  c_w.l(__rtentry4.o)
    0x08000264   0x08000264   0x00000000   Code   RO        13978    .ARM.Collect$$rtentry$$00000009  c_w.l(__rtentry2.o)
    0x08000264   0x08000264   0x00000004   Code   RO        13979    .ARM.Collect$$rtentry$$0000000A  c_w.l(__rtentry2.o)
    0x08000268   0x08000268   0x00000000   Code   RO        13981    .ARM.Collect$$rtentry$$0000000C  c_w.l(__rtentry2.o)
    0x08000268   0x08000268   0x00000008   Code   RO        13982    .ARM.Collect$$rtentry$$0000000D  c_w.l(__rtentry2.o)
    0x08000270   0x08000270   0x00000002   Code   RO        14020    .ARM.Collect$$rtexit$$00000000  c_w.l(rtexit.o)
    0x08000272   0x08000272   0x00000000   Code   RO        14074    .ARM.Collect$$rtexit$$00000002  c_w.l(rtexit2.o)
    0x08000272   0x08000272   0x00000004   Code   RO        14075    .ARM.Collect$$rtexit$$00000003  c_w.l(rtexit2.o)
    0x08000276   0x08000276   0x00000006   Code   RO        14076    .ARM.Collect$$rtexit$$00000004  c_w.l(rtexit2.o)
    0x0800027c   0x0800027c   0x000006f0   Code   RO            3    .text               main.o
    0x0800096c   0x0800096c   0x0000001a   Code   RO          556    .text               stm32f4xx_it.o
    0x08000986   0x08000986   0x00000002   PAD
    0x08000988   0x08000988   0x00000210   Code   RO          605    .text               system_stm32f4xx.o
    0x08000b98   0x08000b98   0x00000040   Code   RO          631    .text               led.o
    0x08000bd8   0x08000bd8   0x00004c80   Code   RO          651    .text               lcd.o
    0x08005858   0x08005858   0x00000104   Code   RO          689    .text               key.o
    0x0800595c   0x0800595c   0x0000025c   Code   RO          710    .text               myiic.o
    0x08005bb8   0x08005bb8   0x0000017a   Code   RO          733    .text               24cxx.o
    0x08005d32   0x08005d32   0x00000002   PAD
    0x08005d34   0x08005d34   0x00000254   Code   RO          756    .text               ctiic.o
    0x08005f88   0x08005f88   0x00000430   Code   RO          779    .text               gt9147.o
    0x080063b8   0x080063b8   0x00000388   Code   RO          807    .text               ott2001a.o
    0x08006740   0x08006740   0x0000032c   Code   RO          831    .text               ft5206.o
    0x08006a6c   0x08006a6c   0x000010e0   Code   RO          855    .text               touch.o
    0x08007b4c   0x08007b4c   0x0000007c   Code   RO          887    .text               timer.o
    0x08007bc8   0x08007bc8   0x00000104   Code   RO         1133    .text               delay.o
    0x08007ccc   0x08007ccc   0x00000148   Code   RO         1173    .text               usart.o
    0x08007e14   0x08007e14   0x00000040   Code   RO         1205    .text               startup_stm32f40_41xxx.o
    0x08007e54   0x08007e54   0x000000e0   Code   RO         1211    .text               misc.o
    0x08007f34   0x08007f34   0x00000294   Code   RO         1231    .text               stm32f4xx_gpio.o
    0x080081c8   0x080081c8   0x000005c8   Code   RO         1251    .text               stm32f4xx_fsmc.o
    0x08008790   0x08008790   0x0000065c   Code   RO         1274    .text               stm32f4xx_rcc.o
    0x08008dec   0x08008dec   0x00000454   Code   RO         1316    .text               stm32f4xx_usart.o
    0x08009240   0x08009240   0x00000ca2   Code   RO         1336    .text               stm32f4xx_tim.o
    0x08009ee2   0x08009ee2   0x00000002   PAD
    0x08009ee4   0x08009ee4   0x00000480   Code   RO         1354    .text               lv_hal_disp.o
    0x0800a364   0x0800a364   0x000000ec   Code   RO         1525    .text               lv_hal_indev.o
    0x0800a450   0x0800a450   0x0000004c   Code   RO         1654    .text               lv_hal_tick.o
    0x0800a49c   0x0800a49c   0x0000059c   Code   RO         1677    .text               lv_disp.o
    0x0800aa38   0x0800aa38   0x00000588   Code   RO         1842    .text               lv_event.o
    0x0800afc0   0x0800afc0   0x000005de   Code   RO         1966    .text               lv_group.o
    0x0800b59e   0x0800b59e   0x00000002   PAD
    0x0800b5a0   0x0800b5a0   0x000011a0   Code   RO         2122    .text               lv_indev.o
    0x0800c740   0x0800c740   0x00000d2a   Code   RO         2178    .text               lv_indev_scroll.o
    0x0800d46a   0x0800d46a   0x00000002   PAD
    0x0800d46c   0x0800d46c   0x00000e98   Code   RO         2261    .text               lv_obj.o
    0x0800e304   0x0800e304   0x00000216   Code   RO         2363    .text               lv_obj_class.o
    0x0800e51a   0x0800e51a   0x00000920   Code   RO         2375    .text               lv_obj_draw.o
    0x0800ee3a   0x0800ee3a   0x00000002   PAD
    0x0800ee3c   0x0800ee3c   0x000016d8   Code   RO         2507    .text               lv_obj_pos.o
    0x08010514   0x08010514   0x00001370   Code   RO         2603    .text               lv_obj_scroll.o
    0x08011884   0x08011884   0x0000121c   Code   RO         2704    .text               lv_obj_style.o
    0x08012aa0   0x08012aa0   0x00000960   Code   RO         2798    .text               lv_obj_style_gen.o
    0x08013400   0x08013400   0x000005e4   Code   RO         2840    .text               lv_obj_tree.o
    0x080139e4   0x080139e4   0x00000da8   Code   RO         2858    .text               lv_refr.o
    0x0801478c   0x0801478c   0x00000100   Code   RO         2877    .text               lv_theme.o
    0x0801488c   0x0801488c   0x00001030   Code   RO         3224    .text               lv_draw_arc.o
    0x080158bc   0x080158bc   0x0000111c   Code   RO         3307    .text               lv_draw_blend.o
    0x080169d8   0x080169d8   0x00000a40   Code   RO         3426    .text               lv_draw_img.o
    0x08017418   0x08017418   0x00000adc   Code   RO         3524    .text               lv_draw_label.o
    0x08017ef4   0x08017ef4   0x00000bce   Code   RO         3620    .text               lv_draw_line.o
    0x08018ac2   0x08018ac2   0x00000002   PAD
    0x08018ac4   0x08018ac4   0x000015f4   Code   RO         3725    .text               lv_draw_mask.o
    0x0801a0b8   0x0801a0b8   0x000024e8   Code   RO         3771    .text               lv_draw_rect.o
    0x0801c5a0   0x0801c5a0   0x000011c4   Code   RO         3898    .text               lv_img_buf.o
    0x0801d764   0x0801d764   0x0000005c   Code   RO         3931    .text               lv_img_cache.o
    0x0801d7c0   0x0801d7c0   0x000009f0   Code   RO         3971    .text               lv_img_decoder.o
    0x0801e1b0   0x0801e1b0   0x00000f04   Code   RO         4040    .text               lv_flex.o
    0x0801f0b4   0x0801f0b4   0x00000f44   Code   RO         4209    .text               lv_grid.o
    0x0801fff8   0x0801fff8   0x000028ec   Code   RO         4732    .text               lv_theme_default.o
    0x080228e4   0x080228e4   0x00000548   Code   RO         5790    .text               lv_calendar.o
    0x08022e2c   0x08022e2c   0x000002d4   Code   RO         6141    .text               lv_calendar_header_arrow.o
    0x08023100   0x08023100   0x00000254   Code   RO         6325    .text               lv_calendar_header_dropdown.o
    0x08023354   0x08023354   0x00002790   Code   RO         6353    .text               lv_chart.o
    0x08025ae4   0x08025ae4   0x00000e28   Code   RO         6702    .text               lv_colorwheel.o
    0x0802690c   0x0802690c   0x00000394   Code   RO         7401    .text               lv_keyboard.o
    0x08026ca0   0x08026ca0   0x000003f8   Code   RO         7577    .text               lv_led.o
    0x08027098   0x08027098   0x00001014   Code   RO         8110    .text               lv_meter.o
    0x080280ac   0x080280ac   0x00000330   Code   RO         8459    .text               lv_msgbox.o
    0x080283dc   0x080283dc   0x000005ac   Code   RO         9158    .text               lv_spinbox.o
    0x08028988   0x08028988   0x000000f4   Code   RO         9507    .text               lv_spinner.o
    0x08028a7c   0x08028a7c   0x00000560   Code   RO         9857    .text               lv_tabview.o
    0x08028fdc   0x08028fdc   0x00000290   Code   RO        10207    .text               lv_tileview.o
    0x0802926c   0x0802926c   0x0000013c   Code   RO        10370    .text               lv_win.o
    0x080293a8   0x080293a8   0x0000000c   Code   RO        10720    .text               lv_extra.o
    0x080293b4   0x080293b4   0x00000050   Code   RO        11067    .text               lv_font.o
    0x08029404   0x08029404   0x000003c8   Code   RO        11445    .text               lv_font_fmt_txt.o
    0x080297cc   0x080297cc   0x00000602   Code   RO        12059    .text               lv_anim.o
    0x08029dce   0x08029dce   0x000007ec   Code   RO        12137    .text               lv_area.o
    0x0802a5ba   0x0802a5ba   0x00000002   PAD
    0x0802a5bc   0x0802a5bc   0x00000058   Code   RO        12152    .text               lv_async.o
    0x0802a614   0x0802a614   0x0000050c   Code   RO        12202    .text               lv_color.o
    0x0802ab20   0x0802ab20   0x000003e4   Code   RO        12218    .text               lv_fs.o
    0x0802af04   0x0802af04   0x000000ac   Code   RO        12243    .text               lv_gc.o
    0x0802afb0   0x0802afb0   0x00000342   Code   RO        12262    .text               lv_ll.o
    0x0802b2f2   0x0802b2f2   0x00000002   PAD
    0x0802b2f4   0x0802b2f4   0x00000244   Code   RO        12280    .text               lv_math.o
    0x0802b538   0x0802b538   0x00000680   Code   RO        12295    .text               lv_mem.o
    0x0802bbb8   0x0802bbb8   0x00000924   Code   RO        12316    .text               lv_printf.o
    0x0802c4dc   0x0802c4dc   0x00000454   Code   RO        12328    .text               lv_style.o
    0x0802c930   0x0802c930   0x000007d4   Code   RO        12369    .text               lv_style_gen.o
    0x0802d104   0x0802d104   0x000002a8   Code   RO        12392    .text               lv_timer.o
    0x0802d3ac   0x0802d3ac   0x00000cee   Code   RO        12406    .text               lv_tlsf.o
    0x0802e09a   0x0802e09a   0x00000002   PAD
    0x0802e09c   0x0802e09c   0x0000088c   Code   RO        12421    .text               lv_txt.o
    0x0802e928   0x0802e928   0x00000054   Code   RO        12514    .text               lv_utils.o
    0x0802e97c   0x0802e97c   0x00001484   Code   RO        12529    .text               lv_arc.o
    0x0802fe00   0x0802fe00   0x00000a84   Code   RO        12694    .text               lv_bar.o
    0x08030884   0x08030884   0x00000038   Code   RO        12794    .text               lv_btn.o
    0x080308bc   0x080308bc   0x00001392   Code   RO        12818    .text               lv_btnmatrix.o
    0x08031c4e   0x08031c4e   0x00000002   PAD
    0x08031c50   0x08031c50   0x00000566   Code   RO        12993    .text               lv_checkbox.o
    0x080321b6   0x080321b6   0x00000002   PAD
    0x080321b8   0x080321b8   0x0000126c   Code   RO        13082    .text               lv_dropdown.o
    0x08033424   0x08033424   0x00000e08   Code   RO        13184    .text               lv_img.o
    0x0803422c   0x0803422c   0x000015f4   Code   RO        13266    .text               lv_label.o
    0x08035820   0x08035820   0x00000280   Code   RO        13358    .text               lv_line.o
    0x08035aa0   0x08035aa0   0x00000d60   Code   RO        13383    .text               lv_roller.o
    0x08036800   0x08036800   0x00000bb4   Code   RO        13463    .text               lv_slider.o
    0x080373b4   0x080373b4   0x00000360   Code   RO        13533    .text               lv_switch.o
    0x08037714   0x08037714   0x00001294   Code   RO        13632    .text               lv_table.o
    0x080389a8   0x080389a8   0x000016cc   Code   RO        13728    .text               lv_textarea.o
    0x0803a074   0x0803a074   0x00000002   Code   RO        13827    .text               c_w.l(use_no_semi_2.o)
    0x0803a076   0x0803a076   0x000000ee   Code   RO        13829    .text               c_w.l(lludivv7m.o)
    0x0803a164   0x0803a164   0x00000018   Code   RO        13835    .text               c_w.l(noretval__2printf.o)
    0x0803a17c   0x0803a17c   0x00000028   Code   RO        13837    .text               c_w.l(noretval__2sprintf.o)
    0x0803a1a4   0x0803a1a4   0x00000068   Code   RO        13839    .text               c_w.l(__printf.o)
    0x0803a20c   0x0803a20c   0x00000052   Code   RO        13841    .text               c_w.l(_printf_str.o)
    0x0803a25e   0x0803a25e   0x00000002   PAD
    0x0803a260   0x0803a260   0x00000078   Code   RO        13843    .text               c_w.l(_printf_dec.o)
    0x0803a2d8   0x0803a2d8   0x00000058   Code   RO        13848    .text               c_w.l(_printf_hex_int.o)
    0x0803a330   0x0803a330   0x00000048   Code   RO        13892    .text               c_w.l(strcpy.o)
    0x0803a378   0x0803a378   0x0000003e   Code   RO        13894    .text               c_w.l(strlen.o)
    0x0803a3b6   0x0803a3b6   0x00000018   Code   RO        13896    .text               c_w.l(strcat.o)
    0x0803a3ce   0x0803a3ce   0x00000002   PAD
    0x0803a3d0   0x0803a3d0   0x00000080   Code   RO        13902    .text               c_w.l(strcmpv7m.o)
    0x0803a450   0x0803a450   0x00000006   Code   RO        13904    .text               c_w.l(heapauxi.o)
    0x0803a456   0x0803a456   0x00000002   Code   RO        13944    .text               c_w.l(use_no_semi.o)
    0x0803a458   0x0803a458   0x00000016   Code   RO        13951    .text               c_w.l(_rserrno.o)
    0x0803a46e   0x0803a46e   0x000000b2   Code   RO        13953    .text               c_w.l(_printf_intcommon.o)
    0x0803a520   0x0803a520   0x00000030   Code   RO        13955    .text               c_w.l(_printf_char_common.o)
    0x0803a550   0x0803a550   0x0000000a   Code   RO        13957    .text               c_w.l(_sputc.o)
    0x0803a55a   0x0803a55a   0x0000002c   Code   RO        13959    .text               c_w.l(_printf_char.o)
    0x0803a586   0x0803a586   0x00000002   PAD
    0x0803a588   0x0803a588   0x00000024   Code   RO        13961    .text               c_w.l(_printf_char_file.o)
    0x0803a5ac   0x0803a5ac   0x00000008   Code   RO        13995    .text               c_w.l(rt_errno_addr_intlibspace.o)
    0x0803a5b4   0x0803a5b4   0x00000008   Code   RO        13999    .text               c_w.l(ferror.o)
    0x0803a5bc   0x0803a5bc   0x00000008   Code   RO        14003    .text               c_w.l(libspace.o)
    0x0803a5c4   0x0803a5c4   0x0000004a   Code   RO        14006    .text               c_w.l(sys_stackheap_outer.o)
    0x0803a60e   0x0803a60e   0x00000012   Code   RO        14008    .text               c_w.l(exit.o)
    0x0803a620   0x0803a620   0x0000007a   Code   RO        13932    i.__hardfp_sqrt     m_wm.l(sqrt.o)
    0x0803a69a   0x0803a69a   0x00000002   PAD
    0x0803a69c   0x0803a69c   0x00000150   Code   RO        13908    x$fpl$dadd          fz_wm.l(daddsub_clz.o)
    0x0803a7ec   0x0803a7ec   0x00000018   Code   RO        13964    x$fpl$dcmpinf       fz_wm.l(dcmpi.o)
    0x0803a804   0x0803a804   0x0000005a   Code   RO        13914    x$fpl$dfixu         fz_wm.l(dfixu.o)
    0x0803a85e   0x0803a85e   0x0000002e   Code   RO        13919    x$fpl$dflt          fz_wm.l(dflt_clz.o)
    0x0803a88c   0x0803a88c   0x00000026   Code   RO        13918    x$fpl$dfltu         fz_wm.l(dflt_clz.o)
    0x0803a8b2   0x0803a8b2   0x00000002   PAD
    0x0803a8b4   0x0803a8b4   0x00000078   Code   RO        13924    x$fpl$dleqf         fz_wm.l(dleqf.o)
    0x0803a92c   0x0803a92c   0x00000154   Code   RO        13926    x$fpl$dmul          fz_wm.l(dmul.o)
    0x0803aa80   0x0803aa80   0x0000009c   Code   RO        13966    x$fpl$dnaninf       fz_wm.l(dnaninf.o)
    0x0803ab1c   0x0803ab1c   0x0000000c   Code   RO        13968    x$fpl$dretinf       fz_wm.l(dretinf.o)
    0x0803ab28   0x0803ab28   0x0000006c   Code   RO        13928    x$fpl$drleqf        fz_wm.l(drleqf.o)
    0x0803ab94   0x0803ab94   0x00000016   Code   RO        13909    x$fpl$drsb          fz_wm.l(daddsub_clz.o)
    0x0803abaa   0x0803abaa   0x00000002   PAD
    0x0803abac   0x0803abac   0x00000198   Code   RO        13970    x$fpl$dsqrt         fz_wm.l(dsqrt_umaal.o)
    0x0803ad44   0x0803ad44   0x000001d4   Code   RO        13910    x$fpl$dsub          fz_wm.l(daddsub_clz.o)
    0x0803af18   0x0803af18   0x00000056   Code   RO        13930    x$fpl$f2d           fz_wm.l(f2d.o)
    0x0803af6e   0x0803af6e   0x0000008c   Code   RO        13972    x$fpl$fnaninf       fz_wm.l(fnaninf.o)
    0x0803affa   0x0803affa   0x0000000a   Code   RO        14086    x$fpl$fpinit        fz_wm.l(fpinit.o)
    0x0803b004   0x0803b004   0x00000000   Code   RO        13974    x$fpl$usenofp       fz_wm.l(usenofp.o)
    0x0803b004   0x0803b004   0x0000000a   Data   RO            5    .constdata          main.o
    0x0803b00e   0x0803b00e   0x000017c0   Data   RO          653    .constdata          lcd.o
    0x0803c7ce   0x0803c7ce   0x000000c2   Data   RO          780    .constdata          gt9147.o
    0x0803c890   0x0803c890   0x0000000a   Data   RO          808    .constdata          ott2001a.o
    0x0803c89a   0x0803c89a   0x0000000a   Data   RO          832    .constdata          ft5206.o
    0x0803c8a4   0x0803c8a4   0x00000004   Data   RO          856    .constdata          touch.o
    0x0803c8a8   0x0803c8a8   0x0000001c   Data   RO         1252    .constdata          stm32f4xx_fsmc.o
    0x0803c8c4   0x0803c8c4   0x0000001c   Data   RO         2262    .constdata          lv_obj.o
    0x0803c8e0   0x0803c8e0   0x00000008   Data   RO         2508    .constdata          lv_obj_pos.o
    0x0803c8e8   0x0803c8e8   0x0000011e   Data   RO         3526    .constdata          lv_draw_label.o
    0x0803ca06   0x0803ca06   0x00000021   Data   RO         3621    .constdata          lv_draw_line.o
    0x0803ca27   0x0803ca27   0x00000001   PAD
    0x0803ca28   0x0803ca28   0x00000016   Data   RO         4734    .constdata          lv_theme_default.o
    0x0803ca3e   0x0803ca3e   0x00000002   PAD
    0x0803ca40   0x0803ca40   0x0000001c   Data   RO         5791    .constdata          lv_calendar.o
    0x0803ca5c   0x0803ca5c   0x0000001c   Data   RO         6142    .constdata          lv_calendar_header_arrow.o
    0x0803ca78   0x0803ca78   0x0000001c   Data   RO         6326    .constdata          lv_calendar_header_dropdown.o
    0x0803ca94   0x0803ca94   0x0000001c   Data   RO         6354    .constdata          lv_chart.o
    0x0803cab0   0x0803cab0   0x0000001c   Data   RO         6703    .constdata          lv_colorwheel.o
    0x0803cacc   0x0803cacc   0x00000392   Data   RO         7402    .constdata          lv_keyboard.o
    0x0803ce5e   0x0803ce5e   0x00000002   PAD
    0x0803ce60   0x0803ce60   0x0000001c   Data   RO         7578    .constdata          lv_led.o
    0x0803ce7c   0x0803ce7c   0x00000054   Data   RO         7927    .constdata          lv_list.o
    0x0803ced0   0x0803ced0   0x0000001c   Data   RO         8111    .constdata          lv_meter.o
    0x0803ceec   0x0803ceec   0x0000001c   Data   RO         8460    .constdata          lv_msgbox.o
    0x0803cf08   0x0803cf08   0x0000001c   Data   RO         9159    .constdata          lv_spinbox.o
    0x0803cf24   0x0803cf24   0x0000001c   Data   RO         9508    .constdata          lv_spinner.o
    0x0803cf40   0x0803cf40   0x0000001c   Data   RO         9858    .constdata          lv_tabview.o
    0x0803cf5c   0x0803cf5c   0x00000038   Data   RO        10208    .constdata          lv_tileview.o
    0x0803cf94   0x0803cf94   0x0000001c   Data   RO        10371    .constdata          lv_win.o
    0x0803cfb0   0x0803cfb0   0x00003540   Data   RO        11545    .constdata          lv_font_montserrat_14.o
    0x080404f0   0x080404f0   0x0000017c   Data   RO        12203    .constdata          lv_color.o
    0x0804066c   0x0804066c   0x000000b6   Data   RO        12281    .constdata          lv_math.o
    0x08040722   0x08040722   0x00000002   PAD
    0x08040724   0x08040724   0x0000001c   Data   RO        12530    .constdata          lv_arc.o
    0x08040740   0x08040740   0x0000001c   Data   RO        12695    .constdata          lv_bar.o
    0x0804075c   0x0804075c   0x0000001c   Data   RO        12795    .constdata          lv_btn.o
    0x08040778   0x08040778   0x0000001c   Data   RO        12819    .constdata          lv_btnmatrix.o
    0x08040794   0x08040794   0x0000001c   Data   RO        12994    .constdata          lv_checkbox.o
    0x080407b0   0x080407b0   0x00000038   Data   RO        13083    .constdata          lv_dropdown.o
    0x080407e8   0x080407e8   0x0000001c   Data   RO        13185    .constdata          lv_img.o
    0x08040804   0x08040804   0x0000001c   Data   RO        13267    .constdata          lv_label.o
    0x08040820   0x08040820   0x0000001c   Data   RO        13359    .constdata          lv_line.o
    0x0804083c   0x0804083c   0x00000038   Data   RO        13384    .constdata          lv_roller.o
    0x08040874   0x08040874   0x0000001c   Data   RO        13464    .constdata          lv_slider.o
    0x08040890   0x08040890   0x0000001c   Data   RO        13534    .constdata          lv_switch.o
    0x080408ac   0x080408ac   0x0000001c   Data   RO        13633    .constdata          lv_table.o
    0x080408c8   0x080408c8   0x0000001c   Data   RO        13729    .constdata          lv_textarea.o
    0x080408e4   0x080408e4   0x00000028   Data   RO        13849    .constdata          c_w.l(_printf_hex_int.o)
    0x0804090c   0x0804090c   0x0000003d   Data   RO            6    .conststring        main.o
    0x08040949   0x08040949   0x00000003   PAD
    0x0804094c   0x0804094c   0x00000079   Data   RO          857    .conststring        touch.o
    0x080409c5   0x080409c5   0x00000003   PAD
    0x080409c8   0x080409c8   0x0000001b   Data   RO         5792    .conststring        lv_calendar.o
    0x080409e3   0x080409e3   0x00000001   PAD
    0x080409e4   0x080409e4   0x00000069   Data   RO         6143    .conststring        lv_calendar_header_arrow.o
    0x08040a4d   0x08040a4d   0x00000003   PAD
    0x08040a50   0x08040a50   0x0000028c   Data   RO         6327    .conststring        lv_calendar_header_dropdown.o
    0x08040cdc   0x08040cdc   0x00000158   Data   RO         7403    .conststring        lv_keyboard.o
    0x08040e34   0x08040e34   0x00000025   Data   RO        12820    .conststring        lv_btnmatrix.o
    0x08040e59   0x08040e59   0x00000003   PAD
    0x08040e5c   0x08040e5c   0x00000020   Data   RO        14142    Region$$Table       anon$$obj.o


    Execution Region RW_IRAM1 (Exec base: 0x20000000, Load base: 0x08040e7c, Size: 0x0001bd30, Max: 0x00020000, ABSOLUTE, COMPRESSED[0x00000108])

    Exec Addr    Load Addr    Size         Type   Attr      Idx    E Section Name        Object

    0x20000000   COMPRESSED   0x00000050   Data   RW            7    .data               main.o
    0x20000050   COMPRESSED   0x00000014   Data   RW          606    .data               system_stm32f4xx.o
    0x20000064   COMPRESSED   0x00000004   Data   RW          654    .data               lcd.o
    0x20000068   COMPRESSED   0x00000001   Data   RW          690    .data               key.o
    0x20000069   COMPRESSED   0x00000001   Data   RW          781    .data               gt9147.o
    0x2000006a   COMPRESSED   0x00000001   Data   RW          809    .data               ott2001a.o
    0x2000006b   COMPRESSED   0x00000001   Data   RW          833    .data               ft5206.o
    0x2000006c   COMPRESSED   0x00000036   Data   RW          858    .data               touch.o
    0x200000a2   COMPRESSED   0x00000004   Data   RW         1134    .data               delay.o
    0x200000a6   COMPRESSED   0x00000002   PAD
    0x200000a8   COMPRESSED   0x00000006   Data   RW         1175    .data               usart.o
    0x200000ae   COMPRESSED   0x00000010   Data   RW         1275    .data               stm32f4xx_rcc.o
    0x200000be   COMPRESSED   0x00000002   PAD
    0x200000c0   COMPRESSED   0x00000004   Data   RW         1355    .data               lv_hal_disp.o
    0x200000c4   COMPRESSED   0x00000005   Data   RW         1655    .data               lv_hal_tick.o
    0x200000c9   COMPRESSED   0x00000003   PAD
    0x200000cc   COMPRESSED   0x00000008   Data   RW         1843    .data               lv_event.o
    0x200000d4   COMPRESSED   0x00000004   Data   RW         1967    .data               lv_group.o
    0x200000d8   COMPRESSED   0x00000009   Data   RW         2123    .data               lv_indev.o
    0x200000e1   COMPRESSED   0x00000003   PAD
    0x200000e4   COMPRESSED   0x00000008   Data   RW         2263    .data               lv_obj.o
    0x200000ec   COMPRESSED   0x00000005   Data   RW         2509    .data               lv_obj_pos.o
    0x200000f1   COMPRESSED   0x00000001   Data   RW         2705    .data               lv_obj_style.o
    0x200000f2   COMPRESSED   0x00000002   PAD
    0x200000f4   COMPRESSED   0x00000008   Data   RW         2859    .data               lv_refr.o
    0x200000fc   COMPRESSED   0x00000008   Data   RW         3527    .data               lv_draw_label.o
    0x20000104   COMPRESSED   0x0000000e   Data   RW         4041    .data               lv_flex.o
    0x20000112   COMPRESSED   0x00000002   PAD
    0x20000114   COMPRESSED   0x00000018   Data   RW         4210    .data               lv_grid.o
    0x2000012c   COMPRESSED   0x00000020   Data   RW         4735    .data               lv_theme_default.o
    0x2000014c   COMPRESSED   0x0000001c   Data   RW         5793    .data               lv_calendar.o
    0x20000168   COMPRESSED   0x00000036   Data   RW         6144    .data               lv_calendar_header_arrow.o
    0x2000019e   COMPRESSED   0x00000002   PAD
    0x200001a0   COMPRESSED   0x0000000c   Data   RW         6328    .data               lv_calendar_header_dropdown.o
    0x200001ac   COMPRESSED   0x00000007   Data   RW         6704    .data               lv_colorwheel.o
    0x200001b3   COMPRESSED   0x00000001   PAD
    0x200001b4   COMPRESSED   0x00000028   Data   RW         7404    .data               lv_keyboard.o
    0x200001dc   COMPRESSED   0x00000008   Data   RW         9509    .data               lv_spinner.o
    0x200001e4   COMPRESSED   0x00000004   Data   RW         9859    .data               lv_tabview.o
    0x200001e8   COMPRESSED   0x0000000c   Data   RW        10209    .data               lv_tileview.o
    0x200001f4   COMPRESSED   0x00000002   Data   RW        10372    .data               lv_win.o
    0x200001f6   COMPRESSED   0x00000002   PAD
    0x200001f8   COMPRESSED   0x00000008   Data   RW        11546    .data               lv_font_montserrat_14.o
    0x20000200   COMPRESSED   0x0000000c   Data   RW        12060    .data               lv_anim.o
    0x2000020c   COMPRESSED   0x0000000c   Data   RW        12245    .data               lv_gc.o
    0x20000218   COMPRESSED   0x00000004   Data   RW        12282    .data               lv_math.o
    0x2000021c   COMPRESSED   0x00000008   Data   RW        12297    .data               lv_mem.o
    0x20000224   COMPRESSED   0x00000002   Data   RW        12329    .data               lv_style.o
    0x20000226   COMPRESSED   0x00000002   PAD
    0x20000228   COMPRESSED   0x00000014   Data   RW        12393    .data               lv_timer.o
    0x2000023c   COMPRESSED   0x00000020   Data   RW        12422    .data               lv_txt.o
    0x2000025c   COMPRESSED   0x0000001c   Data   RW        12821    .data               lv_btnmatrix.o
    0x20000278   COMPRESSED   0x00000004   Data   RW        13730    .data               lv_textarea.o
    0x2000027c        -       0x00012ca4   Zero   RW            4    .bss                main.o
    0x20012f20        -       0x0000000e   Zero   RW          652    .bss                lcd.o
    0x20012f2e        -       0x000000c8   Zero   RW         1174    .bss                usart.o
    0x20012ff6        -       0x00000100   Zero   RW         3525    .bss                lv_draw_label.o
    0x200130f6   COMPRESSED   0x00000002   PAD
    0x200130f8        -       0x0000004c   Zero   RW         4733    .bss                lv_theme_default.o
    0x20013144        -       0x0000018c   Zero   RW        12244    .bss                lv_gc.o
    0x200132d0        -       0x00008000   Zero   RW        12296    .bss                lv_mem.o
    0x2001b2d0        -       0x00000060   Zero   RW        14004    .bss                c_w.l(libspace.o)
    0x2001b330        -       0x00000200   Zero   RW         1203    HEAP                startup_stm32f40_41xxx.o
    0x2001b530        -       0x00000800   Zero   RW         1202    STACK               startup_stm32f40_41xxx.o


==============================================================================

Image component sizes


      Code (inc. data)   RO Data    RW Data    ZI Data      Debug   Object Name

       378          0          0          0          0       2838   24cxx.o
       596         24          0          0          0       2093   ctiic.o
       260          8          0          4          0       1501   delay.o
       812         40         10          1          0       2567   ft5206.o
      1072         78        194          1          0       3106   gt9147.o
       260         12          0          1          0        888   key.o
     19584        174       6080          4         14      22922   lcd.o
        64          4          0          0          0        535   led.o
      1538         24          0         12          0      25550   lv_anim.o
      5252          8         28          0          0      67401   lv_arc.o
      2028         22          0          0          0       8909   lv_area.o
        88          4          0          0          0       2600   lv_async.o
      2692         24         28          0          0      50550   lv_bar.o
         0          0          0          0          0       4599   lv_bidi.o
        56          6         28          0          0       1467   lv_btn.o
      5010         18         65         28          0      47784   lv_btnmatrix.o
      1352         24         55         28          0      51656   lv_calendar.o
       724         36        133         54          0      53011   lv_calendar_header_arrow.o
       596         24        680         12          0       3429   lv_calendar_header_dropdown.o
         0          0          0          0          0       3908   lv_canvas.o
     10128         16         28          0          0      81341   lv_chart.o
      1382         16         28          0          0      40967   lv_checkbox.o
      1292         18        380          0          0      11140   lv_color.o
      3624         28         28          7          0      67244   lv_colorwheel.o
      1436         32          0          0          0      46478   lv_disp.o
      4144          0          0          0          0      29927   lv_draw_arc.o
      4380         10          0          0          0      50195   lv_draw_blend.o
      2624         46          0          0          0      45983   lv_draw_img.o
      2780         48        286          8        256      28347   lv_draw_label.o
      3022          4         33          0          0      41689   lv_draw_line.o
      5620         28          0          0          0      26046   lv_draw_mask.o
      9448          4          0          0          0      51613   lv_draw_rect.o
         0          0          0          0          0       2440   lv_draw_triangle.o
      4716         56         56          0          0      51195   lv_dropdown.o
      1416         30          0          8          0      45011   lv_event.o
        12          0          0          0          0        524   lv_extra.o
      3844         88          0         14          0      63760   lv_flex.o
        80          0          0          0          0       5557   lv_font.o
         0          0          0          0          0       4400   lv_font_dejavu_16_persian_hebrew.o
       968         12          0          0          0       7813   lv_font_fmt_txt.o
         0          0      13632          8          0       2364   lv_font_montserrat_14.o
       996         10          0          0          0      11843   lv_fs.o
       172         56          0         12        396       1955   lv_gc.o
      3908        108          0         24          0      70380   lv_grid.o
      1502         24          0          4          0      46487   lv_group.o
      1152         24          0          4          0      45858   lv_hal_disp.o
       236          8          0          0          0      35723   lv_hal_indev.o
        76         10          0          5          0       1644   lv_hal_tick.o
      3592         10         28          0          0      45875   lv_img.o
      4548         34          0          0          0      20713   lv_img_buf.o
        92          6          0          0          0       6331   lv_img_cache.o
      2544         32          0          0          0      21369   lv_img_decoder.o
      4512         42          0          9          0      23600   lv_indev.o
      3370          4          0          0          0      42954   lv_indev_scroll.o
       916         64       1258         40          0      46910   lv_keyboard.o
      5620         76         28          0          0      56488   lv_label.o
      1016          6         28          0          0      46654   lv_led.o
       640          4         28          0          0      12506   lv_line.o
         0          0         84          0          0      40988   lv_list.o
       834          0          0          0          0       5823   lv_ll.o
       580         10        182          4          0       3633   lv_math.o
      1664         24          0          8      32768       6723   lv_mem.o
      4116         14         28          0          0      71806   lv_meter.o
       816         22         28          0          0      55960   lv_msgbox.o
      3736         34         28          8          0      52365   lv_obj.o
       534          0          0          0          0       2992   lv_obj_class.o
      2336          0          0          0          0      56357   lv_obj_draw.o
      5848         52          8          5          0      57348   lv_obj_pos.o
      4976         44          0          0          0      53024   lv_obj_scroll.o
      4636         46          0          1          0      53257   lv_obj_style.o
      2400          0          0          0          0      41059   lv_obj_style_gen.o
      1508          8          0          0          0      14719   lv_obj_tree.o
      2340         10          0          0          0       8055   lv_printf.o
      3496         20          0          8          0      10519   lv_refr.o
      3424         84         56          0          0      46557   lv_roller.o
      2996          6         28          0          0      31912   lv_slider.o
      1452         20         28          0          0      50989   lv_spinbox.o
       244         24         28          8          0      45238   lv_spinner.o
      1108         14          0          2          0      20081   lv_style.o
      2004          0          0          0          0      33656   lv_style_gen.o
       864          4         28          0          0      38285   lv_switch.o
      4756         12         28          0          0      52367   lv_table.o
      1376         36         28          4          0      57774   lv_tabview.o
      5836        120         28          4          0      60151   lv_textarea.o
       256          8          0          0          0      43901   lv_theme.o
     10476        422         22         32         76      53998   lv_theme_default.o
       656         24         56         12          0      44796   lv_tileview.o
       680         42          0         20          0       5381   lv_timer.o
      3310         10          0          0          0      19466   lv_tlsf.o
      2188         34          0         32          0      13655   lv_txt.o
        84          0          0          0          0        956   lv_utils.o
       316          8         28          2          0      44843   lv_win.o
      1776        142         71         80      76964     337601   main.o
       224         20          0          0          0       1837   misc.o
       604         14          0          0          0       1928   myiic.o
       904         66         10          1          0       2779   ott2001a.o
        64         26        392          0       2560        840   startup_stm32f40_41xxx.o
      1480         18         28          0          0       5678   stm32f4xx_fsmc.o
       660         44          0          0          0       4177   stm32f4xx_gpio.o
        26          0          0          0          0       1230   stm32f4xx_it.o
      1628         52          0         16          0      13064   stm32f4xx_rcc.o
      3234         60          0          0          0      23032   stm32f4xx_tim.o
      1108         34          0          0          0       7900   stm32f4xx_usart.o
       528         46          0         20          0       1807   system_stm32f4xx.o
       124          4          0          0          0       1360   timer.o
      4320        228        125         54          0       6897   touch.o
       328         16          0          6        200       3330   usart.o

    ----------------------------------------------------------------------
    237048       3406      24536        636     113236    3210732   Object Totals
         0          0         32          0          0          0   (incl. Generated)
        24          0         20         21          2          0   (incl. Padding)

    ----------------------------------------------------------------------

      Code (inc. data)   RO Data    RW Data    ZI Data      Debug   Library Member Name

        90          0          0          0          0          0   __dczerorl2.o
         8          0          0          0          0         68   __main.o
       104          0          0          0          0         84   __printf.o
         0          0          0          0          0          0   __rtentry.o
        12          0          0          0          0          0   __rtentry2.o
         6          0          0          0          0          0   __rtentry4.o
        52          8          0          0          0          0   __scatter.o
        28          0          0          0          0          0   __scatter_zi.o
        44          0          0          0          0        108   _printf_char.o
        48          6          0          0          0         96   _printf_char_common.o
        36          4          0          0          0         80   _printf_char_file.o
         6          0          0          0          0          0   _printf_d.o
       120         16          0          0          0         92   _printf_dec.o
        88          4         40          0          0         88   _printf_hex_int.o
       178          0          0          0          0         88   _printf_intcommon.o
         0          0          0          0          0          0   _printf_percent.o
         4          0          0          0          0          0   _printf_percent_end.o
         6          0          0          0          0          0   _printf_s.o
        82          0          0          0          0         80   _printf_str.o
         6          0          0          0          0          0   _printf_x.o
        22          0          0          0          0        100   _rserrno.o
        10          0          0          0          0         68   _sputc.o
        18          0          0          0          0         80   exit.o
         8          0          0          0          0         68   ferror.o
         6          0          0          0          0        152   heapauxi.o
         2          0          0          0          0          0   libinit.o
         6          0          0          0          0          0   libinit2.o
         2          0          0          0          0          0   libshutdown.o
         2          0          0          0          0          0   libshutdown2.o
         8          4          0          0         96         68   libspace.o
       238          0          0          0          0        100   lludivv7m.o
        24          4          0          0          0         84   noretval__2printf.o
        40          6          0          0          0         84   noretval__2sprintf.o
         8          4          0          0          0         68   rt_errno_addr_intlibspace.o
         2          0          0          0          0          0   rtexit.o
        10          0          0          0          0          0   rtexit2.o
        24          0          0          0          0         68   strcat.o
       128          0          0          0          0         68   strcmpv7m.o
        72          0          0          0          0         80   strcpy.o
        62          0          0          0          0         76   strlen.o
        74          0          0          0          0         80   sys_stackheap_outer.o
         2          0          0          0          0         68   use_no_semi.o
         2          0          0          0          0         68   use_no_semi_2.o
       826         16          0          0          0        492   daddsub_clz.o
        24          0          0          0          0        116   dcmpi.o
        90          4          0          0          0        140   dfixu.o
        84          0          0          0          0        232   dflt_clz.o
       120          4          0          0          0        140   dleqf.o
       340         12          0          0          0        152   dmul.o
       156          4          0          0          0        140   dnaninf.o
        12          0          0          0          0        116   dretinf.o
       108          0          0          0          0        128   drleqf.o
       408         56          0          0          0        168   dsqrt_umaal.o
        86          4          0          0          0        132   f2d.o
       140          4          0          0          0        132   fnaninf.o
        10          0          0          0          0        116   fpinit.o
         0          0          0          0          0          0   usenofp.o
       122          0          0          0          0        148   sqrt.o

    ----------------------------------------------------------------------
      4228        160         40          0         96       4516   Library Totals
        14          0          0          0          0          0   (incl. Padding)

    ----------------------------------------------------------------------

      Code (inc. data)   RO Data    RW Data    ZI Data      Debug   Library Name

      1688         56         40          0         96       2164   c_w.l
      2404        104          0          0          0       2204   fz_wm.l
       122          0          0          0          0        148   m_wm.l

    ----------------------------------------------------------------------
      4228        160         40          0         96       4516   Library Totals

    ----------------------------------------------------------------------

==============================================================================


      Code (inc. data)   RO Data    RW Data    ZI Data      Debug   

    241276       3566      24576        636     113332    3192204   Grand Totals
    241276       3566      24576        264     113332    3192204   ELF Image Totals (compressed)
    241276       3566      24576        264          0          0   ROM Totals

==============================================================================

    Total RO  Size (Code + RO Data)               265852 ( 259.62kB)
    Total RW  Size (RW Data + ZI Data)            113968 ( 111.30kB)
    Total ROM Size (Code + RO Data + RW Data)     266116 ( 259.88kB)

==============================================================================

